 handmade

 Timestamp is 65dfb277 (Wed Feb 28 19:23:51 2024)

 Preferred load address is 0000000180000000

 Start         Length     Name                   Class
 0001:00000000 0003f830H .text$mn                CODE
 0001:0003f830 00000040H .text$mn$00             CODE
 0001:0003f870 00000a70H .text$mn$21             CODE
 0001:000402e0 000006adH .text$x                 CODE
 0002:00000000 00000268H .idata$5                DATA
 0002:00000268 00000038H .00cfg                  DATA
 0002:000002a0 00000008H .CRT$XCA                DATA
 0002:000002a8 00000008H .CRT$XCZ                DATA
 0002:000002b0 00000008H .CRT$XIA                DATA
 0002:000002b8 00000018H .CRT$XIC                DATA
 0002:000002d0 00000008H .CRT$XIZ                DATA
 0002:000002d8 00000008H .CRT$XPA                DATA
 0002:000002e0 00000010H .CRT$XPX                DATA
 0002:000002f0 00000008H .CRT$XPXA               DATA
 0002:000002f8 00000008H .CRT$XPZ                DATA
 0002:00000300 00000008H .CRT$XTA                DATA
 0002:00000308 00000008H .CRT$XTZ                DATA
 0002:00000310 00000000H .gehcont$y              DATA
 0002:00000310 00000000H .gfids$y                DATA
 0002:00000310 00010aa0H .rdata                  DATA
 0002:00010db0 000001d0H .rdata$00               DATA
 0002:00010f80 00000000H .rdata$CastGuardVftablesA DATA
 0002:00010f80 00000000H .rdata$CastGuardVftablesC DATA
 0002:00010f80 0000016cH .rdata$r                DATA
 0002:000110ec 000003f4H .rdata$voltmd           DATA
 0002:000114e0 00000370H .rdata$zzzdbg           DATA
 0002:00011850 00000008H .rtc$IAA                DATA
 0002:00011858 00000008H .rtc$IZZ                DATA
 0002:00011860 00000008H .rtc$TAA                DATA
 0002:00011868 00000008H .rtc$TZZ                DATA
 0002:00011870 00001358H .xdata                  DATA
 0002:00012bc8 00000088H .xdata$x                DATA
 0002:00012c50 00000074H .edata                  DATA
 0002:00012cc4 00000014H .idata$2                DATA
 0002:00012cd8 00000018H .idata$3                DATA
 0002:00012cf0 00000268H .idata$4                DATA
 0002:00012f58 0000058cH .idata$6                DATA
 0003:00000000 00004a60H .data                   DATA
 0003:00004a60 00000050H .data$r                 DATA
 0003:00004ab0 00000020H .data$rs                DATA
 0003:00004ad0 00001848H .bss                    DATA
 0004:00000000 000031d4H .pdata                  DATA
 0005:00000000 000001f4H _RDATA                  DATA

  Address         Publics by Value              Rva+Base               Lib:Object

 0000:00000000       __AbsoluteZero             0000000000000000     <absolute>
 0000:00000000       ___safe_se_handler_count   0000000000000000     <absolute>
 0000:00000000       ___safe_se_handler_table   0000000000000000     <absolute>
 0000:00000000       __arm64x_extra_rfe_table   0000000000000000     <absolute>
 0000:00000000       __arm64x_extra_rfe_table_size 0000000000000000     <absolute>
 0000:00000000       __arm64x_native_entrypoint 0000000000000000     <absolute>
 0000:00000000       __arm64x_redirection_metadata 0000000000000000     <absolute>
 0000:00000000       __arm64x_redirection_metadata_count 0000000000000000     <absolute>
 0000:00000000       __dynamic_value_reloc_table 0000000000000000     <absolute>
 0000:00000000       __enclave_config           0000000000000000     <absolute>
 0000:00000000       __guard_check_icall_a64n_fptr 0000000000000000     <absolute>
 0000:00000000       __guard_eh_cont_count      0000000000000000     <absolute>
 0000:00000000       __guard_eh_cont_table      0000000000000000     <absolute>
 0000:00000000       __guard_fids_count         0000000000000000     <absolute>
 0000:00000000       __guard_fids_table         0000000000000000     <absolute>
 0000:00000000       __guard_iat_count          0000000000000000     <absolute>
 0000:00000000       __guard_iat_table          0000000000000000     <absolute>
 0000:00000000       __guard_longjmp_count      0000000000000000     <absolute>
 0000:00000000       __guard_longjmp_table      0000000000000000     <absolute>
 0000:00000000       __hybrid_auxiliary_delayload_iat 0000000000000000     <absolute>
 0000:00000000       __hybrid_auxiliary_delayload_iat_copy 0000000000000000     <absolute>
 0000:00000000       __hybrid_auxiliary_iat     0000000000000000     <absolute>
 0000:00000000       __hybrid_auxiliary_iat_copy 0000000000000000     <absolute>
 0000:00000000       __hybrid_code_map          0000000000000000     <absolute>
 0000:00000000       __hybrid_code_map_count    0000000000000000     <absolute>
 0000:00000000       __hybrid_image_info_bitfield 0000000000000000     <absolute>
 0000:00000000       __x64_code_ranges_to_entry_points 0000000000000000     <absolute>
 0000:00000000       __x64_code_ranges_to_entry_points_count 0000000000000000     <absolute>
 0000:00000100       __guard_flags              0000000000000100     <absolute>
 0000:00000000       __ImageBase                0000000180000000     <linker-defined>
 0001:00000040       ?PushSize_@@YAPEAXPEAUmemory_arena@@_K@Z 0000000180001040 f   handmade.obj
 0001:00001c10       GameUpdateAndRender        0000000180002c10 f   handmade.obj
 0001:000030f0       GameGetSoundSamples        00000001800040f0 f   handmade.obj
 0001:00003130       ??D@YA?ATv2@@MT0@@Z        0000000180004130 f i handmade.obj
 0001:00003190       ??D@YA?ATv2@@T0@M@Z        0000000180004190 f i handmade.obj
 0001:000031f0       ??G@YA?ATv2@@T0@0@Z        00000001800041f0 f i handmade.obj
 0001:00003250       ??G@YA?ATv2@@T0@@Z         0000000180004250 f i handmade.obj
 0001:000032b0       ??H@YA?ATv2@@T0@0@Z        00000001800042b0 f i handmade.obj
 0001:00003310       ??X@YAAEATv2@@AEAT0@M@Z    0000000180004310 f i handmade.obj
 0001:00003370       ??Y@YAAEATv2@@AEAT0@T0@@Z  0000000180004370 f i handmade.obj
 0001:000033d0       ?AbsoluteValue@@YAMM@Z     00000001800043d0 f i handmade.obj
 0001:00003400       ?FindLeastSignificantSetBit@@YA?AUbit_scan_result@@I@Z 0000000180004400 f i handmade.obj
 0001:00003440       ?GetHighEntity@@YA?AUentity@@PEAUgame_state@@I@Z 0000000180004440 f i handmade.obj
 0001:000034d0       ?GetLowEntity@@YAPEAUlow_entity@@PEAUgame_state@@I@Z 00000001800044d0 f i handmade.obj
 0001:00003520       ?Inner@@YAMTv2@@0@Z        0000000180004520 f i handmade.obj
 0001:00003560       ?IsInRectangle@@YAHUrectangle2@@Tv2@@@Z 0000000180004560 f i handmade.obj
 0001:000035e0       ?LengthSq@@YAMTv2@@@Z      00000001800045e0 f i handmade.obj
 0001:00003610       ?MakeEntityHighFrequency@@YAPEAUhigh_entity@@PEAUgame_state@@I@Z 0000000180004610 f i handmade.obj
 0001:000037e0       ?MakeEntityLowFerquency@@YAXPEAUgame_state@@I@Z 00000001800047e0 f i handmade.obj
 0001:000038c0       ?MapIntoTileSpace@@YA?AUworld_position@@PEAUworld@@U1@Tv2@@@Z 00000001800048c0 f i handmade.obj
 0001:00003970       ?OffsetAndCheckFrequencyByArea@@YAXPEAUgame_state@@Tv2@@Urectangle2@@@Z 0000000180004970 f i handmade.obj
 0001:00003a20       ?RecanonicalizeCoord@@YAXPEAUworld@@PEAHPEAM@Z 0000000180004a20 f i handmade.obj
 0001:00003ae0       ?RectCenterDim@@YA?AUrectangle2@@Tv2@@0@Z 0000000180004ae0 f i handmade.obj
 0001:00003ba0       ?RectCenterHalfDim@@YA?AUrectangle2@@Tv2@@0@Z 0000000180004ba0 f i handmade.obj
 0001:00003c40       ?RotateLeft@@YAIIH@Z       0000000180004c40 f i handmade.obj
 0001:00003c70       ?RoundReal32ToInt32@@YAHM@Z 0000000180004c70 f i handmade.obj
 0001:00003ca0       ?RoundReal32ToUInt32@@YAIM@Z 0000000180004ca0 f i handmade.obj
 0001:00003cd0       ?Square@@YAMM@Z            0000000180004cd0 f i handmade.obj
 0001:00003d00       ?SquareRoot@@YAMM@Z        0000000180004d00 f i handmade.obj
 0001:00003d30       ?Subtract@@YA?AUworld_difference@@PEAUworld@@PEAUworld_position@@1@Z 0000000180004d30 f i handmade.obj
 0001:00003e70       ?V2@@YA?ATv2@@MM@Z         0000000180004e70 f i handmade.obj
 0001:00003ec0       GetController              0000000180004ec0 f i handmade.obj
 0001:00003f10       __GSHandlerCheck           0000000180004f10 f   LIBCMTD:gshandler.obj
 0001:00003f50       __GSHandlerCheckCommon     0000000180004f50 f   LIBCMTD:gshandler.obj
 0001:00004060       __security_check_cookie    0000000180005060 f   LIBCMTD:amdsecgs.obj
 0001:00004490       _DllMainCRTStartup         0000000180005490 f   LIBCMTD:dll_dllmain.obj
 0001:000044d0       __raise_securityfailure    00000001800054d0 f   LIBCMTD:gs_report.obj
 0001:00004510       __report_gsfailure         0000000180005510 f   LIBCMTD:gs_report.obj
 0001:000045f0       __report_rangecheckfailure 00000001800055f0 f   LIBCMTD:gs_report.obj
 0001:00004610       __report_securityfailure   0000000180005610 f   LIBCMTD:gs_report.obj
 0001:000048d0       __security_init_cookie     00000001800058d0 f   LIBCMTD:gs_support.obj
 0001:00004950       DllMain                    0000000180005950 f   LIBCMTD:dll_dllmain_stub.obj
 0001:00004970       ?__scrt_initialize_type_info@@YAXXZ 0000000180005970 f   LIBCMTD:tncleanup.obj
 0001:00004990       ?__scrt_uninitialize_type_info@@YAXXZ 0000000180005990 f   LIBCMTD:tncleanup.obj
 0001:000049b0       __local_stdio_printf_options 00000001800059b0 f i LIBCMTD:default_local_stdio_options.obj
 0001:000049c0       __local_stdio_scanf_options 00000001800059c0 f i LIBCMTD:default_local_stdio_options.obj
 0001:000049d0       __scrt_initialize_default_local_stdio_options 00000001800059d0 f   LIBCMTD:default_local_stdio_options.obj
 0001:00004a20       ?configure_argv@__scrt_narrow_argv_policy@@SAHXZ 0000000180005a20 f i LIBCMTD:utility.obj
 0001:00004b10       ?initialize_environment@__scrt_narrow_environment_policy@@SAHXZ 0000000180005b10 f i LIBCMTD:utility.obj
 0001:00004bb0       NtCurrentTeb               0000000180005bb0 f i LIBCMTD:utility.obj
 0001:00004bc0       __scrt_acquire_startup_lock 0000000180005bc0 f   LIBCMTD:utility.obj
 0001:00004c30       __scrt_dllmain_after_initialize_c 0000000180005c30 f   LIBCMTD:utility.obj
 0001:00004c60       __scrt_dllmain_before_initialize_c 0000000180005c60 f   LIBCMTD:utility.obj
 0001:00004c80       __scrt_dllmain_crt_thread_attach 0000000180005c80 f   LIBCMTD:utility.obj
 0001:00004cb0       __scrt_dllmain_crt_thread_detach 0000000180005cb0 f   LIBCMTD:utility.obj
 0001:00004cd0       __scrt_dllmain_exception_filter 0000000180005cd0 f   LIBCMTD:utility.obj
 0001:00004d40       __scrt_dllmain_uninitialize_c 0000000180005d40 f   LIBCMTD:utility.obj
 0001:00004d70       __scrt_dllmain_uninitialize_critical 0000000180005d70 f   LIBCMTD:utility.obj
 0001:00004d90       __scrt_initialize_crt      0000000180005d90 f   LIBCMTD:utility.obj
 0001:00004de0       __scrt_initialize_onexit_tables 0000000180005de0 f   LIBCMTD:utility.obj
 0001:00004ef0       __scrt_is_nonwritable_in_current_image 0000000180005ef0 f   LIBCMTD:utility.obj
 0001:00004f80       __scrt_release_startup_lock 0000000180005f80 f   LIBCMTD:utility.obj
 0001:00004fb0       __scrt_uninitialize_crt    0000000180005fb0 f   LIBCMTD:utility.obj
 0001:00004ff0       __scrt_get_dyn_tls_init_callback 0000000180005ff0 f   LIBCMTD:dyn_tls_init.obj
 0001:00005000       __crt_debugger_hook        0000000180006000 f   LIBCMTD:utility_desktop.obj
 0001:00005010       __scrt_fastfail            0000000180006010 f   LIBCMTD:utility_desktop.obj
 0001:000051b0       _RTC_Initialize            00000001800061b0 f   LIBCMTD:initsect.obj
 0001:00005200       _RTC_Terminate             0000000180006200 f   LIBCMTD:initsect.obj
 0001:00005250       ??1?$__crt_simd_cleanup_guard@$0A@@@QEAA@XZ 0000000180006250 f i libucrtd:strnlen.obj
 0001:00005250       ??1scoped_global_state_reset@__crt_state_management@@QEAA@XZ 0000000180006250 f i libucrtd:onexit.obj
 0001:00005250       _guard_check_icall_nop     0000000180006250 f i LIBCMTD:guard_support.obj
 0001:00005260       ReadNoFence64              0000000180006260 f i LIBCMTD:guard_support.obj
 0001:00005280       ReadPointerNoFence         0000000180006280 f i LIBCMTD:guard_support.obj
 0001:000052a0       _guard_icall_checks_enforced 00000001800062a0 f i LIBCMTD:guard_support.obj
 0001:000052e0       __isa_available_init       00000001800062e0 f   LIBCMTD:cpu_disp.obj
 0001:00005690       _get_startup_argv_mode     0000000180006690 f   LIBCMTD:argv_mode.obj
 0001:000056a0       __scrt_is_ucrt_dll_in_use  00000001800066a0 f   LIBCMTD:ucrt_detection.obj
 0001:000056d0       __C_specific_handler       00000001800066d0 f   libvcruntimed:riscchandler.obj
 0001:00005b40       ??$?RD@__crt_internal_free_policy@@QEBAXQEBD@Z 0000000180006b40 f i libvcruntimed:std_type_info.obj
 0001:00005b40       ??$?RE@__crt_internal_free_policy@@QEBAXQEBE@Z 0000000180006b40 f i libucrtd:argv_parsing.obj
 0001:00005b40       ??$?RPEAD@__crt_internal_free_policy@@QEBAXQEBQEAD@Z 0000000180006b40 f i libucrtd:argv_parsing.obj
 0001:00005b40       ??$?RPEAU__crt_stdio_stream_data@@@__crt_internal_free_policy@@QEBAXQEBQEAU__crt_stdio_stream_data@@@Z 0000000180006b40 f i libucrtd:_file.obj
 0001:00005b40       ??$?RU__acrt_ptd@@@__crt_internal_free_policy@@QEBAXQEBU__acrt_ptd@@@Z 0000000180006b40 f i libucrtd:per_thread_data.obj
 0001:00005b40       ??$?RU__crt_lowio_handle_data@@@__crt_internal_free_policy@@QEBAXQEBU__crt_lowio_handle_data@@@Z 0000000180006b40 f i libucrtd:osfinfo.obj
 0001:00005b40       ??$?RU__crt_multibyte_data@@@__crt_internal_free_policy@@QEBAXQEBU__crt_multibyte_data@@@Z 0000000180006b40 f i libucrtd:mbctype.obj
 0001:00005b40       ??$?RU__vcrt_ptd@@@__crt_internal_free_policy@@QEBAXQEBU__vcrt_ptd@@@Z 0000000180006b40 f i libvcruntimed:per_thread_data.obj
 0001:00005b70       ??0?$__crt_scoped_stack_ptr@_W@@QEAA@U?$__crt_scoped_stack_ptr_tag@_W@@@Z 0000000180006b70 f i libucrtd:getstringtypea.obj
 0001:00005b70       ??0?$__crt_scoped_stack_ptr_tag@_W@@QEAA@QEA_W@Z 0000000180006b70 f i libucrtd:getstringtypea.obj
 0001:00005b70       ??0?$__crt_unique_handle_t@U__crt_findfile_traits@@@@QEAA@QEAX@Z 0000000180006b70 f i libucrtd:argv_wildcards.obj
 0001:00005b70       ??0?$__crt_unique_handle_t@U__crt_hmodule_traits@@@@QEAA@QEAUHINSTANCE__@@@Z 0000000180006b70 f i libucrtd:exit.obj
 0001:00005b70       ??0?$__crt_unique_heap_ptr@DU__crt_internal_free_policy@@@@QEAA@QEAD@Z 0000000180006b70 f i libvcruntimed:std_type_info.obj
 0001:00005b70       ??0?$__crt_unique_heap_ptr@DU__crt_public_free_policy@@@@QEAA@QEAD@Z 0000000180006b70 f i libvcruntimed:std_exception.obj
 0001:00005b70       ??0?$__crt_unique_heap_ptr@EU__crt_internal_free_policy@@@@QEAA@QEAE@Z 0000000180006b70 f i libucrtd:argv_parsing.obj
 0001:00005b70       ??0?$__crt_unique_heap_ptr@PEADU__crt_internal_free_policy@@@@QEAA@QEAPEAD@Z 0000000180006b70 f i libucrtd:argv_parsing.obj
 0001:00005b70       ??0?$__crt_unique_heap_ptr@PEAU__crt_stdio_stream_data@@U__crt_internal_free_policy@@@@QEAA@QEAPEAU__crt_stdio_stream_data@@@Z 0000000180006b70 f i libucrtd:_file.obj
 0001:00005b70       ??0?$__crt_unique_heap_ptr@U__acrt_ptd@@U__crt_internal_free_policy@@@@QEAA@QEAU__acrt_ptd@@@Z 0000000180006b70 f i libucrtd:per_thread_data.obj
 0001:00005b70       ??0?$__crt_unique_heap_ptr@U__crt_lowio_handle_data@@U__crt_internal_free_policy@@@@QEAA@QEAU__crt_lowio_handle_data@@@Z 0000000180006b70 f i libucrtd:osfinfo.obj
 0001:00005b70       ??0?$__crt_unique_heap_ptr@U__crt_multibyte_data@@U__crt_internal_free_policy@@@@QEAA@QEAU__crt_multibyte_data@@@Z 0000000180006b70 f i libucrtd:mbctype.obj
 0001:00005b70       ??0?$__crt_unique_heap_ptr@U__vcrt_ptd@@U__crt_internal_free_policy@@@@QEAA@QEAU__vcrt_ptd@@@Z 0000000180006b70 f i libvcruntimed:per_thread_data.obj
 0001:00005b70       ??0?$string_output_adapter@D@__crt_stdio_output@@QEAA@QEAU?$string_output_adapter_context@D@1@@Z 0000000180006b70 f i libucrtd:output.obj
 0001:00005b70       ??0?$string_output_adapter@_W@__crt_stdio_output@@QEAA@QEAU?$string_output_adapter_context@_W@1@@Z 0000000180006b70 f i libucrtd:output.obj
 0001:00005b70       ??0__crt_stdio_stream@@QEAA@QEAU__crt_stdio_stream_data@@@Z 0000000180006b70 f i libucrtd:fflush.obj
 0001:00005b70       ??0__crt_stdio_stream@@QEAA@QEAU_iobuf@@@Z 0000000180006b70 f i libucrtd:output.obj
 0001:00005b90       ??1?$__crt_unique_heap_ptr@DU__crt_internal_free_policy@@@@QEAA@XZ 0000000180006b90 f i libvcruntimed:std_type_info.obj
 0001:00005b90       ??1?$__crt_unique_heap_ptr@EU__crt_internal_free_policy@@@@QEAA@XZ 0000000180006b90 f i libucrtd:argv_parsing.obj
 0001:00005b90       ??1?$__crt_unique_heap_ptr@PEADU__crt_internal_free_policy@@@@QEAA@XZ 0000000180006b90 f i libucrtd:argv_parsing.obj
 0001:00005b90       ??1?$__crt_unique_heap_ptr@PEAU__crt_stdio_stream_data@@U__crt_internal_free_policy@@@@QEAA@XZ 0000000180006b90 f i libucrtd:_file.obj
 0001:00005b90       ??1?$__crt_unique_heap_ptr@U__acrt_ptd@@U__crt_internal_free_policy@@@@QEAA@XZ 0000000180006b90 f i libucrtd:per_thread_data.obj
 0001:00005b90       ??1?$__crt_unique_heap_ptr@U__crt_lowio_handle_data@@U__crt_internal_free_policy@@@@QEAA@XZ 0000000180006b90 f i libucrtd:osfinfo.obj
 0001:00005b90       ??1?$__crt_unique_heap_ptr@U__crt_multibyte_data@@U__crt_internal_free_policy@@@@QEAA@XZ 0000000180006b90 f i libucrtd:mbctype.obj
 0001:00005b90       ??1?$__crt_unique_heap_ptr@U__vcrt_ptd@@U__crt_internal_free_policy@@@@QEAA@XZ 0000000180006b90 f i libvcruntimed:per_thread_data.obj
 0001:00005bb0       ??B?$__crt_unique_heap_ptr@DU__crt_internal_free_policy@@@@QEBA_NXZ 0000000180006bb0 f i libvcruntimed:std_type_info.obj
 0001:00005bb0       ??B?$__crt_unique_heap_ptr@DU__crt_public_free_policy@@@@QEBA_NXZ 0000000180006bb0 f i libvcruntimed:std_exception.obj
 0001:00005bb0       ??B?$__crt_unique_heap_ptr@EU__crt_internal_free_policy@@@@QEBA_NXZ 0000000180006bb0 f i libucrtd:argv_parsing.obj
 0001:00005bb0       ??B?$__crt_unique_heap_ptr@PEADU__crt_internal_free_policy@@@@QEBA_NXZ 0000000180006bb0 f i libucrtd:environment_initialization.obj
 0001:00005bb0       ??B?$__crt_unique_heap_ptr@U__acrt_ptd@@U__crt_internal_free_policy@@@@QEBA_NXZ 0000000180006bb0 f i libucrtd:per_thread_data.obj
 0001:00005bb0       ??B?$__crt_unique_heap_ptr@U__crt_lowio_handle_data@@U__crt_internal_free_policy@@@@QEBA_NXZ 0000000180006bb0 f i libucrtd:osfinfo.obj
 0001:00005bb0       ??B?$__crt_unique_heap_ptr@U__crt_multibyte_data@@U__crt_internal_free_policy@@@@QEBA_NXZ 0000000180006bb0 f i libucrtd:mbctype.obj
 0001:00005bb0       ??B?$__crt_unique_heap_ptr@U__vcrt_ptd@@U__crt_internal_free_policy@@@@QEBA_NXZ 0000000180006bb0 f i libvcruntimed:per_thread_data.obj
 0001:00005bd0       ?__crt_interlocked_read_64@@YA_JPED_J@Z 0000000180006bd0 f i libvcruntimed:std_type_info.obj
 0001:00005bf0       ??C__crt_stdio_stream@@QEBAPEAU__crt_stdio_stream_data@@XZ 0000000180006bf0 f i libucrtd:output.obj
 0001:00005bf0       ?get@?$__crt_scoped_stack_ptr@_W@@QEBAPEA_WXZ 0000000180006bf0 f i libucrtd:getstringtypea.obj
 0001:00005bf0       ?get@?$__crt_unique_handle_t@U__crt_findfile_traits@@@@QEBAPEAXXZ 0000000180006bf0 f i libucrtd:argv_wildcards.obj
 0001:00005bf0       ?get@?$__crt_unique_handle_t@U__crt_hmodule_traits@@@@QEBAPEAUHINSTANCE__@@XZ 0000000180006bf0 f i libucrtd:exit.obj
 0001:00005bf0       ?get@?$__crt_unique_heap_ptr@DU__crt_internal_free_policy@@@@QEBAPEADXZ 0000000180006bf0 f i libvcruntimed:std_type_info.obj
 0001:00005bf0       ?get@?$__crt_unique_heap_ptr@DU__crt_public_free_policy@@@@QEBAPEADXZ 0000000180006bf0 f i libvcruntimed:std_exception.obj
 0001:00005bf0       ?get@?$__crt_unique_heap_ptr@EU__crt_internal_free_policy@@@@QEBAPEAEXZ 0000000180006bf0 f i libucrtd:argv_parsing.obj
 0001:00005bf0       ?get@?$__crt_unique_heap_ptr@PEADU__crt_internal_free_policy@@@@QEBAPEAPEADXZ 0000000180006bf0 f i libucrtd:argv_parsing.obj
 0001:00005bf0       ?get@?$__crt_unique_heap_ptr@U__acrt_ptd@@U__crt_internal_free_policy@@@@QEBAPEAU__acrt_ptd@@XZ 0000000180006bf0 f i libucrtd:per_thread_data.obj
 0001:00005bf0       ?get@?$__crt_unique_heap_ptr@U__crt_lowio_handle_data@@U__crt_internal_free_policy@@@@QEBAPEAU__crt_lowio_handle_data@@XZ 0000000180006bf0 f i libucrtd:osfinfo.obj
 0001:00005bf0       ?get@?$__crt_unique_heap_ptr@U__crt_multibyte_data@@U__crt_internal_free_policy@@@@QEBAPEAU__crt_multibyte_data@@XZ 0000000180006bf0 f i libucrtd:mbctype.obj
 0001:00005bf0       ?get@?$__crt_unique_heap_ptr@U__vcrt_ptd@@U__crt_internal_free_policy@@@@QEBAPEAU__vcrt_ptd@@XZ 0000000180006bf0 f i libvcruntimed:per_thread_data.obj
 0001:00005bf0       ?public_stream@__crt_stdio_stream@@QEBAPEAU_iobuf@@XZ 0000000180006bf0 f i libucrtd:output.obj
 0001:00005bf0       ?save_state@?$c_string_character_source@D@__crt_strtox@@QEBAPEBDXZ 0000000180006bf0 f i libucrtd:output.obj
 0001:00005bf0       ?save_state@?$c_string_character_source@_W@__crt_strtox@@QEBAPEB_WXZ 0000000180006bf0 f i libucrtd:output.obj
 0001:00005c00       ??B?$__crt_scoped_stack_ptr@_W@@QEBA_NXZ 0000000180006c00 f i libucrtd:lcmapstringa.obj
 0001:00005c00       ?is_valid@?$__crt_unique_heap_ptr@DU__crt_internal_free_policy@@@@QEBA_NXZ 0000000180006c00 f i libvcruntimed:std_type_info.obj
 0001:00005c00       ?is_valid@?$__crt_unique_heap_ptr@DU__crt_public_free_policy@@@@QEBA_NXZ 0000000180006c00 f i libvcruntimed:std_exception.obj
 0001:00005c00       ?is_valid@?$__crt_unique_heap_ptr@EU__crt_internal_free_policy@@@@QEBA_NXZ 0000000180006c00 f i libucrtd:argv_parsing.obj
 0001:00005c00       ?is_valid@?$__crt_unique_heap_ptr@PEADU__crt_internal_free_policy@@@@QEBA_NXZ 0000000180006c00 f i libucrtd:environment_initialization.obj
 0001:00005c00       ?is_valid@?$__crt_unique_heap_ptr@U__acrt_ptd@@U__crt_internal_free_policy@@@@QEBA_NXZ 0000000180006c00 f i libucrtd:per_thread_data.obj
 0001:00005c00       ?is_valid@?$__crt_unique_heap_ptr@U__crt_lowio_handle_data@@U__crt_internal_free_policy@@@@QEBA_NXZ 0000000180006c00 f i libucrtd:osfinfo.obj
 0001:00005c00       ?is_valid@?$__crt_unique_heap_ptr@U__crt_multibyte_data@@U__crt_internal_free_policy@@@@QEBA_NXZ 0000000180006c00 f i libucrtd:mbctype.obj
 0001:00005c00       ?is_valid@?$__crt_unique_heap_ptr@U__vcrt_ptd@@U__crt_internal_free_policy@@@@QEBA_NXZ 0000000180006c00 f i libvcruntimed:per_thread_data.obj
 0001:00005c00       ?valid@__crt_stdio_stream@@QEBA_NXZ 0000000180006c00 f i libucrtd:output.obj
 0001:00005c30       ?release@?$__crt_unique_heap_ptr@DU__crt_internal_free_policy@@@@QEAAXXZ 0000000180006c30 f i libvcruntimed:std_type_info.obj
 0001:00005c30       ?release@?$__crt_unique_heap_ptr@EU__crt_internal_free_policy@@@@QEAAXXZ 0000000180006c30 f i libucrtd:argv_parsing.obj
 0001:00005c30       ?release@?$__crt_unique_heap_ptr@PEADU__crt_internal_free_policy@@@@QEAAXXZ 0000000180006c30 f i libucrtd:argv_parsing.obj
 0001:00005c30       ?release@?$__crt_unique_heap_ptr@PEAU__crt_stdio_stream_data@@U__crt_internal_free_policy@@@@QEAAXXZ 0000000180006c30 f i libucrtd:_file.obj
 0001:00005c30       ?release@?$__crt_unique_heap_ptr@U__acrt_ptd@@U__crt_internal_free_policy@@@@QEAAXXZ 0000000180006c30 f i libucrtd:per_thread_data.obj
 0001:00005c30       ?release@?$__crt_unique_heap_ptr@U__crt_lowio_handle_data@@U__crt_internal_free_policy@@@@QEAAXXZ 0000000180006c30 f i libucrtd:osfinfo.obj
 0001:00005c30       ?release@?$__crt_unique_heap_ptr@U__crt_multibyte_data@@U__crt_internal_free_policy@@@@QEAAXXZ 0000000180006c30 f i libucrtd:mbctype.obj
 0001:00005c30       ?release@?$__crt_unique_heap_ptr@U__vcrt_ptd@@U__crt_internal_free_policy@@@@QEAAXXZ 0000000180006c30 f i libvcruntimed:per_thread_data.obj
 0001:00005c60       __std_type_info_compare    0000000180006c60 f   libvcruntimed:std_type_info.obj
 0001:00005ca0       __std_type_info_destroy_list 0000000180006ca0 f   libvcruntimed:std_type_info.obj
 0001:00005d00       __vcrt_initialize          0000000180006d00 f   libvcruntimed:initialization.obj
 0001:00005d40       __vcrt_thread_attach       0000000180006d40 f   libvcruntimed:initialization.obj
 0001:00005d60       __vcrt_thread_detach       0000000180006d60 f   libvcruntimed:initialization.obj
 0001:00005d70       __vcrt_uninitialize        0000000180006d70 f   libvcruntimed:initialization.obj
 0001:00005d90       __vcrt_uninitialize_critical 0000000180006d90 f   libvcruntimed:initialization.obj
 0001:00005db0       __DestructExceptionObject  0000000180006db0 f   libvcruntimed:ehhelpers.obj
 0001:00005eb0       ?_CallMemberFunction0@@YAXQEAX0@Z 0000000180006eb0 f i libvcruntimed:ehhelpers.obj
 0001:00005f80       _IsExceptionObjectToBeDestroyed 0000000180006f80 f   libvcruntimed:ehhelpers.obj
 0001:00005fd0       __AdjustPointer            0000000180006fd0 f   libvcruntimed:ehhelpers.obj
 0001:00006050       __FrameUnwindFilter        0000000180007050 f   libvcruntimed:ehhelpers.obj
 0001:00006130       _NLG_Notify                0000000180007130 f   libvcruntimed:notify.obj
 0001:00006150       __NLG_Dispatch2            0000000180007150 f   libvcruntimed:notify.obj
 0001:00006160       __NLG_Return2              0000000180007160 f   libvcruntimed:notify.obj
 0001:00006170       __except_validate_context_record 0000000180007170 f   libvcruntimed:jbcxrval.obj
 0001:000061d0       _vsprintf_s_l              00000001800071d0 f i libvcruntimed:undname.obj
 0001:00006240       sprintf_s                  0000000180007240 f i libvcruntimed:undname.obj
 0001:000062e0       ?detach@?$__crt_unique_heap_ptr@DU__crt_internal_free_policy@@@@QEAAPEADXZ 00000001800072e0 f i libucrtd:environment_initialization.obj
 0001:000062e0       ?detach@?$__crt_unique_heap_ptr@DU__crt_public_free_policy@@@@QEAAPEADXZ 00000001800072e0 f i libvcruntimed:std_exception.obj
 0001:000062e0       ?detach@?$__crt_unique_heap_ptr@EU__crt_internal_free_policy@@@@QEAAPEAEXZ 00000001800072e0 f i libucrtd:argv_parsing.obj
 0001:000062e0       ?detach@?$__crt_unique_heap_ptr@PEADU__crt_internal_free_policy@@@@QEAAPEAPEADXZ 00000001800072e0 f i libucrtd:argv_parsing.obj
 0001:000062e0       ?detach@?$__crt_unique_heap_ptr@PEAU__crt_stdio_stream_data@@U__crt_internal_free_policy@@@@QEAAPEAPEAU__crt_stdio_stream_data@@XZ 00000001800072e0 f i libucrtd:_file.obj
 0001:000062e0       ?detach@?$__crt_unique_heap_ptr@U__acrt_ptd@@U__crt_internal_free_policy@@@@QEAAPEAU__acrt_ptd@@XZ 00000001800072e0 f i libucrtd:per_thread_data.obj
 0001:000062e0       ?detach@?$__crt_unique_heap_ptr@U__crt_lowio_handle_data@@U__crt_internal_free_policy@@@@QEAAPEAU__crt_lowio_handle_data@@XZ 00000001800072e0 f i libucrtd:osfinfo.obj
 0001:000062e0       ?detach@?$__crt_unique_heap_ptr@U__crt_multibyte_data@@U__crt_internal_free_policy@@@@QEAAPEAU__crt_multibyte_data@@XZ 00000001800072e0 f i libucrtd:mbctype.obj
 0001:000062e0       ?detach@?$__crt_unique_heap_ptr@U__vcrt_ptd@@U__crt_internal_free_policy@@@@QEAAPEAU__vcrt_ptd@@XZ 00000001800072e0 f i libvcruntimed:per_thread_data.obj
 0001:00006350       __vcrt_freefls             0000000180007350 f   libvcruntimed:per_thread_data.obj
 0001:00006390       __vcrt_freeptd_for_this_thread 0000000180007390 f   libvcruntimed:per_thread_data.obj
 0001:000063d0       __vcrt_getptd              00000001800073d0 f   libvcruntimed:per_thread_data.obj
 0001:00006400       __vcrt_getptd_noexit       0000000180007400 f   libvcruntimed:per_thread_data.obj
 0001:000065a0       __vcrt_initialize_ptd      00000001800075a0 f   libvcruntimed:per_thread_data.obj
 0001:000065f0       __vcrt_uninitialize_ptd    00000001800075f0 f   libvcruntimed:per_thread_data.obj
 0001:00006620       __vcrt_initialize_locks    0000000180007620 f   libvcruntimed:locks.obj
 0001:00006690       __vcrt_uninitialize_locks  0000000180007690 f   libvcruntimed:locks.obj
 0001:000066f0       ??$?0AEAViterator@TryBlockMap@__FrameHandler3@@AEAV012@$0A@@?$pair@Viterator@TryBlockMap@__FrameHandler3@@V123@@std@@QEAA@AEAViterator@TryBlockMap@__FrameHandler3@@0@Z 00000001800076f0 f i libvcruntimed:risctrnsctrl.obj
 0001:00006800       ??$_CallSETranslator@V__FrameHandler3@@@@YAHPEAUEHExceptionRecord@@PEA_KPEAU_CONTEXT@@PEAU_xDISPATCHER_CONTEXT@@PEBU_s_FuncInfo@@K1H@Z 0000000180007800 f i libvcruntimed:risctrnsctrl.obj
 0001:00006890       ??0iterator@HandlerMap@__FrameHandler3@@QEAA@AEAV12@I@Z 0000000180007890 f i libvcruntimed:frame.obj
 0001:00006890       ??0iterator@TryBlockMap@__FrameHandler3@@QEAA@AEAV12@I@Z 0000000180007890 f i libvcruntimed:risctrnsctrl.obj
 0001:000068c0       ?CatchTryBlock@__FrameHandler3@@SAPEBU_s_TryBlockMapEntry@@PEBU_s_FuncInfo@@H@Z 00000001800078c0 f   libvcruntimed:risctrnsctrl.obj
 0001:00006950       ?ExecutionInCatch@__FrameHandler3@@SA_NPEAU_xDISPATCHER_CONTEXT@@PEBU_s_FuncInfo@@@Z 0000000180007950 f   libvcruntimed:risctrnsctrl.obj
 0001:000069a0       ?FrameUnwindToEmptyState@__FrameHandler3@@SAXPEA_KPEAU_xDISPATCHER_CONTEXT@@PEBU_s_FuncInfo@@@Z 00000001800079a0 f   libvcruntimed:risctrnsctrl.obj
 0001:00006a40       ?GetEstablisherFrame@__FrameHandler3@@SAPEA_KPEA_KPEAU_xDISPATCHER_CONTEXT@@PEBU_s_FuncInfo@@0@Z 0000000180007a40 f   libvcruntimed:risctrnsctrl.obj
 0001:00006bb0       ?GetRangeOfTrysToCheck@__FrameHandler3@@SA?AU?$pair@Viterator@TryBlockMap@__FrameHandler3@@V123@@std@@AEAVTryBlockMap@1@HPEAU_xDISPATCHER_CONTEXT@@PEBU_s_FuncInfo@@H@Z 0000000180007bb0 f   libvcruntimed:risctrnsctrl.obj
 0001:00006df0       ?UnwindNestedFrames@__FrameHandler3@@SAXPEA_KPEAUEHExceptionRecord@@PEAU_CONTEXT@@0PEAXPEBU_s_FuncInfo@@HHPEBU_s_HandlerType@@PEAU_xDISPATCHER_CONTEXT@@E@Z 0000000180007df0 f   libvcruntimed:risctrnsctrl.obj
 0001:00006f60       _CreateFrameInfo           0000000180007f60 f   libvcruntimed:risctrnsctrl.obj
 0001:00006fd0       _FindAndUnlinkFrame        0000000180007fd0 f   libvcruntimed:risctrnsctrl.obj
 0001:00007050       _GetImageBase              0000000180008050 f   libvcruntimed:risctrnsctrl.obj
 0001:00007070       _GetThrowImageBase         0000000180008070 f   libvcruntimed:risctrnsctrl.obj
 0001:00007090       _SetImageBase              0000000180008090 f   libvcruntimed:risctrnsctrl.obj
 0001:000070b0       _SetThrowImageBase         00000001800080b0 f   libvcruntimed:risctrnsctrl.obj
 0001:000070d0       __CxxFrameHandler3         00000001800080d0 f   libvcruntimed:risctrnsctrl.obj
 0001:000071b0       ??$__crt_interlocked_exchange_pointer@UHINSTANCE__@@PEAU1@@@YAPEAUHINSTANCE__@@PEDSEAU0@QEAU0@@Z 00000001800081b0 f i libvcruntimed:winapi_downlevel.obj
 0001:000071b0       ??$__crt_interlocked_exchange_pointer@UHINSTANCE__@@PEAX@@YAPEAUHINSTANCE__@@PEDSEAU0@QEAX@Z 00000001800081b0 f i libvcruntimed:winapi_downlevel.obj
 0001:000071b0       ??$__crt_interlocked_exchange_pointer@XPEAX@@YAPEAXPEDSEAXQEAX@Z 00000001800081b0 f i libvcruntimed:winapi_downlevel.obj
 0001:000071d0       ??$__crt_interlocked_read_pointer@UHINSTANCE__@@@@YAPEAUHINSTANCE__@@PEDSEAU0@@Z 00000001800081d0 f i libvcruntimed:winapi_downlevel.obj
 0001:000071d0       ??$__crt_interlocked_read_pointer@X@@YAPEAXPEDSEAX@Z 00000001800081d0 f i libvcruntimed:winapi_downlevel.obj
 0001:000071f0       ?get_invalid_value@__crt_findfile_traits@@SAPEAXXZ 00000001800081f0 f   libucrtd:argv_wildcards.obj
 0001:000076e0       __vcrt_FlsAlloc            00000001800086e0 f   libvcruntimed:winapi_downlevel.obj
 0001:00007730       __vcrt_FlsFree             0000000180008730 f   libvcruntimed:winapi_downlevel.obj
 0001:00007780       __vcrt_FlsGetValue         0000000180008780 f   libvcruntimed:winapi_downlevel.obj
 0001:000077d0       __vcrt_FlsSetValue         00000001800087d0 f   libvcruntimed:winapi_downlevel.obj
 0001:00007830       __vcrt_InitializeCriticalSectionEx 0000000180008830 f   libvcruntimed:winapi_downlevel.obj
 0001:000078a0       ?GetCurrentState@__FrameHandler3@@SAHPEA_KPEAU_xDISPATCHER_CONTEXT@@PEBU_s_FuncInfo@@@Z 00000001800088a0 f   libvcruntimed:ehstate.obj
 0001:00007900       ?GetUnwindTryBlock@__FrameHandler3@@SAHPEA_KPEAU_xDISPATCHER_CONTEXT@@PEBU_s_FuncInfo@@@Z 0000000180008900 f   libvcruntimed:ehstate.obj
 0001:00007950       ?SetState@__FrameHandler3@@SAXPEA_KPEBU_s_FuncInfo@@H@Z 0000000180008950 f   libvcruntimed:ehstate.obj
 0001:00007980       ?SetUnwindTryBlock@__FrameHandler3@@SAXPEA_KPEAU_xDISPATCHER_CONTEXT@@PEBU_s_FuncInfo@@H@Z 0000000180008980 f   libvcruntimed:ehstate.obj
 0001:000079f0       ?StateFromControlPc@__FrameHandler3@@SAHPEBU_s_FuncInfo@@PEAU_xDISPATCHER_CONTEXT@@@Z 00000001800089f0 f   libvcruntimed:ehstate.obj
 0001:00007a30       ?StateFromIp@__FrameHandler3@@SAHPEBU_s_FuncInfo@@PEAU_xDISPATCHER_CONTEXT@@_K@Z 0000000180008a30 f   libvcruntimed:ehstate.obj
 0001:00007b20       ?__RVAtoRealOffset@@YA_KPEAU_xDISPATCHER_CONTEXT@@H@Z 0000000180008b20 f i libvcruntimed:ehstate.obj
 0001:00008cf0       ??$TypeMatchHelper@V__FrameHandler3@@@@YAHPEBU_s_HandlerType@@PEBU_s_CatchableType@@PEBU_s_ThrowInfo@@@Z 0000000180009cf0 f i libvcruntimed:frame.obj
 0001:00008ef0       ??$__InternalCxxFrameHandler@V__FrameHandler3@@@@YA?AW4_EXCEPTION_DISPOSITION@@PEAUEHExceptionRecord@@PEA_KPEAU_CONTEXT@@PEAU_xDISPATCHER_CONTEXT@@PEBU_s_FuncInfo@@H1E@Z 0000000180009ef0 f i libvcruntimed:frame.obj
 0001:00009360       ??$__InternalCxxFrameHandlerWrapper@V__FrameHandler3@@@@YA?AW4_EXCEPTION_DISPOSITION@@PEAUEHExceptionRecord@@PEA_KPEAU_CONTEXT@@PEAU_xDISPATCHER_CONTEXT@@PEBU_s_FuncInfo@@H1E@Z 000000018000a360 f i libvcruntimed:frame.obj
 0001:000093d0       ??0HandlerMap@__FrameHandler3@@QEAA@PEBU_s_TryBlockMapEntry@@_KI@Z 000000018000a3d0 f i libvcruntimed:frame.obj
 0001:00009420       ??0TryBlockMap@__FrameHandler3@@QEAA@PEBU_s_FuncInfo@@_K@Z 000000018000a420 f i libvcruntimed:frame.obj
 0001:00009450       ??0bad_exception@std@@QEAA@AEBV01@@Z 000000018000a450 f i libvcruntimed:frame.obj
 0001:00009490       ??0bad_exception@std@@QEAA@XZ 000000018000a490 f i libvcruntimed:frame.obj
 0001:000094d0       ??0exception@std@@QEAA@AEBV01@@Z 000000018000a4d0 f i libvcruntimed:frame.obj
 0001:00009530       ??0exception@std@@QEAA@QEBDH@Z 000000018000a530 f i libvcruntimed:frame.obj
 0001:00009580       ??1bad_exception@std@@UEAA@XZ 000000018000a580 f i libvcruntimed:frame.obj
 0001:000095a0       ??1exception@std@@UEAA@XZ  000000018000a5a0 f i libvcruntimed:frame.obj
 0001:000095d0       ??8iterator@HandlerMap@__FrameHandler3@@QEBA_NAEBV012@@Z 000000018000a5d0 f i libvcruntimed:frame.obj
 0001:00009610       ??8type_info@@QEBA_NAEBV0@@Z 000000018000a610 f i libvcruntimed:frame.obj
 0001:00009690       ??9iterator@HandlerMap@__FrameHandler3@@QEBA_NAEBV012@@Z 000000018000a690 f i libvcruntimed:frame.obj
 0001:000096d0       ??Diterator@HandlerMap@__FrameHandler3@@QEAA?BU_s_HandlerType@@XZ 000000018000a6d0 f i libvcruntimed:frame.obj
 0001:00009710       ??Diterator@TryBlockMap@__FrameHandler3@@QEAA?BU_s_TryBlockMapEntry@@XZ 000000018000a710 f i libvcruntimed:frame.obj
 0001:00009760       ??Eiterator@HandlerMap@__FrameHandler3@@QEAAAEAV012@XZ 000000018000a760 f i libvcruntimed:frame.obj
 0001:00009760       ??Eiterator@TryBlockMap@__FrameHandler3@@QEAAAEAV012@XZ 000000018000a760 f i libvcruntimed:frame.obj
 0001:00009780       ??Miterator@TryBlockMap@__FrameHandler3@@QEBA_NAEBV012@@Z 000000018000a780 f i libvcruntimed:frame.obj
 0001:000097c0       ??_Ebad_exception@std@@UEAAPEAXI@Z 000000018000a7c0 f i libvcruntimed:frame.obj
 0001:000097c0       ??_Gbad_exception@std@@UEAAPEAXI@Z 000000018000a7c0 f i libvcruntimed:frame.obj
 0001:00009800       ??_Eexception@std@@UEAAPEAXI@Z 000000018000a800 f i libvcruntimed:frame.obj
 0001:00009800       ??_Gexception@std@@UEAAPEAXI@Z 000000018000a800 f i libvcruntimed:frame.obj
 0001:00009840       ?BuildCatchObject@__FrameHandler3@@SAXPEAUEHExceptionRecord@@PEAXPEBU_s_HandlerType@@PEBU_s_CatchableType@@@Z 000000018000a840 f   libvcruntimed:frame.obj
 0001:00009880       ?CxxCallCatchBlock@__FrameHandler3@@SAPEAXPEAU_EXCEPTION_RECORD@@@Z 000000018000a880 f   libvcruntimed:frame.obj
 0001:00009be0       ?FrameUnwindToState@__FrameHandler3@@SAXPEA_KPEAU_xDISPATCHER_CONTEXT@@PEBU_s_FuncInfo@@H@Z 000000018000abe0 f   libvcruntimed:frame.obj
 0001:00009e30       ?GetHandlerSearchState@__FrameHandler3@@SAHPEA_KPEAU_xDISPATCHER_CONTEXT@@PEBU_s_FuncInfo@@@Z 000000018000ae30 f i libvcruntimed:frame.obj
 0001:00009ee0       ?GetMaxState@__FrameHandler3@@SAHPEAU_xDISPATCHER_CONTEXT@@PEBU_s_FuncInfo@@@Z 000000018000aee0 f i libvcruntimed:frame.obj
 0001:0000a0e0       ?TypeMatch@__FrameHandler3@@SAHPEBU_s_HandlerType@@PEBU_s_CatchableType@@PEBU_s_ThrowInfo@@@Z 000000018000b0e0 f   libvcruntimed:frame.obj
 0001:0000a0e0       __TypeMatch                000000018000b0e0 f   libvcruntimed:frame.obj
 0001:0000a110       ?_CallMemberFunction1@@YAXQEAX00@Z 000000018000b110 f i libvcruntimed:frame.obj
 0001:0000a150       ?_CallMemberFunction2@@YAXQEAX00H@Z 000000018000b150 f i libvcruntimed:frame.obj
 0001:0000a1e0       ?begin@HandlerMap@__FrameHandler3@@QEAA?AViterator@12@XZ 000000018000b1e0 f i libvcruntimed:frame.obj
 0001:0000a210       ?end@HandlerMap@__FrameHandler3@@QEAA?AViterator@12@XZ 000000018000b210 f i libvcruntimed:frame.obj
 0001:0000a240       ?getESTypes@__FrameHandler3@@SAPEBU_s_ESTypeList@@PEBU_s_FuncInfo@@@Z 000000018000b240 f i libvcruntimed:frame.obj
 0001:0000a280       ?getLastEntry@HandlerMap@__FrameHandler3@@QEAAPEBU_s_HandlerType@@XZ 000000018000b280 f i libvcruntimed:frame.obj
 0001:0000a2a0       ?getMagicNum@__FrameHandler3@@SAIPEBU_s_FuncInfo@@@Z 000000018000b2a0 f i libvcruntimed:frame.obj
 0001:0000a2c0       ?getNumTryBlocks@TryBlockMap@__FrameHandler3@@QEAAIXZ 000000018000b2c0 f i libvcruntimed:frame.obj
 0001:0000a2e0       ?isEHs@__FrameHandler3@@SA_NPEBU_s_FuncInfo@@@Z 000000018000b2e0 f i libvcruntimed:frame.obj
 0001:0000a320       ?isNoExcept@__FrameHandler3@@SA_NPEBU_s_FuncInfo@@@Z 000000018000b320 f i libvcruntimed:frame.obj
 0001:0000a360       ?what@exception@std@@UEBAPEBDXZ 000000018000b360 f i libvcruntimed:frame.obj
 0001:0000a3a0       __vcrt_EncodePointer       000000018000b3a0 f i libvcruntimed:frame.obj
 0001:0000a3d0       memcpy_avx_ermsb_Intel     000000018000b3d0 f   libvcruntimed:memcpy_avx_ermsb_aligned.obj
 0001:0000a800       memcpy_avx_ermsb_amd       000000018000b800 f   libvcruntimed:memcpy_avx_ermsb_aligned_amd.obj
 0001:0000ac30       memcpy_sse2_ermsb_Intel    000000018000bc30 f   libvcruntimed:memcpy_sse2_ermsb_aligned.obj
 0001:0000aee0       memcpy_sse2_ermsb_amd      000000018000bee0 f   libvcruntimed:memcpy_sse2_ermsb_aligned_amd.obj
 0001:0000b1c0       _CallSettingFrame          000000018000c1c0 f   libvcruntimed:handlers.obj
 0001:0000b200       ??$?RD@__crt_public_free_policy@@QEBAXQEBD@Z 000000018000c200 f i libvcruntimed:std_exception.obj
 0001:0000b220       ??1?$__crt_unique_heap_ptr@DU__crt_public_free_policy@@@@QEAA@XZ 000000018000c220 f i libvcruntimed:std_exception.obj
 0001:0000b240       ?release@?$__crt_unique_heap_ptr@DU__crt_public_free_policy@@@@QEAAXXZ 000000018000c240 f i libvcruntimed:std_exception.obj
 0001:0000b270       __std_exception_copy       000000018000c270 f   libvcruntimed:std_exception.obj
 0001:0000b3b0       __std_exception_destroy    000000018000c3b0 f   libvcruntimed:std_exception.obj
 0001:0000b3f0       _CxxThrowException         000000018000c3f0 f   libvcruntimed:throw.obj
 0001:0000b540       memcpy_repmovs_Intel       000000018000c540 f   libvcruntimed:memcpy_repmovs.obj
 0001:0000b560       memcpy_CopyDown_Intel      000000018000c560 f   libvcruntimed:memcpy_CopyDown.obj
 0001:0000b650       memcpy_repmovs_amd         000000018000c650 f   libvcruntimed:memcpy_repmovs_amd.obj
 0001:0000b670       memcpy_CopyDown_amd        000000018000c670 f   libvcruntimed:memcpy_CopyDown_amd.obj
 0001:0000b750       roundf                     000000018000c750 f   libucrtd:roundf.obj
 0001:0000b7e0       sqrtf                      000000018000c7e0 f   libucrtd:sqrtf.obj
 0001:0000b920       _initterm                  000000018000c920 f   libucrtd:initterm.obj
 0001:0000b990       _initterm_e                000000018000c990 f   libucrtd:initterm.obj
 0001:0000ba80       _seh_filter_dll            000000018000ca80 f   libucrtd:exception_filter.obj
 0001:0000bab0       _seh_filter_exe            000000018000cab0 f   libucrtd:exception_filter.obj
 0001:0000bd80       ??$?B$$A6AXH@Z@__crt_fast_encoded_nullptr_t@@QEBAP6AXH@ZXZ 000000018000cd80 f i libucrtd:signal.obj
 0001:0000bd80       ??$?B$$A6AXPEAXK0@Z@__crt_fast_encoded_nullptr_t@@QEBAP6AXPEAXK0@ZXZ 000000018000cd80 f i libucrtd:exit.obj
 0001:0000bd80       ??$?B$$A6AXXZ@__crt_fast_encoded_nullptr_t@@QEBAP6AXXZXZ 000000018000cd80 f i libucrtd:onexit.obj
 0001:0000bd80       ??$?BP6AXXZ@__crt_fast_encoded_nullptr_t@@QEBAPEAP6AXXZXZ 000000018000cd80 f i libucrtd:onexit.obj
 0001:0000bd80       ??$?BX@__crt_fast_encoded_nullptr_t@@QEBAPEAXXZ 000000018000cd80 f i libucrtd:initialization.obj
 0001:0000be40       ??$__crt_fast_decode_pointer@P6AHPEAU_exception@@@Z@@YAP6AHPEAU_exception@@@ZQ6AH0@Z@Z 000000018000ce40 f i libucrtd:matherr.obj
 0001:0000be40       ??$__crt_fast_decode_pointer@P6AH_K@Z@@YAP6AH_K@ZQ6AH0@Z@Z 000000018000ce40 f i libucrtd:new_handler.obj
 0001:0000be40       ??$__crt_fast_decode_pointer@P6AXH@Z@@YAP6AXH@ZQ6AXH@Z@Z 000000018000ce40 f i libucrtd:signal.obj
 0001:0000be40       ??$__crt_fast_decode_pointer@P6AXPEAXK0@Z@@YAP6AXPEAXK0@ZQ6AX0K0@Z@Z 000000018000ce40 f i libucrtd:exit.obj
 0001:0000be40       ??$__crt_fast_decode_pointer@P6AXPEB_W00I_K@Z@@YAP6AXPEB_W00I_K@ZQ6AX000I1@Z@Z 000000018000ce40 f i libucrtd:invalid_parameter.obj
 0001:0000be40       ??$__crt_fast_decode_pointer@P6AXXZ@@YAP6AXXZQ6AXXZ@Z 000000018000ce40 f i libucrtd:onexit.obj
 0001:0000be40       ??$__crt_fast_decode_pointer@PEAP6AXXZ@@YAPEAP6AXXZQEAP6AXXZ@Z 000000018000ce40 f i libucrtd:onexit.obj
 0001:0000be40       ??$__crt_fast_decode_pointer@PEAX@@YAPEAXQEAX@Z 000000018000ce40 f i libucrtd:winapi_thunks.obj
 0001:0000be80       ??$__crt_fast_encode_pointer@P6AXH@Z@@YAP6AXH@ZQ6AXH@Z@Z 000000018000ce80 f i libucrtd:signal.obj
 0001:0000be80       ??$__crt_fast_encode_pointer@P6AXPEAXK0@Z@@YAP6AXPEAXK0@ZQ6AX0K0@Z@Z 000000018000ce80 f i libucrtd:exit.obj
 0001:0000be80       ??$__crt_fast_encode_pointer@P6AXXZ@@YAP6AXXZQ6AXXZ@Z 000000018000ce80 f i libucrtd:onexit.obj
 0001:0000be80       ??$__crt_fast_encode_pointer@PEAP6AXXZ@@YAPEAP6AXXZQEAP6AXXZ@Z 000000018000ce80 f i libucrtd:onexit.obj
 0001:0000be80       ??$__crt_fast_encode_pointer@PEAX@@YAPEAXQEAX@Z 000000018000ce80 f i libucrtd:initialization.obj
 0001:0000bec0       ??$__crt_get_proc_address@P6AXI@Z@@YAP6AXI@ZQEAUHINSTANCE__@@QEBD@Z 000000018000cec0 f i libucrtd:exit.obj
 0001:0000bef0       ??$__crt_interlocked_read@J@@YAJPEDJ@Z 000000018000cef0 f i libucrtd:exit.obj
 0001:0000bf80       ??1?$__crt_unique_handle_t@U__crt_hmodule_traits@@@@QEAA@XZ 000000018000cf80 f i libucrtd:exit.obj
 0001:0000c100       ?__acrt_select_exit_lock@@YA?AW4__acrt_lock_id@@XZ 000000018000d100 f i libucrtd:exit.obj
 0001:0000c110       ?__crt_fast_encode_pointer@@YA?AU__crt_fast_encoded_nullptr_t@@$$T@Z 000000018000d110 f i libucrtd:exit.obj
 0001:0000c130       ?__crt_interlocked_read_32@@YAHPEDH@Z 000000018000d130 f i libucrtd:exit.obj
 0001:0000c150       ?__crt_rotate_pointer_value@@YA_K_KH@Z 000000018000d150 f i libucrtd:exit.obj
 0001:0000c190       ?close@?$__crt_unique_handle_t@U__crt_hmodule_traits@@@@QEAAXXZ 000000018000d190 f i libucrtd:exit.obj
 0001:0000c1d0       ?close@__crt_hmodule_traits@@SA_NPEAUHINSTANCE__@@@Z 000000018000d1d0 f i libucrtd:exit.obj
 0001:0000c2f0       ?dangerous_get_state_array@?$dual_state_global@P6AXPEB_W00I_K@Z@__crt_state_management@@QEAAPEAP6AXPEB_W00I_K@ZXZ 000000018000d2f0 f i libucrtd:invalid_parameter.obj
 0001:0000c2f0       ?dangerous_get_state_array@?$dual_state_global@PEAE@__crt_state_management@@QEAAPEAPEAEXZ 000000018000d2f0 f i libucrtd:mbctype.obj
 0001:0000c2f0       ?dangerous_get_state_array@?$dual_state_global@PEAU__crt_locale_data@@@__crt_state_management@@QEAAPEAPEAU__crt_locale_data@@XZ 000000018000d2f0 f i libucrtd:per_thread_data.obj
 0001:0000c2f0       ?dangerous_get_state_array@?$dual_state_global@PEAU__crt_multibyte_data@@@__crt_state_management@@QEAAPEAPEAU__crt_multibyte_data@@XZ 000000018000d2f0 f i libucrtd:mbctype.obj
 0001:0000c2f0       ?debug_info@?$__crt_win32_buffer@DU__crt_win32_buffer_internal_dynamic_resizing@@@@QEBAAEBV__crt_win32_buffer_empty_debug_info@@XZ 000000018000d2f0 f i libucrtd:argv_wildcards.obj
 0001:0000c2f0       ?debug_info@?$__crt_win32_buffer@DU__crt_win32_buffer_no_resizing@@@@QEBAAEBV__crt_win32_buffer_empty_debug_info@@XZ 000000018000d2f0 f i libucrtd:getmodulefilenamea.obj
 0001:0000c2f0       ?debug_info@?$__crt_win32_buffer@_WU__crt_win32_buffer_internal_dynamic_resizing@@@@QEBAAEBV__crt_win32_buffer_empty_debug_info@@XZ 000000018000d2f0 f i libucrtd:argv_wildcards.obj
 0001:0000c2f0       ?get_address_of@?$__crt_unique_handle_t@U__crt_hmodule_traits@@@@QEAAPEAPEAUHINSTANCE__@@XZ 000000018000d2f0 f i libucrtd:exit.obj
 0001:0000c2f0       ?get_address_of@?$__crt_unique_heap_ptr@PEADU__crt_internal_free_policy@@@@QEAAPEAPEAPEADXZ 000000018000d2f0 f i libucrtd:argv_parsing.obj
 0001:0000c300       ?get_current_state_index@__crt_state_management@@YA_KXZ 000000018000d300 f i libucrtd:environment_initialization.obj
 0001:0000c300       ?get_invalid_value@__crt_hmodule_traits@@SAPEAUHINSTANCE__@@XZ 000000018000d300 f i libucrtd:exit.obj
 0001:0000c4b0       __acrt_initialize_thread_local_exit_callback 000000018000d4b0 f   libucrtd:exit.obj
 0001:0000c4d0       _cexit                     000000018000d4d0 f   libucrtd:exit.obj
 0001:0000c4f0       _exit                      000000018000d4f0 f   libucrtd:exit.obj
 0001:0000c510       _is_c_termination_complete 000000018000d510 f   libucrtd:exit.obj
 0001:0000c8c0       ??$get_module_file_name@$$TAEAY0BAF@DH@?$__crt_char_traits@D@@SAK$$QEA$$TAEAY0BAF@D$$QEAH@Z 000000018000d8c0 f i libucrtd:argv_parsing.obj
 0001:0000c8c0       ??$get_module_file_name@AEAPEAUHINSTANCE__@@AEAY0BAF@DK@?$__crt_char_traits@D@@SAKAEAPEAUHINSTANCE__@@AEAY0BAF@D$$QEAK@Z 000000018000d8c0 f i libucrtd:dbgrpt.obj
 0001:0000cdd0       ??$set_program_name@PEAD@?$__crt_char_traits@D@@SAX$$QEAPEAD@Z 000000018000ddd0 f i libucrtd:argv_parsing.obj
 0001:0000cf00       __acrt_allocate_buffer_for_argv 000000018000df00 f   libucrtd:argv_parsing.obj
 0001:0000d020       _configure_narrow_argv     000000018000e020 f   libucrtd:argv_parsing.obj
 0001:0000d040       _set_pgmptr                000000018000e040 f i libucrtd:argv_parsing.obj
 0001:0000d470       ??$get_environment_from_os@$$V@?$__crt_char_traits@D@@SAPEADXZ 000000018000e470 f i libucrtd:environment_initialization.obj
 0001:0000d480       ??$tcscpy_s@PEADAEB_KAEAPEAD@?$__crt_char_traits@D@@SAH$$QEAPEADAEB_KAEAPEAD@Z 000000018000e480 f i libucrtd:environment_initialization.obj
 0001:0000d4c0       ??$tcslen@AEAPEAD@?$__crt_char_traits@D@@SA_KAEAPEAD@Z 000000018000e4c0 f i libucrtd:environment_initialization.obj
 0001:0000d4c0       ??$tcslen@AEBQEBD@?$__crt_char_traits@D@@SA_KAEBQEBD@Z 000000018000e4c0 f i libucrtd:dbgrpt.obj
 0001:0000d4e0       ??$uninitialize@A6AXAEAPEAPEAD@_E@?$dual_state_global@PEAPEAD@__crt_state_management@@QEAAXA6AXAEAPEAPEAD@_E@Z 000000018000e4e0 f i libucrtd:environment_initialization.obj
 0001:0000d560       ??$uninitialize@A6AXAEAPEAPEA_W@_E@?$dual_state_global@PEAPEA_W@__crt_state_management@@QEAAXA6AXAEAPEAPEA_W@_E@Z 000000018000e560 f i libucrtd:environment_initialization.obj
 0001:0000d6b0       ?initialize@?$dual_state_global@P6AHPEAU_exception@@@Z@__crt_state_management@@QEAAXQ6AHPEAU_exception@@@Z@Z 000000018000e6b0 f i libucrtd:matherr.obj
 0001:0000d6b0       ?initialize@?$dual_state_global@P6AH_K@Z@__crt_state_management@@QEAAXQ6AH_K@Z@Z 000000018000e6b0 f i libucrtd:new_handler.obj
 0001:0000d6b0       ?initialize@?$dual_state_global@P6AXH@Z@__crt_state_management@@QEAAXQ6AXH@Z@Z 000000018000e6b0 f i libucrtd:signal.obj
 0001:0000d6b0       ?initialize@?$dual_state_global@PEAPEAD@__crt_state_management@@QEAAXQEAPEAD@Z 000000018000e6b0 f i libucrtd:environment_initialization.obj
 0001:0000d6b0       ?initialize@?$dual_state_global@PEAU__crt_locale_data@@@__crt_state_management@@QEAAXQEAU__crt_locale_data@@@Z 000000018000e6b0 f i libucrtd:initialization.obj
 0001:0000d6b0       ?initialize@?$dual_state_global@PEAU__crt_multibyte_data@@@__crt_state_management@@QEAAXQEAU__crt_multibyte_data@@@Z 000000018000e6b0 f i libucrtd:mbctype.obj
 0001:0000d700       ?value@?$dual_state_global@P6AHPEAU_exception@@@Z@__crt_state_management@@QEAAAEAP6AHPEAU_exception@@@ZXZ 000000018000e700 f i libucrtd:matherr.obj
 0001:0000d700       ?value@?$dual_state_global@P6AH_K@Z@__crt_state_management@@QEAAAEAP6AH_K@ZXZ 000000018000e700 f i libucrtd:new_handler.obj
 0001:0000d700       ?value@?$dual_state_global@P6AXH@Z@__crt_state_management@@QEAAAEAP6AXH@ZXZ 000000018000e700 f i libucrtd:signal.obj
 0001:0000d700       ?value@?$dual_state_global@PEAE@__crt_state_management@@QEAAAEAPEAEXZ 000000018000e700 f i libucrtd:mbctype.obj
 0001:0000d700       ?value@?$dual_state_global@PEAPEAD@__crt_state_management@@QEAAAEAPEAPEADXZ 000000018000e700 f i libucrtd:environment_initialization.obj
 0001:0000d700       ?value@?$dual_state_global@PEAU__crt_locale_data@@@__crt_state_management@@QEAAAEAPEAU__crt_locale_data@@XZ 000000018000e700 f i libucrtd:per_thread_data.obj
 0001:0000d700       ?value@?$dual_state_global@PEAU__crt_multibyte_data@@@__crt_state_management@@QEAAAEAPEAU__crt_multibyte_data@@XZ 000000018000e700 f i libucrtd:mbctype.obj
 0001:0000d720       __dcrt_uninitialize_environments_nolock 000000018000e720 f   libucrtd:environment_initialization.obj
 0001:0000d770       _initialize_narrow_environment 000000018000e770 f   libucrtd:environment_initialization.obj
 0001:0000d780       _invoke_watson_if_error    000000018000e780 f i libucrtd:environment_initialization.obj
 0001:0000dab0       _execute_onexit_table      000000018000eab0 f   libucrtd:onexit.obj
 0001:0000daf0       _initialize_onexit_table   000000018000eaf0 f   libucrtd:onexit.obj
 0001:0000dbc0       __acrt_uninitialize_command_line 000000018000ebc0 f   libucrtd:argv_data.obj
 0001:0000de40       __acrt_initialize          000000018000ee40 f   libucrtd:initialization.obj
 0001:0000de70       __acrt_thread_attach       000000018000ee70 f   libucrtd:initialization.obj
 0001:0000de90       __acrt_thread_detach       000000018000ee90 f   libucrtd:initialization.obj
 0001:0000dea0       __acrt_uninitialize        000000018000eea0 f   libucrtd:initialization.obj
 0001:0000ded0       __acrt_uninitialize_critical 000000018000eed0 f   libucrtd:initialization.obj
 0001:0000def0       terminate                  000000018000eef0 f   libucrtd:terminate.obj
 0001:0000df40       ??0_LocaleUpdate@@QEAA@QEAU__crt_locale_pointers@@@Z 000000018000ef40 f i libucrtd:debug_heap.obj
 0001:0000e060       ??1_LocaleUpdate@@QEAA@XZ  000000018000f060 f i libucrtd:debug_heap.obj
 0001:0000e090       ?GetLocaleT@_LocaleUpdate@@QEAAPEAU__crt_locale_pointers@@XZ 000000018000f090 f i libucrtd:debug_heap.obj
 0001:00010440       _CrtCheckMemory            0000000180011440 f   libucrtd:debug_heap.obj
 0001:000105d0       _CrtDumpMemoryLeaks        00000001800115d0 f   libucrtd:debug_heap.obj
 0001:00010690       _CrtIsValidHeapPointer     0000000180011690 f   libucrtd:debug_heap.obj
 0001:000106e0       _CrtIsValidPointer         00000001800116e0 f   libucrtd:debug_heap.obj
 0001:00010720       _CrtMemCheckpoint          0000000180011720 f   libucrtd:debug_heap.obj
 0001:000109a0       _CrtMemDumpAllObjectsSince 00000001800119a0 f   libucrtd:debug_heap.obj
 0001:00010a00       _CrtSetDbgFlag             0000000180011a00 f   libucrtd:debug_heap.obj
 0001:00010b60       _CrtSetDumpClient          0000000180011b60 f   libucrtd:debug_heap.obj
 0001:00010b90       __acrt_disable_global_locale_sync 0000000180011b90 f i libucrtd:debug_heap.obj
 0001:00010bc0       __acrt_enable_global_locale_sync 0000000180011bc0 f i libucrtd:debug_heap.obj
 0001:00010bf0       __acrt_get_locale_data_prefix 0000000180011bf0 f i libucrtd:debug_heap.obj
 0001:00010c10       __acrt_locale_changed      0000000180011c10 f i libucrtd:debug_heap.obj
 0001:00010c40       _calloc_dbg                0000000180011c40 f   libucrtd:debug_heap.obj
 0001:00010ce0       _chvalidchk_l              0000000180011ce0 f i libucrtd:debug_heap.obj
 0001:00010d10       _free_dbg                  0000000180011d10 f   libucrtd:debug_heap.obj
 0001:00010d80       _invoke_watson_if_oneof    0000000180011d80 f i libucrtd:debug_heap.obj
 0001:00010de0       _ischartype_l              0000000180011de0 f i libucrtd:debug_heap.obj
 0001:00010e70       _malloc_dbg                0000000180011e70 f   libucrtd:debug_heap.obj
 0001:00010eb0       _msize_dbg                 0000000180011eb0 f   libucrtd:debug_heap.obj
 0001:00011050       _realloc_dbg               0000000180012050 f   libucrtd:debug_heap.obj
 0001:000110c0       _recalloc_dbg              00000001800120c0 f   libucrtd:debug_heap.obj
 0001:000116a0       strcpy_s                   00000001800126a0 f   libucrtd:strcpy_s.obj
 0001:000116e0       strcmp                     00000001800126e0 f   libucrtd:strcmp.obj
 0001:00011760       strlen                     0000000180012760 f   libucrtd:strlen.obj
 0001:00011810       abort                      0000000180012810 f   libucrtd:abort.obj
 0001:00011890       ??$initialize_from_array@$$BY00Q6AXPEB_W00I_K@Z@?$dual_state_global@P6AXPEB_W00I_K@Z@__crt_state_management@@QEAAXAEAY00Q6AXPEB_W00I_K@Z@Z 0000000180012890 f i libucrtd:invalid_parameter.obj
 0001:000118f0       ??0?$cached@H@__crt_cached_ptd_host@@QEAA@XZ 00000001800128f0 f i libucrtd:invalid_parameter.obj
 0001:000118f0       ??0?$cached@K@__crt_cached_ptd_host@@QEAA@XZ 00000001800128f0 f i libucrtd:invalid_parameter.obj
 0001:00011910       ??0__crt_cached_ptd_host@@QEAA@QEAU__crt_locale_pointers@@@Z 0000000180012910 f i libucrtd:invalid_parameter.obj
 0001:000119d0       ??0__crt_scoped_get_last_error_reset@@QEAA@XZ 00000001800129d0 f i libucrtd:invalid_parameter.obj
 0001:000119f0       ??1__crt_cached_ptd_host@@QEAA@XZ 00000001800129f0 f i libucrtd:invalid_parameter.obj
 0001:00011aa0       ??1__crt_scoped_get_last_error_reset@@QEAA@XZ 0000000180012aa0 f i libucrtd:invalid_parameter.obj
 0001:00011ac0       ?check_synchronize_global_state_index@__crt_cached_ptd_host@@AEAA_KAEBV__crt_scoped_get_last_error_reset@@@Z 0000000180012ac0 f i libucrtd:invalid_parameter.obj
 0001:00011b00       ?check_synchronize_global_state_index@__crt_cached_ptd_host@@AEAA_KXZ 0000000180012b00 f i libucrtd:invalid_parameter.obj
 0001:00011b60       ?check_synchronize_per_thread_data@__crt_cached_ptd_host@@AEAAPEAU__acrt_ptd@@XZ 0000000180012b60 f i libucrtd:invalid_parameter.obj
 0001:00011ba0       ?force_synchronize_global_state_index@__crt_cached_ptd_host@@AEAA_KAEBV__crt_scoped_get_last_error_reset@@@Z 0000000180012ba0 f i libucrtd:invalid_parameter.obj
 0001:00011be0       ?force_synchronize_per_thread_data@__crt_cached_ptd_host@@AEAAPEAU__acrt_ptd@@XZ 0000000180012be0 f i libucrtd:invalid_parameter.obj
 0001:00011c40       ?get_current_global_state_index@__crt_cached_ptd_host@@QEAA_KXZ 0000000180012c40 f i libucrtd:invalid_parameter.obj
 0001:00011c60       ?get_current_state_index@__crt_state_management@@YA_KAEBV__crt_scoped_get_last_error_reset@@@Z 0000000180012c60 f i libucrtd:invalid_parameter.obj
 0001:00011c70       ?get_raw_ptd@__crt_cached_ptd_host@@QEAAPEAU__acrt_ptd@@XZ 0000000180012c70 f i libucrtd:invalid_parameter.obj
 0001:00011c90       ?get_raw_ptd_noexit@__crt_cached_ptd_host@@QEAAPEAU__acrt_ptd@@XZ 0000000180012c90 f i libucrtd:invalid_parameter.obj
 0001:00011cb0       ?try_synchronize_per_thread_data@__crt_cached_ptd_host@@AEAAPEAU__acrt_ptd@@XZ 0000000180012cb0 f i libucrtd:invalid_parameter.obj
 0001:00011ce0       ?unsafe_value@?$cached@H@__crt_cached_ptd_host@@QEAAHXZ 0000000180012ce0 f i libucrtd:invalid_parameter.obj
 0001:00011ce0       ?unsafe_value@?$cached@K@__crt_cached_ptd_host@@QEAAKXZ 0000000180012ce0 f i libucrtd:invalid_parameter.obj
 0001:00011cf0       ?valid@?$cached@H@__crt_cached_ptd_host@@QEBA_NXZ 0000000180012cf0 f i libucrtd:invalid_parameter.obj
 0001:00011cf0       ?valid@?$cached@K@__crt_cached_ptd_host@@QEBA_NXZ 0000000180012cf0 f i libucrtd:invalid_parameter.obj
 0001:00011d00       ?value@?$dual_state_global@P6AXPEB_W00I_K@Z@__crt_state_management@@QEAAAEAP6AXPEB_W00I_K@ZAEAV__crt_cached_ptd_host@@@Z 0000000180012d00 f i libucrtd:invalid_parameter.obj
 0001:00011d30       __acrt_call_reportfault    0000000180012d30 f   libucrtd:invalid_parameter.obj
 0001:00011e60       __acrt_initialize_invalid_parameter_handler 0000000180012e60 f   libucrtd:invalid_parameter.obj
 0001:00011e90       _invalid_parameter         0000000180012e90 f   libucrtd:invalid_parameter.obj
 0001:00011f00       _invalid_parameter_internal 0000000180012f00 f   libucrtd:invalid_parameter.obj
 0001:00012050       _invalid_parameter_noinfo  0000000180013050 f   libucrtd:invalid_parameter.obj
 0001:00012080       _invoke_watson             0000000180013080 f   libucrtd:invalid_parameter.obj
 0001:000120e0       ??$?0AEBV?$string_output_adapter@D@__crt_stdio_output@@AEB_KAEBQEBDAEAV__crt_cached_ptd_host@@AEBQEAD@?$format_validation_base@DV?$string_output_adapter@D@__crt_stdio_output@@@__crt_stdio_output@@IEAA@AEBV?$string_output_adapter@D@1@AEB_KAEBQEBDAEAV__crt_cached_ptd_host@@AEBQEAD@Z 00000001800130e0 f i libucrtd:output.obj
 0001:00012130       ??$?0AEBV?$string_output_adapter@D@__crt_stdio_output@@AEB_KAEBQEBDAEAV__crt_cached_ptd_host@@AEBQEAD@?$standard_base@DV?$string_output_adapter@D@__crt_stdio_output@@@__crt_stdio_output@@IEAA@AEBV?$string_output_adapter@D@1@AEB_KAEBQEBDAEAV__crt_cached_ptd_host@@AEBQEAD@Z 0000000180013130 f i libucrtd:output.obj
 0001:000121a0       ??$?0AEBV?$string_output_adapter@_W@__crt_stdio_output@@AEB_KAEBQEB_WAEAV__crt_cached_ptd_host@@AEBQEAD@?$format_validation_base@_WV?$string_output_adapter@_W@__crt_stdio_output@@@__crt_stdio_output@@IEAA@AEBV?$string_output_adapter@_W@1@AEB_KAEBQEB_WAEAV__crt_cached_ptd_host@@AEBQEAD@Z 00000001800131a0 f i libucrtd:output.obj
 0001:000121f0       ??$?0AEBV?$string_output_adapter@_W@__crt_stdio_output@@AEB_KAEBQEB_WAEAV__crt_cached_ptd_host@@AEBQEAD@?$standard_base@_WV?$string_output_adapter@_W@__crt_stdio_output@@@__crt_stdio_output@@IEAA@AEBV?$string_output_adapter@_W@1@AEB_KAEBQEB_WAEAV__crt_cached_ptd_host@@AEBQEAD@Z 00000001800131f0 f i libucrtd:output.obj
 0001:00012260       ??$_tcstol_internal@DPEAPEAD$0A@@@YAJAEAV__crt_cached_ptd_host@@QEBDQEAPEADH@Z 0000000180013260 f i libucrtd:output.obj
 0001:000122b0       ??$_tcstol_internal@_WPEAPEA_W$0A@@@YAJAEAV__crt_cached_ptd_host@@QEB_WQEAPEA_WH@Z 00000001800132b0 f i libucrtd:output.obj
 0001:00013e80       ??$count@D@formatting_buffer@__crt_stdio_output@@QEBA_KXZ 0000000180014e80 f i libucrtd:output.obj
 0001:00013ed0       ??$count@_W@formatting_buffer@__crt_stdio_output@@QEBA_KXZ 0000000180014ed0 f i libucrtd:output.obj
 0001:00013f20       ??$data@D@formatting_buffer@__crt_stdio_output@@QEAAPEADXZ 0000000180014f20 f i libucrtd:output.obj
 0001:00013f20       ??$data@_W@formatting_buffer@__crt_stdio_output@@QEAAPEA_WXZ 0000000180014f20 f i libucrtd:output.obj
 0001:00013f70       ??$ensure_buffer_is_big_enough@D@formatting_buffer@__crt_stdio_output@@QEAA_N_KAEAV__crt_cached_ptd_host@@@Z 0000000180014f70 f i libucrtd:output.obj
 0001:000140b0       ??$ensure_buffer_is_big_enough@_W@formatting_buffer@__crt_stdio_output@@QEAA_N_KAEAV__crt_cached_ptd_host@@@Z 00000001800150b0 f i libucrtd:output.obj
 0001:000141f0       ??$extract_argument_from_va_list@C_J@?$standard_base@DV?$string_output_adapter@D@__crt_stdio_output@@@__crt_stdio_output@@IEAA_NAEA_J@Z 00000001800151f0 f i libucrtd:output.obj
 0001:000141f0       ??$extract_argument_from_va_list@C_J@?$standard_base@_WV?$string_output_adapter@_W@__crt_stdio_output@@@__crt_stdio_output@@IEAA_NAEA_J@Z 00000001800151f0 f i libucrtd:output.obj
 0001:00014230       ??$extract_argument_from_va_list@E_J@?$standard_base@DV?$string_output_adapter@D@__crt_stdio_output@@@__crt_stdio_output@@IEAA_NAEA_J@Z 0000000180015230 f i libucrtd:output.obj
 0001:00014230       ??$extract_argument_from_va_list@E_J@?$standard_base@_WV?$string_output_adapter@_W@__crt_stdio_output@@@__crt_stdio_output@@IEAA_NAEA_J@Z 0000000180015230 f i libucrtd:output.obj
 0001:00014270       ??$extract_argument_from_va_list@F_J@?$standard_base@DV?$string_output_adapter@D@__crt_stdio_output@@@__crt_stdio_output@@IEAA_NAEA_J@Z 0000000180015270 f i libucrtd:output.obj
 0001:00014270       ??$extract_argument_from_va_list@F_J@?$standard_base@_WV?$string_output_adapter@_W@__crt_stdio_output@@@__crt_stdio_output@@IEAA_NAEA_J@Z 0000000180015270 f i libucrtd:output.obj
 0001:000142b0       ??$extract_argument_from_va_list@GD@?$standard_base@DV?$string_output_adapter@D@__crt_stdio_output@@@__crt_stdio_output@@IEAA_NAEAD@Z 00000001800152b0 f i libucrtd:output.obj
 0001:000142e0       ??$extract_argument_from_va_list@G_J@?$standard_base@DV?$string_output_adapter@D@__crt_stdio_output@@@__crt_stdio_output@@IEAA_NAEA_J@Z 00000001800152e0 f i libucrtd:output.obj
 0001:000142e0       ??$extract_argument_from_va_list@G_J@?$standard_base@_WV?$string_output_adapter@_W@__crt_stdio_output@@@__crt_stdio_output@@IEAA_NAEA_J@Z 00000001800152e0 f i libucrtd:output.obj
 0001:00014320       ??$extract_argument_from_va_list@H_J@?$standard_base@DV?$string_output_adapter@D@__crt_stdio_output@@@__crt_stdio_output@@IEAA_NAEA_J@Z 0000000180015320 f i libucrtd:output.obj
 0001:00014320       ??$extract_argument_from_va_list@H_J@?$standard_base@_WV?$string_output_adapter@_W@__crt_stdio_output@@@__crt_stdio_output@@IEAA_NAEA_J@Z 0000000180015320 f i libucrtd:output.obj
 0001:00014350       ??$extract_argument_from_va_list@I_J@?$standard_base@DV?$string_output_adapter@D@__crt_stdio_output@@@__crt_stdio_output@@IEAA_NAEA_J@Z 0000000180015350 f i libucrtd:output.obj
 0001:00014350       ??$extract_argument_from_va_list@I_J@?$standard_base@_WV?$string_output_adapter@_W@__crt_stdio_output@@@__crt_stdio_output@@IEAA_NAEA_J@Z 0000000180015350 f i libucrtd:output.obj
 0001:00014380       ??$extract_argument_from_va_list@PEADPEAD@?$standard_base@DV?$string_output_adapter@D@__crt_stdio_output@@@__crt_stdio_output@@IEAA_NAEAPEAD@Z 0000000180015380 f i libucrtd:output.obj
 0001:00014380       ??$extract_argument_from_va_list@PEADPEAD@?$standard_base@_WV?$string_output_adapter@_W@__crt_stdio_output@@@__crt_stdio_output@@IEAA_NAEAPEAD@Z 0000000180015380 f i libucrtd:output.obj
 0001:00014380       ??$extract_argument_from_va_list@PEAUansi_string@?1??type_case_Z@?$output_processor@DV?$string_output_adapter@D@__crt_stdio_output@@V?$format_validation_base@DV?$string_output_adapter@D@__crt_stdio_output@@@2@@__crt_stdio_output@@AEAA_NXZ@PEAU1?1??234@AEAA_NXZ@@?$standard_base@DV?$string_output_adapter@D@__crt_stdio_output@@@__crt_stdio_output@@IEAA_NAEAPEAUansi_string@?1??type_case_Z@?$output_processor@DV?$string_output_adapter@D@__crt_stdio_output@@V?$format_validation_base@DV?$string_output_adapter@D@__crt_stdio_output@@@2@@1@AEAA_NXZ@@Z 0000000180015380 f i libucrtd:output.obj
 0001:00014380       ??$extract_argument_from_va_list@PEAUansi_string@?1??type_case_Z@?$output_processor@_WV?$string_output_adapter@_W@__crt_stdio_output@@V?$format_validation_base@_WV?$string_output_adapter@_W@__crt_stdio_output@@@2@@__crt_stdio_output@@AEAA_NXZ@PEAU1?1??234@AEAA_NXZ@@?$standard_base@_WV?$string_output_adapter@_W@__crt_stdio_output@@@__crt_stdio_output@@IEAA_NAEAPEAUansi_string@?1??type_case_Z@?$output_processor@_WV?$string_output_adapter@_W@__crt_stdio_output@@V?$format_validation_base@_WV?$string_output_adapter@_W@__crt_stdio_output@@@2@@1@AEAA_NXZ@@Z 0000000180015380 f i libucrtd:output.obj
 0001:00014380       ??$extract_argument_from_va_list@PEAXPEAX@?$standard_base@DV?$string_output_adapter@D@__crt_stdio_output@@@__crt_stdio_output@@IEAA_NAEAPEAX@Z 0000000180015380 f i libucrtd:output.obj
 0001:00014380       ??$extract_argument_from_va_list@PEAXPEAX@?$standard_base@_WV?$string_output_adapter@_W@__crt_stdio_output@@@__crt_stdio_output@@IEAA_NAEAPEAX@Z 0000000180015380 f i libucrtd:output.obj
 0001:00014380       ??$extract_argument_from_va_list@_J_J@?$standard_base@DV?$string_output_adapter@D@__crt_stdio_output@@@__crt_stdio_output@@IEAA_NAEA_J@Z 0000000180015380 f i libucrtd:output.obj
 0001:00014380       ??$extract_argument_from_va_list@_J_J@?$standard_base@_WV?$string_output_adapter@_W@__crt_stdio_output@@@__crt_stdio_output@@IEAA_NAEA_J@Z 0000000180015380 f i libucrtd:output.obj
 0001:00014380       ??$extract_argument_from_va_list@_K_J@?$standard_base@DV?$string_output_adapter@D@__crt_stdio_output@@@__crt_stdio_output@@IEAA_NAEA_J@Z 0000000180015380 f i libucrtd:output.obj
 0001:00014380       ??$extract_argument_from_va_list@_K_J@?$standard_base@_WV?$string_output_adapter@_W@__crt_stdio_output@@@__crt_stdio_output@@IEAA_NAEA_J@Z 0000000180015380 f i libucrtd:output.obj
 0001:000143b0       ??$extract_argument_from_va_list@U_CRT_DOUBLE@@U1@@?$standard_base@DV?$string_output_adapter@D@__crt_stdio_output@@@__crt_stdio_output@@IEAA_NAEAU_CRT_DOUBLE@@@Z 00000001800153b0 f i libucrtd:output.obj
 0001:000143b0       ??$extract_argument_from_va_list@U_CRT_DOUBLE@@U1@@?$standard_base@_WV?$string_output_adapter@_W@__crt_stdio_output@@@__crt_stdio_output@@IEAA_NAEAU_CRT_DOUBLE@@@Z 00000001800153b0 f i libucrtd:output.obj
 0001:00014400       ??$extract_argument_from_va_list@_W_W@?$standard_base@DV?$string_output_adapter@D@__crt_stdio_output@@@__crt_stdio_output@@IEAA_NAEA_W@Z 0000000180015400 f i libucrtd:output.obj
 0001:00014400       ??$extract_argument_from_va_list@_W_W@?$standard_base@_WV?$string_output_adapter@_W@__crt_stdio_output@@@__crt_stdio_output@@IEAA_NAEA_W@Z 0000000180015400 f i libucrtd:output.obj
 0001:00014430       ??$is_overflow_condition@K@__crt_strtox@@YA_NIK@Z 0000000180015430 f i libucrtd:output.obj
 0001:000144a0       ??$is_wide_character_specifier@D@__crt_stdio_output@@YA_N_KDW4length_modifier@0@@Z 00000001800154a0 f i libucrtd:output.obj
 0001:00014540       ??$is_wide_character_specifier@_W@__crt_stdio_output@@YA_N_K_WW4length_modifier@0@@Z 0000000180015540 f i libucrtd:output.obj
 0001:00014610       ??$make_c_string_character_source@DPEAPEAD@__crt_strtox@@YA?AV?$c_string_character_source@D@0@QEBDQEAPEAD@Z 0000000180015610 f i libucrtd:output.obj
 0001:00014610       ??$make_c_string_character_source@_WPEAPEA_W@__crt_strtox@@YA?AV?$c_string_character_source@_W@0@QEB_WQEAPEA_W@Z 0000000180015610 f i libucrtd:output.obj
 0001:00014650       ??$parse_integer@KV?$c_string_character_source@D@__crt_strtox@@$0A@@__crt_strtox@@YAKAEAV__crt_cached_ptd_host@@V?$c_string_character_source@D@0@H_N@Z 0000000180015650 f i libucrtd:output.obj
 0001:00014ad0       ??$parse_integer@KV?$c_string_character_source@_W@__crt_strtox@@$0A@@__crt_strtox@@YAKAEAV__crt_cached_ptd_host@@V?$c_string_character_source@_W@0@H_N@Z 0000000180015ad0 f i libucrtd:output.obj
 0001:00014f50       ??$read_va_arg@C@__crt_stdio_output@@YACAEAPEAD@Z 0000000180015f50 f i libucrtd:output.obj
 0001:00014f50       ??$read_va_arg@E@__crt_stdio_output@@YAEAEAPEAD@Z 0000000180015f50 f i libucrtd:output.obj
 0001:00014fc0       ??$read_va_arg@F@__crt_stdio_output@@YAFAEAPEAD@Z 0000000180015fc0 f i libucrtd:output.obj
 0001:00014fc0       ??$read_va_arg@G@__crt_stdio_output@@YAGAEAPEAD@Z 0000000180015fc0 f i libucrtd:output.obj
 0001:00014fc0       ??$read_va_arg@_W@__crt_stdio_output@@YA_WAEAPEAD@Z 0000000180015fc0 f i libucrtd:output.obj
 0001:00015030       ??$read_va_arg@H@__crt_stdio_output@@YAHAEAPEAD@Z 0000000180016030 f i libucrtd:output.obj
 0001:00015030       ??$read_va_arg@I@__crt_stdio_output@@YAIAEAPEAD@Z 0000000180016030 f i libucrtd:output.obj
 0001:00015090       ??$read_va_arg@PEAD@__crt_stdio_output@@YAPEADAEAPEAD@Z 0000000180016090 f i libucrtd:output.obj
 0001:00015090       ??$read_va_arg@PEAUansi_string@?1??type_case_Z@?$output_processor@DV?$string_output_adapter@D@__crt_stdio_output@@V?$format_validation_base@DV?$string_output_adapter@D@__crt_stdio_output@@@2@@__crt_stdio_output@@AEAA_NXZ@@__crt_stdio_output@@YAPEAUansi_string@?1??type_case_Z@?$output_processor@DV?$string_output_adapter@D@__crt_stdio_output@@V?$format_validation_base@DV?$string_output_adapter@D@__crt_stdio_output@@@2@@0@AEAA_NXZ@AEAPEAD@Z 0000000180016090 f i libucrtd:output.obj
 0001:00015090       ??$read_va_arg@PEAUansi_string@?1??type_case_Z@?$output_processor@_WV?$string_output_adapter@_W@__crt_stdio_output@@V?$format_validation_base@_WV?$string_output_adapter@_W@__crt_stdio_output@@@2@@__crt_stdio_output@@AEAA_NXZ@@__crt_stdio_output@@YAPEAUansi_string@?1??type_case_Z@?$output_processor@_WV?$string_output_adapter@_W@__crt_stdio_output@@V?$format_validation_base@_WV?$string_output_adapter@_W@__crt_stdio_output@@@2@@0@AEAA_NXZ@AEAPEAD@Z 0000000180016090 f i libucrtd:output.obj
 0001:00015090       ??$read_va_arg@PEAX@__crt_stdio_output@@YAPEAXAEAPEAD@Z 0000000180016090 f i libucrtd:output.obj
 0001:00015090       ??$read_va_arg@U_CRT_DOUBLE@@@__crt_stdio_output@@YA?AU_CRT_DOUBLE@@AEAPEAD@Z 0000000180016090 f i libucrtd:output.obj
 0001:00015090       ??$read_va_arg@_J@__crt_stdio_output@@YA_JAEAPEAD@Z 0000000180016090 f i libucrtd:output.obj
 0001:00015090       ??$read_va_arg@_K@__crt_stdio_output@@YA_KAEAPEAD@Z 0000000180016090 f i libucrtd:output.obj
 0001:00015100       ??$scratch_count@D@formatting_buffer@__crt_stdio_output@@QEBA_KXZ 0000000180016100 f i libucrtd:output.obj
 0001:00015120       ??$scratch_data@D@formatting_buffer@__crt_stdio_output@@QEAAPEADXZ 0000000180016120 f i libucrtd:output.obj
 0001:00015190       ??$type_case_integer@$07@?$output_processor@DV?$string_output_adapter@D@__crt_stdio_output@@V?$format_validation_base@DV?$string_output_adapter@D@__crt_stdio_output@@@2@@__crt_stdio_output@@AEAA_N_N@Z 0000000180016190 f i libucrtd:output.obj
 0001:00015610       ??$type_case_integer@$07@?$output_processor@_WV?$string_output_adapter@_W@__crt_stdio_output@@V?$format_validation_base@_WV?$string_output_adapter@_W@__crt_stdio_output@@@2@@__crt_stdio_output@@AEAA_N_N@Z 0000000180016610 f i libucrtd:output.obj
 0001:00015a90       ??$type_case_integer@$09@?$output_processor@DV?$string_output_adapter@D@__crt_stdio_output@@V?$format_validation_base@DV?$string_output_adapter@D@__crt_stdio_output@@@2@@__crt_stdio_output@@AEAA_N_N@Z 0000000180016a90 f i libucrtd:output.obj
 0001:00015f10       ??$type_case_integer@$09@?$output_processor@_WV?$string_output_adapter@_W@__crt_stdio_output@@V?$format_validation_base@_WV?$string_output_adapter@_W@__crt_stdio_output@@@2@@__crt_stdio_output@@AEAA_N_N@Z 0000000180016f10 f i libucrtd:output.obj
 0001:00016390       ??$type_case_integer@$0BA@@?$output_processor@DV?$string_output_adapter@D@__crt_stdio_output@@V?$format_validation_base@DV?$string_output_adapter@D@__crt_stdio_output@@@2@@__crt_stdio_output@@AEAA_N_N@Z 0000000180017390 f i libucrtd:output.obj
 0001:00016810       ??$type_case_integer@$0BA@@?$output_processor@_WV?$string_output_adapter@_W@__crt_stdio_output@@V?$format_validation_base@_WV?$string_output_adapter@_W@__crt_stdio_output@@@2@@__crt_stdio_output@@AEAA_N_N@Z 0000000180017810 f i libucrtd:output.obj
 0001:00016c90       ??$type_case_integer_parse_into_buffer@I$07@?$output_processor@DV?$string_output_adapter@D@__crt_stdio_output@@V?$format_validation_base@DV?$string_output_adapter@D@__crt_stdio_output@@@2@@__crt_stdio_output@@AEAAXI_N@Z 0000000180017c90 f i libucrtd:output.obj
 0001:00016dc0       ??$type_case_integer_parse_into_buffer@I$07@?$output_processor@_WV?$string_output_adapter@_W@__crt_stdio_output@@V?$format_validation_base@_WV?$string_output_adapter@_W@__crt_stdio_output@@@2@@__crt_stdio_output@@AEAAXI_N@Z 0000000180017dc0 f i libucrtd:output.obj
 0001:00016f00       ??$type_case_integer_parse_into_buffer@I$09@?$output_processor@DV?$string_output_adapter@D@__crt_stdio_output@@V?$format_validation_base@DV?$string_output_adapter@D@__crt_stdio_output@@@2@@__crt_stdio_output@@AEAAXI_N@Z 0000000180017f00 f i libucrtd:output.obj
 0001:00017030       ??$type_case_integer_parse_into_buffer@I$09@?$output_processor@_WV?$string_output_adapter@_W@__crt_stdio_output@@V?$format_validation_base@_WV?$string_output_adapter@_W@__crt_stdio_output@@@2@@__crt_stdio_output@@AEAAXI_N@Z 0000000180018030 f i libucrtd:output.obj
 0001:00017170       ??$type_case_integer_parse_into_buffer@I$0BA@@?$output_processor@DV?$string_output_adapter@D@__crt_stdio_output@@V?$format_validation_base@DV?$string_output_adapter@D@__crt_stdio_output@@@2@@__crt_stdio_output@@AEAAXI_N@Z 0000000180018170 f i libucrtd:output.obj
 0001:000172a0       ??$type_case_integer_parse_into_buffer@I$0BA@@?$output_processor@_WV?$string_output_adapter@_W@__crt_stdio_output@@V?$format_validation_base@_WV?$string_output_adapter@_W@__crt_stdio_output@@@2@@__crt_stdio_output@@AEAAXI_N@Z 00000001800182a0 f i libucrtd:output.obj
 0001:000173e0       ??$type_case_integer_parse_into_buffer@_K$07@?$output_processor@DV?$string_output_adapter@D@__crt_stdio_output@@V?$format_validation_base@DV?$string_output_adapter@D@__crt_stdio_output@@@2@@__crt_stdio_output@@AEAAX_K_N@Z 00000001800183e0 f i libucrtd:output.obj
 0001:00017520       ??$type_case_integer_parse_into_buffer@_K$07@?$output_processor@_WV?$string_output_adapter@_W@__crt_stdio_output@@V?$format_validation_base@_WV?$string_output_adapter@_W@__crt_stdio_output@@@2@@__crt_stdio_output@@AEAAX_K_N@Z 0000000180018520 f i libucrtd:output.obj
 0001:00017660       ??$type_case_integer_parse_into_buffer@_K$09@?$output_processor@DV?$string_output_adapter@D@__crt_stdio_output@@V?$format_validation_base@DV?$string_output_adapter@D@__crt_stdio_output@@@2@@__crt_stdio_output@@AEAAX_K_N@Z 0000000180018660 f i libucrtd:output.obj
 0001:000177a0       ??$type_case_integer_parse_into_buffer@_K$09@?$output_processor@_WV?$string_output_adapter@_W@__crt_stdio_output@@V?$format_validation_base@_WV?$string_output_adapter@_W@__crt_stdio_output@@@2@@__crt_stdio_output@@AEAAX_K_N@Z 00000001800187a0 f i libucrtd:output.obj
 0001:000178e0       ??$type_case_integer_parse_into_buffer@_K$0BA@@?$output_processor@DV?$string_output_adapter@D@__crt_stdio_output@@V?$format_validation_base@DV?$string_output_adapter@D@__crt_stdio_output@@@2@@__crt_stdio_output@@AEAAX_K_N@Z 00000001800188e0 f i libucrtd:output.obj
 0001:00017a20       ??$type_case_integer_parse_into_buffer@_K$0BA@@?$output_processor@_WV?$string_output_adapter@_W@__crt_stdio_output@@V?$format_validation_base@_WV?$string_output_adapter@_W@__crt_stdio_output@@@2@@__crt_stdio_output@@AEAAX_K_N@Z 0000000180018a20 f i libucrtd:output.obj
 0001:00017b60       ??$write_multiple_characters@V?$string_output_adapter@D@__crt_stdio_output@@D@__crt_stdio_output@@YAXAEBV?$string_output_adapter@D@0@DHQEAHAEAV__crt_cached_ptd_host@@@Z 0000000180018b60 f i libucrtd:output.obj
 0001:00017bd0       ??$write_multiple_characters@V?$string_output_adapter@_W@__crt_stdio_output@@D@__crt_stdio_output@@YAXAEBV?$string_output_adapter@_W@0@DHQEAHAEAV__crt_cached_ptd_host@@@Z 0000000180018bd0 f i libucrtd:output.obj
 0001:00017c40       ??0?$c_string_character_source@D@__crt_strtox@@QEAA@QEBDQEAPEBD@Z 0000000180018c40 f i libucrtd:output.obj
 0001:00017c40       ??0?$c_string_character_source@_W@__crt_strtox@@QEAA@QEB_WQEAPEB_W@Z 0000000180018c40 f i libucrtd:output.obj
 0001:00017c90       ??0?$common_data@D@__crt_stdio_output@@IEAA@AEAV__crt_cached_ptd_host@@@Z 0000000180018c90 f i libucrtd:output.obj
 0001:00017d50       ??0?$common_data@_W@__crt_stdio_output@@IEAA@AEAV__crt_cached_ptd_host@@@Z 0000000180018d50 f i libucrtd:output.obj
 0001:00017e10       ??0?$output_adapter_data@DV?$string_output_adapter@D@__crt_stdio_output@@@__crt_stdio_output@@IEAA@AEBV?$string_output_adapter@D@1@_KQEBDAEAV__crt_cached_ptd_host@@QEAD@Z 0000000180018e10 f i libucrtd:output.obj
 0001:00017e90       ??0?$output_adapter_data@_WV?$string_output_adapter@_W@__crt_stdio_output@@@__crt_stdio_output@@IEAA@AEBV?$string_output_adapter@_W@1@_KQEB_WAEAV__crt_cached_ptd_host@@QEAD@Z 0000000180018e90 f i libucrtd:output.obj
 0001:00017f10       ??0?$output_processor@DV?$string_output_adapter@D@__crt_stdio_output@@V?$format_validation_base@DV?$string_output_adapter@D@__crt_stdio_output@@@2@@__crt_stdio_output@@QEAA@AEBV?$string_output_adapter@D@1@_KQEBDAEAV__crt_cached_ptd_host@@QEAD@Z 0000000180018f10 f i libucrtd:output.obj
 0001:00017f60       ??0?$output_processor@_WV?$string_output_adapter@_W@__crt_stdio_output@@V?$format_validation_base@_WV?$string_output_adapter@_W@__crt_stdio_output@@@2@@__crt_stdio_output@@QEAA@AEBV?$string_output_adapter@_W@1@_KQEB_WAEAV__crt_cached_ptd_host@@QEAD@Z 0000000180018f60 f i libucrtd:output.obj
 0001:00017fb0       ??0formatting_buffer@__crt_stdio_output@@QEAA@XZ 0000000180018fb0 f i libucrtd:output.obj
 0001:00017ff0       ??0guard@?$cached@H@__crt_cached_ptd_host@@QEAA@AEAU12@@Z 0000000180018ff0 f i libucrtd:output.obj
 0001:00018030       ??1?$c_string_character_source@D@__crt_strtox@@QEAA@XZ 0000000180019030 f i libucrtd:output.obj
 0001:00018030       ??1?$c_string_character_source@_W@__crt_strtox@@QEAA@XZ 0000000180019030 f i libucrtd:output.obj
 0001:00018060       ??1?$common_data@D@__crt_stdio_output@@QEAA@XZ 0000000180019060 f i libucrtd:output.obj
 0001:00018060       ??1?$common_data@_W@__crt_stdio_output@@QEAA@XZ 0000000180019060 f i libucrtd:output.obj
 0001:00018080       ??1?$format_validation_base@DV?$string_output_adapter@D@__crt_stdio_output@@@__crt_stdio_output@@QEAA@XZ 0000000180019080 f i libucrtd:output.obj
 0001:00018080       ??1?$format_validation_base@_WV?$string_output_adapter@_W@__crt_stdio_output@@@__crt_stdio_output@@QEAA@XZ 0000000180019080 f i libucrtd:output.obj
 0001:000180a0       ??1?$output_adapter_data@DV?$string_output_adapter@D@__crt_stdio_output@@@__crt_stdio_output@@QEAA@XZ 00000001800190a0 f i libucrtd:output.obj
 0001:000180a0       ??1?$output_adapter_data@_WV?$string_output_adapter@_W@__crt_stdio_output@@@__crt_stdio_output@@QEAA@XZ 00000001800190a0 f i libucrtd:output.obj
 0001:000180c0       ??1?$output_processor@DV?$string_output_adapter@D@__crt_stdio_output@@V?$format_validation_base@DV?$string_output_adapter@D@__crt_stdio_output@@@2@@__crt_stdio_output@@QEAA@XZ 00000001800190c0 f i libucrtd:output.obj
 0001:000180c0       ??1?$output_processor@_WV?$string_output_adapter@_W@__crt_stdio_output@@V?$format_validation_base@_WV?$string_output_adapter@_W@__crt_stdio_output@@@2@@__crt_stdio_output@@QEAA@XZ 00000001800190c0 f i libucrtd:output.obj
 0001:000180e0       ??1?$standard_base@DV?$string_output_adapter@D@__crt_stdio_output@@@__crt_stdio_output@@QEAA@XZ 00000001800190e0 f i libucrtd:output.obj
 0001:000180e0       ??1?$standard_base@_WV?$string_output_adapter@_W@__crt_stdio_output@@@__crt_stdio_output@@QEAA@XZ 00000001800190e0 f i libucrtd:output.obj
 0001:00018100       ??1formatting_buffer@__crt_stdio_output@@QEAA@XZ 0000000180019100 f i libucrtd:output.obj
 0001:00018130       ??1guard@?$cached@H@__crt_cached_ptd_host@@QEAA@XZ 0000000180019130 f i libucrtd:output.obj
 0001:00018160       ??4?$__crt_unique_heap_ptr@DU__crt_internal_free_policy@@@@QEAAAEAV0@$$QEAV0@@Z 0000000180019160 f i libucrtd:output.obj
 0001:000181a0       ??A?$spectre_mitigated_lookup_table@Ustate_transition_pair@__crt_stdio_output@@$0IA@@__crt_stdio_output@@QEBAAEBUstate_transition_pair@1@_K@Z 00000001800191a0 f i libucrtd:output.obj
 0001:000181c0       ?adjust_hexit@?$output_processor@DV?$string_output_adapter@D@__crt_stdio_output@@V?$format_validation_base@DV?$string_output_adapter@D@__crt_stdio_output@@@2@@__crt_stdio_output@@CADH_N@Z 00000001800191c0 f i libucrtd:output.obj
 0001:000181c0       ?adjust_hexit@?$output_processor@_WV?$string_output_adapter@_W@__crt_stdio_output@@V?$format_validation_base@_WV?$string_output_adapter@_W@__crt_stdio_output@@@2@@__crt_stdio_output@@CADH_N@Z 00000001800191c0 f i libucrtd:output.obj
[...]
 0002:000126c4       $unwind$_wctomb_internal   00000001800546c4     libucrtd:wctomb.obj
 0002:000126d0       $unwind$_mbtowc_internal   00000001800546d0     libucrtd:mbtowc.obj
 0002:000126d8       $unwind$_VCrtDbgReportA    00000001800546d8     libucrtd:dbgrptt.obj
 0002:00012710       $unwind$_VCrtDbgReportW    0000000180054710     libucrtd:dbgrptt.obj
 0002:00012748       $unwind$_ctrlfp            0000000180054748     libucrtd:fpctrl.obj
 0002:00012768       $unwind$__acrt_update_thread_locale_data 0000000180054768     libucrtd:locale_refcounting.obj
 0002:00012788       $unwind$qsort              0000000180054788     libucrtd:qsort.obj
 0002:00012798       $unwind$?shortsort@@YAXPEAD0_KP6AHPEBX2@Z@Z 0000000180054798     libucrtd:qsort.obj
 0002:000127a8       $stateUnwindMap$?shortsort@@YAXPEAD0_KP6AHPEBX2@Z@Z 00000001800547a8     libucrtd:qsort.obj
 0002:000127b0       $ip2state$?shortsort@@YAXPEAD0_KP6AHPEBX2@Z@Z 00000001800547b0     libucrtd:qsort.obj
 0002:000127c8       $unwind$strpbrk            00000001800547c8     libucrtd:strpbrk.obj
 0002:000127d0       $unwind$fallbackMethod     00000001800547d0     libucrtd:strpbrk.obj
 0002:000127e0       $unwind$_mbsdec_l          00000001800547e0     libucrtd:mbsdec.obj
 0002:000127e8       $unwind$__acrt_GetStringTypeA 00000001800547e8     libucrtd:getstringtypea.obj
 0002:000127f0       $unwind$?__acrt_LCMapStringA_stat@@YAHPEAU__crt_locale_pointers@@PEB_WKPEBDHPEADHHH@Z 00000001800547f0     libucrtd:lcmapstringa.obj
 0002:000127f8       $unwind$__acrt_lowio_ensure_fh_exists 00000001800547f8     libucrtd:osfinfo.obj
 0002:00012818       $unwind$?common_flush_all@@YAH_N@Z 0000000180054818     libucrtd:fflush.obj
 0002:00012828       $ip2state$?common_flush_all@@YAH_N@Z 0000000180054828     libucrtd:fflush.obj
 0002:00012830       $unwind$??$__acrt_lock_stream_and_call@V<lambda_c5860995281e5c4ce005b3de8f5874ee>@@@@YAXQEAU_iobuf@@$$QEAV<lambda_c5860995281e5c4ce005b3de8f5874ee>@@@Z 0000000180054830     libucrtd:fflush.obj
 0002:00012840       $ip2state$??$__acrt_lock_stream_and_call@V<lambda_c5860995281e5c4ce005b3de8f5874ee>@@@@YAXQEAU_iobuf@@$$QEAV<lambda_c5860995281e5c4ce005b3de8f5874ee>@@@Z 0000000180054840     libucrtd:fflush.obj
 0002:00012848       $unwind$??$__acrt_lock_and_call@V<lambda_ab61a845afdef5b7c387490eaf3616ee>@@@@YAXW4__acrt_lock_id@@$$QEAV<lambda_ab61a845afdef5b7c387490eaf3616ee>@@@Z 0000000180054848     libucrtd:fflush.obj
 0002:00012858       $ip2state$??$__acrt_lock_and_call@V<lambda_ab61a845afdef5b7c387490eaf3616ee>@@@@YAXW4__acrt_lock_id@@$$QEAV<lambda_ab61a845afdef5b7c387490eaf3616ee>@@@Z 0000000180054858     libucrtd:fflush.obj
 0002:00012860       $unwind$??$?RV<lambda_842d9ff0dc9ef11c61343bbaebe7f885>@@AEAV<lambda_c5860995281e5c4ce005b3de8f5874ee>@@V<lambda_d90129c13df834fdcbf8d2b88dafcf2d>@@@?$__crt_seh_guarded_call@X@@QEAAX$$QEAV<lambda_842d9ff0dc9ef11c61343bbaebe7f885>@@AEAV<lambda_c5860995281e5c4ce005b3de8f5874ee>@@$$QEAV<lambda_d90129c13df834fdcbf8d2b88dafcf2d>@@@Z 0000000180054860     libucrtd:fflush.obj
 0002:00012880       $unwind$??$?RV<lambda_886d6c58226a84441f68b9f2b8217b83>@@AEAV<lambda_ab61a845afdef5b7c387490eaf3616ee>@@V<lambda_f7f22ab5edc0698d5f6905b0d3f44752>@@@?$__crt_seh_guarded_call@X@@QEAAX$$QEAV<lambda_886d6c58226a84441f68b9f2b8217b83>@@AEAV<lambda_ab61a845afdef5b7c387490eaf3616ee>@@$$QEAV<lambda_f7f22ab5edc0698d5f6905b0d3f44752>@@@Z 0000000180054880     libucrtd:fflush.obj
 0002:000128a0       $unwind$??$common_tcscat_s@D@@YAHQEAD_KQEBD@Z 00000001800548a0     libucrtd:strcat_s.obj
 0002:000128a0       $unwind$??$common_tcscat_s@_W@@YAHQEA_W_KQEB_W@Z 00000001800548a0     libucrtd:wcscat_s.obj
 0002:000128a8       $unwind$__acrt_fltout      00000001800548a8     libucrtd:cfout.obj
 0002:000128b0       $unwind$?make_big_integer@__crt_strtox@@YA?AUbig_integer@1@_K@Z 00000001800548b0     libucrtd:cfout.obj
 0002:000128c0       $unwind$?make_big_integer_power_of_two@__crt_strtox@@YA?AUbig_integer@1@I@Z 00000001800548c0     libucrtd:cfout.obj
 0002:000128d0       $unwind$?shift_left@__crt_strtox@@YA_NAEAUbig_integer@1@I@Z 00000001800548d0     libucrtd:cfout.obj
 0002:000128e0       $unwind$?add_multiply_carry@__crt_strtox@@YAIAEAIIII@Z 00000001800548e0     libucrtd:cfout.obj
 0002:000128e8       $unwind$?multiply@__crt_strtox@@YA_NAEAUbig_integer@1@I@Z 00000001800548e8     libucrtd:cfout.obj
 0002:000128f8       $unwind$?multiply@__crt_strtox@@YA_NAEAUbig_integer@1@AEBU21@@Z 00000001800548f8     libucrtd:cfout.obj
 0002:00012908       $unwind$?multiply_by_power_of_ten@__crt_strtox@@YA_NAEAUbig_integer@1@I@Z 0000000180054908     libucrtd:cfout.obj
 0002:00012918       $unwind$?divide@__crt_strtox@@YA_KAEAUbig_integer@1@AEBU21@@Z 0000000180054918     libucrtd:cfout.obj
 0002:00012928       $unwind$??$convert_to_fos_high_precision@N@@YA?AW4__acrt_has_trailing_digits@@NIW4__acrt_precision_style@@QEAHQEAD_K@Z 0000000180054928     libucrtd:cfout.obj
 0002:00012938       $unwind$?__c32rtomb_utf8@__crt_mbstring@@YA_KPEAD_UPEAU_Mbstatet@@AEAV__crt_cached_ptd_host@@@Z 0000000180054938     libucrtd:c32rtomb.obj
 0002:00012940       $unwind$_fcloseall         0000000180054940     libucrtd:closeall.obj
 0002:00012960       $unwind$??$common_xtox@KD@@YAHKQEAD_KI_N@Z 0000000180054960     libucrtd:xtoa.obj
 0002:00012960       $unwind$??$common_xtox@K_W@@YAHKQEA_W_KI_N@Z 0000000180054960     libucrtd:xtoa.obj
 0002:00012968       $unwind$?_mbstowcs_l_helper@@YA_KPEA_WPEBD_KAEAV__crt_cached_ptd_host@@@Z 0000000180054968     libucrtd:mbstowcs.obj
 0002:00012980       $ip2state$?_mbstowcs_l_helper@@YA_KPEA_WPEBD_KAEAV__crt_cached_ptd_host@@@Z 0000000180054980     libucrtd:mbstowcs.obj
 0002:00012988       $unwind$?_wcstombs_l_helper@@YA_KPEADPEB_W_KAEAV__crt_cached_ptd_host@@@Z 0000000180054988     libucrtd:wcstombs.obj
 0002:0001299c       $unwind$__acrt_OutputDebugStringA 000000018005499c     libucrtd:outputdebugstringa.obj
 0002:000129b0       $xdatasym                  00000001800549b0     libucrtd:fpsr.obj
 0002:000129b8       $unwind$??$__acrt_lowio_lock_fh_and_call@V<lambda_3e4146214822e0ea86c47ff907aef2ff>@@@@YAHH$$QEAV<lambda_3e4146214822e0ea86c47ff907aef2ff>@@@Z 00000001800549b8     libucrtd:commit.obj
 0002:000129c8       $ip2state$??$__acrt_lowio_lock_fh_and_call@V<lambda_3e4146214822e0ea86c47ff907aef2ff>@@@@YAHH$$QEAV<lambda_3e4146214822e0ea86c47ff907aef2ff>@@@Z 00000001800549c8     libucrtd:commit.obj
 0002:000129d0       $unwind$??$?RV<lambda_7d29013d608e9f25a034de83c9b9e983>@@AEAV<lambda_3e4146214822e0ea86c47ff907aef2ff>@@V<lambda_b869e5a4e1069fcb5c3da79c0d999133>@@@?$__crt_seh_guarded_call@H@@QEAAH$$QEAV<lambda_7d29013d608e9f25a034de83c9b9e983>@@AEAV<lambda_3e4146214822e0ea86c47ff907aef2ff>@@$$QEAV<lambda_b869e5a4e1069fcb5c3da79c0d999133>@@@Z 00000001800549d0     libucrtd:commit.obj
 0002:000129f0       $unwind$_write_nolock      00000001800549f0     libucrtd:write.obj
 0002:00012a04       $unwind$_write_internal    0000000180054a04     libucrtd:write.obj
 0002:00012a24       $unwind$?write_double_translated_ansi_nolock@@YA?AUwrite_result@?A0x17268360@@HQEBDIAEAV__crt_cached_ptd_host@@@Z 0000000180054a24     libucrtd:write.obj
 0002:00012a40       $ip2state$?write_double_translated_ansi_nolock@@YA?AUwrite_result@?A0x17268360@@HQEBDIAEAV__crt_cached_ptd_host@@@Z 0000000180054a40     libucrtd:write.obj
 0002:00012a48       $unwind$?write_double_translated_unicode_nolock@@YA?AUwrite_result@?A0x17268360@@QEBDI@Z 0000000180054a48     libucrtd:write.obj
 0002:00012a5c       $unwind$?write_text_ansi_nolock@@YA?AUwrite_result@?A0x17268360@@HQEBDI@Z 0000000180054a5c     libucrtd:write.obj
 0002:00012a5c       $unwind$?write_text_utf16le_nolock@@YA?AUwrite_result@?A0x17268360@@HQEBDI@Z 0000000180054a5c     libucrtd:write.obj
 0002:00012a70       $unwind$?write_text_utf8_nolock@@YA?AUwrite_result@?A0x17268360@@HQEBDI@Z 0000000180054a70     libucrtd:write.obj
 0002:00012a84       $unwind$?write_binary_nolock@@YA?AUwrite_result@?A0x17268360@@HQEBDI@Z 0000000180054a84     libucrtd:write.obj
 0002:00012a98       $xdatasym                  0000000180054a98     libucrtd:log10.obj
 0002:00012aa4       $unwind$ceil               0000000180054aa4     libucrtd:ceil.obj
 0002:00012aac       $unwind$?return_illegal_sequence@__crt_mbstring@@YA_KPEAU_Mbstatet@@AEAV__crt_cached_ptd_host@@@Z 0000000180054aac     libucrtd:common_utf8.obj
 0002:00012ab4       $unwind$?reset_and_return@__crt_mbstring@@YA_K_KPEAU_Mbstatet@@@Z 0000000180054ab4     libucrtd:common_utf8.obj
 0002:00012abc       $unwind$?__mbrtoc32_utf8@__crt_mbstring@@YA_KPEA_UPEBD_KPEAU_Mbstatet@@AEAV__crt_cached_ptd_host@@@Z 0000000180054abc     libucrtd:mbrtoc32.obj
 0002:00012acc       $unwind$?_fclose_internal@@YAHQEAU_iobuf@@AEAV__crt_cached_ptd_host@@@Z 0000000180054acc     libucrtd:fclose.obj
 0002:00012aec       $unwind$?__wcsrtombs_utf8@__crt_mbstring@@YA_KPEADPEAPEB_W_KPEAU_Mbstatet@@AEAV__crt_cached_ptd_host@@@Z 0000000180054aec     libucrtd:wcrtomb.obj
 0002:00012afc       $unwind$__acrt_initialize_fma3 0000000180054afc     libucrtd:fma3_available.obj
 0002:00012b0c       $unwind$_log_special_common 0000000180054b0c     libucrtd:log_special.obj
 0002:00012b1c       $unwind$_log10_special     0000000180054b1c     libucrtd:log_special.obj
 0002:00012b24       $unwind$common_control87   0000000180054b24     libucrtd:ieee.obj
 0002:00012b44       $unwind$??$__acrt_lowio_lock_fh_and_call@V<lambda_af29824b49a67d335554598d6cad2be6>@@@@YAHH$$QEAV<lambda_af29824b49a67d335554598d6cad2be6>@@@Z 0000000180054b44     libucrtd:close.obj
 0002:00012b58       $ip2state$??$__acrt_lowio_lock_fh_and_call@V<lambda_af29824b49a67d335554598d6cad2be6>@@@@YAHH$$QEAV<lambda_af29824b49a67d335554598d6cad2be6>@@@Z 0000000180054b58     libucrtd:close.obj
 0002:00012b60       $unwind$??$?RV<lambda_19eaff14c5fe7be5b1b106a862eb1091>@@AEAV<lambda_af29824b49a67d335554598d6cad2be6>@@V<lambda_3ce37f5b621ab310299ea5f68cbdf3bb>@@@?$__crt_seh_guarded_call@H@@QEAAH$$QEAV<lambda_19eaff14c5fe7be5b1b106a862eb1091>@@AEAV<lambda_af29824b49a67d335554598d6cad2be6>@@$$QEAV<lambda_3ce37f5b621ab310299ea5f68cbdf3bb>@@@Z 0000000180054b60     libucrtd:close.obj
 0002:00012b80       $unwind$?__c16rtomb_utf8@__crt_mbstring@@YA_KPEAD_SPEAU_Mbstatet@@AEAV__crt_cached_ptd_host@@@Z 0000000180054b80     libucrtd:c16rtomb.obj
 0002:00012b88       $unwind$??$console_output_reopen_and_retry@V<lambda_61c1b8a38cedca4df5fdc542e6ccae6d>@@@@YAHAEBV<lambda_61c1b8a38cedca4df5fdc542e6ccae6d>@@@Z 0000000180054b88     libucrtd:initcon.obj
 0002:00012b98       $ip2state$??$console_output_reopen_and_retry@V<lambda_61c1b8a38cedca4df5fdc542e6ccae6d>@@@@YAHAEBV<lambda_61c1b8a38cedca4df5fdc542e6ccae6d>@@@Z 0000000180054b98     libucrtd:initcon.obj
 0002:00012ba0       $unwind$_IsNonwritableInCurrentImage 0000000180054ba0     LIBCMTD:pesect.obj
 0002:00012bc0       $xdatasym                  0000000180054bc0     LIBCMTD:chkstk.obj
 0002:00012c50       .edata                     0000000180054c50     handmade.exp
 0002:00012c78       rgpv                       0000000180054c78     handmade.exp
 0002:00012c80       rgszName                   0000000180054c80     handmade.exp
 0002:00012c88       rgwOrd                     0000000180054c88     handmade.exp
 0002:00012c8c       szName                     0000000180054c8c     handmade.exp
 0002:00012c99       $N00001                    0000000180054c99     handmade.exp
 0002:00012cad       $N00002                    0000000180054cad     handmade.exp
 0002:000130c8       .idata$6                   00000001800550c8     kernel32:KERNEL32.dll
 0003:00000000       ?RandomNumberTable@@3PAIA  0000000180056000     handmade.obj
 0003:00004070       ?__vcrt_flsindex@@3KA      000000018005a070     libvcruntimed:per_thread_data.obj
 0003:00004080       ?__acrt_current_request_number@@3JA 000000018005a080     libucrtd:debug_heap.obj
 0003:000040a0       ?__acrt_flsindex@@3KA      000000018005a0a0     libucrtd:per_thread_data.obj
 0003:000040a4       ?errno_no_memory@@3HA      000000018005a0a4     libucrtd:errno.obj
 0003:000040a8       ?doserrno_no_memory@@3KA   000000018005a0a8     libucrtd:errno.obj
 0003:000042e0       _mbctypes                  000000018005a2e0     libucrtd:mbctype.obj
 0003:000043f0       _mbcasemaps                000000018005a3f0     libucrtd:mbctype.obj
 0003:000044f0       ?__rgctypeflag@@3PADA      000000018005a4f0     libucrtd:mbctype.obj
 0003:00004500       ?__rgcode_page_info@@3PAUcode_page_info@@A 000000018005a500     libucrtd:mbctype.obj
 0003:00004768       ?__acrt_debug_fill_threshold@@3_KA 000000018005a768     libucrtd:debug_fill_threshold.obj
 0003:000048a8       ?dazSupported@?1??_ctrlfp@@9@9 000000018005a8a8     libucrtd:fpctrl.obj
 0003:00004a50       ?dazSupported@?1??common_control87@@9@9 000000018005aa50     libucrtd:ieee.obj
 0003:00004a58       ?__dcrt_lowio_console_output_handle@@3PEAXEA 000000018005aa58     libucrtd:initcon.obj
 0003:00004ad0       ?__proc_attached@@3HA      000000018005aad0     LIBCMTD:dll_dllmain.obj
 0003:00004ae0       GS_ExceptionRecord         000000018005aae0     LIBCMTD:gs_report.obj
 0003:00004b80       GS_ContextRecord           000000018005ab80     LIBCMTD:gs_report.obj
 0003:00005080       ?is_initialized_as_dll@@3_NA 000000018005b080     LIBCMTD:utility.obj
 0003:00005081       ?module_local_atexit_table_initialized@@3_NA 000000018005b081     LIBCMTD:utility.obj
 0003:00005088       ?module_local_atexit_table@@3U_onexit_table_t@@A 000000018005b088     LIBCMTD:utility.obj
 0003:000050a0       ?module_local_at_quick_exit_table@@3U_onexit_table_t@@A 000000018005b0a0     LIBCMTD:utility.obj
 0003:00005108       ?heap@@3V_HeapManager@@A   000000018005b108     libvcruntimed:undname.obj
 0003:00005130       ?__vcrt_startup_thread_ptd@@3U__vcrt_ptd@@A 000000018005b130     libvcruntimed:per_thread_data.obj
 0003:000051b0       __vcrt_lock_table          000000018005b1b0     libvcruntimed:locks.obj
 0003:000051d8       __vcrt_locks_initialized   000000018005b1d8     libvcruntimed:locks.obj
 0003:000051e0       ?module_handles@@3PAPEAUHINSTANCE__@@A 000000018005b1e0     libvcruntimed:winapi_downlevel.obj
 0003:000051f8       ?function_pointers@@3PAPEAXA 000000018005b1f8     libvcruntimed:winapi_downlevel.obj
 0003:00005228       ?c_termination_complete@@3JA 000000018005b228     libucrtd:exit.obj
 0003:00005230       ?thread_local_exit_callback_func@@3P6AXPEAXK0@ZEA 000000018005b230     libucrtd:exit.obj
 0003:00005238       ?c_exit_complete@?1???R<lambda_6e4b09c48022b2350581041d5f6b0c4c>@@QEBA@XZ@4_NA 000000018005b238     libucrtd:exit.obj
 0003:00005240       ?program_name@?1???$common_configure_argv@D@@YAHW4_crt_argv_mode@@@Z@4PADA 000000018005b240     libucrtd:argv_parsing.obj
 0003:00005398       ?__acrt_first_block@@3PEAU_CrtMemBlockHeader@@EA 000000018005b398     libucrtd:debug_heap.obj
 0003:000053a0       ?__acrt_last_block@@3PEAU_CrtMemBlockHeader@@EA 000000018005b3a0     libucrtd:debug_heap.obj
 0003:000053a8       ?__acrt_total_allocations@@3_KA 000000018005b3a8     libucrtd:debug_heap.obj
 0003:000053b0       ?__acrt_current_allocations@@3_KA 000000018005b3b0     libucrtd:debug_heap.obj
 0003:000053b8       ?__acrt_max_allocations@@3_KA 000000018005b3b8     libucrtd:debug_heap.obj
 0003:000053c0       ?__acrt_check_frequency@@3IA 000000018005b3c0     libucrtd:debug_heap.obj
 0003:000053c4       ?__acrt_check_counter@@3IA 000000018005b3c4     libucrtd:debug_heap.obj
 0003:000053d0       ?heap_validation_pending@@3_NA 000000018005b3d0     libucrtd:debug_heap.obj
 0003:000053d8       ?__acrt_invalid_parameter_handler@@3V?$dual_state_global@P6AXPEB_W00I_K@Z@__crt_state_management@@A 000000018005b3d8     libucrtd:invalid_parameter.obj
 0003:000053e0       ?__acrt_lock_table@@3PAU_RTL_CRITICAL_SECTION@@A 000000018005b3e0     libucrtd:locks.obj
 0003:00005610       ?__acrt_locks_initialized@@3IA 000000018005b610     libucrtd:locks.obj
 0003:00005614       ?state_cache@?1???$get_cached_win_policy@Udeveloper_information_policy_properties@?1??__acrt_get_developer_information_policy@@YA?AW4developer_information_policy@@XZ@@@YA?AW4developer_information_policy@@W4AppPolicyShowDeveloperDiagnostic@@@Z@4JA 000000018005b614     libucrtd:win_policies.obj
 0003:00005618       ?state_cache@?1???$get_cached_win_policy@Uwindowing_model_policy_properties@?1??__acrt_get_windowing_model_policy@@YA?AW4windowing_model_policy@@XZ@@@YA?AW4windowing_model_policy@@W4AppPolicyWindowingModel@@@Z@4JA 000000018005b618     libucrtd:win_policies.obj
 0003:00005638       ?fSystemSet@@3HA           000000018005b638     libucrtd:mbctype.obj
 0003:0000563c       ?initialized@?1??__acrt_initialize_multibyte@@9@4_NA 000000018005b63c     libucrtd:mbctype.obj
 0003:00005670       ?module_handles@@3PAPEAUHINSTANCE__@@A 000000018005b670     libucrtd:winapi_thunks.obj
 0003:00005720       ?encoded_function_pointers@@3PAPEAXA 000000018005b720     libucrtd:winapi_thunks.obj
 0003:00005c28       ?__acrt_new_handler@@3V?$dual_state_global@P6AH_K@Z@__crt_state_management@@A 000000018005bc28     libucrtd:new_handler.obj
 0003:00005c30       ?ctrlc_action@@3V?$dual_state_global@P6AXH@Z@__crt_state_management@@A 000000018005bc30     libucrtd:signal.obj
 0003:00005c38       ?ctrlbreak_action@@3V?$dual_state_global@P6AXH@Z@__crt_state_management@@A 000000018005bc38     libucrtd:signal.obj
 0003:00005c40       ?abort_action@@3V?$dual_state_global@P6AXH@Z@__crt_state_management@@A 000000018005bc40     libucrtd:signal.obj
 0003:00005c48       ?term_action@@3V?$dual_state_global@P6AXH@Z@__crt_state_management@@A 000000018005bc48     libucrtd:signal.obj
 0003:00005c50       ?user_matherr@@3V?$dual_state_global@P6AHPEAU_exception@@@Z@__crt_state_management@@A 000000018005bc50     libucrtd:matherr.obj
 0003:00005c70       ?__acrt_global_new_mode@@3V?$dual_state_global@J@__crt_state_management@@A 000000018005bc70     libucrtd:new_mode.obj
 0003:00005c78       ?__acrt_app_type@@3W4_crt_app_type@@A 000000018005bc78     libucrtd:report_runtime_error.obj
 0003:00005c80       ?outmsg@?9??__acrt_report_runtime_error@@9@4PA_WA 000000018005bc80     libucrtd:report_runtime_error.obj
 0003:000062a8       ?internal_state@?1??_mbtowc_internal@@9@4U_Mbstatet@@A 000000018005c2a8     libucrtd:mbtowc.obj
 0003:000062c0       ?enable_percent_n@@3_KA    000000018005c2c0     libucrtd:printf_count_output.obj
 0003:000062e8       __acrt_error_mode          000000018005c2e8     libucrtd:set_error_mode.obj
 0003:000062f0       ?internal_pst@?1??__mbrtoc32_utf8@__crt_mbstring@@YA_KPEA_UPEBD_KPEAU_Mbstatet@@AEAV__crt_cached_ptd_host@@@Z@4U3@A 000000018005c2f0     libucrtd:mbrtoc32.obj
 0003:00006300       ?internal_pst@?1??__c16rtomb_utf8@__crt_mbstring@@YA_KPEAD_SPEAU_Mbstatet@@AEAV__crt_cached_ptd_host@@@Z@4U3@A 000000018005c300     libucrtd:c16rtomb.obj
 0005:00000000       MoveSmall                  0000000180061000     libvcruntimed:memcpy_avx_ermsb_aligned.obj
 0005:00000040       MoveSmallYmm               0000000180061040     libvcruntimed:memcpy_avx_ermsb_aligned.obj
 0005:00000064       MoveSmallYmmNT             0000000180061064     libvcruntimed:memcpy_avx_ermsb_aligned.obj
 0005:00000090       MoveSmall                  0000000180061090     libvcruntimed:memcpy_avx_ermsb_aligned_amd.obj
 0005:000000d0       MoveSmallYmm               00000001800610d0     libvcruntimed:memcpy_avx_ermsb_aligned_amd.obj
 0005:000000f4       MoveSmallYmmNT             00000001800610f4     libvcruntimed:memcpy_avx_ermsb_aligned_amd.obj
 0005:00000120       MoveSmall                  0000000180061120     libvcruntimed:memcpy_sse2_ermsb_aligned.obj
 0005:00000160       MoveSmallXmm               0000000180061160     libvcruntimed:memcpy_sse2_ermsb_aligned.obj
 0005:00000190       MoveSmall                  0000000180061190     libvcruntimed:memcpy_sse2_ermsb_aligned_amd.obj
 0005:000001d0       MoveSmallXmm               00000001800611d0     libvcruntimed:memcpy_sse2_ermsb_aligned_amd.obj
