 handmade

 Timestamp is 6640ad30 (Sun May 12 08:51:12 2024)

 Preferred load address is 0000000180000000

 Start         Length     Name                   Class
 0001:00000000 00046730H .text$mn                CODE
 0001:00046730 00000040H .text$mn$00             CODE
 0001:00046770 00000a70H .text$mn$21             CODE
 0001:000471e0 000006adH .text$x                 CODE
 0002:00000000 00000268H .idata$5                DATA
 0002:00000268 00000038H .00cfg                  DATA
 0002:000002a0 00000008H .CRT$XCA                DATA
 0002:000002a8 00000008H .CRT$XCZ                DATA
 0002:000002b0 00000008H .CRT$XIA                DATA
 0002:000002b8 00000018H .CRT$XIC                DATA
 0002:000002d0 00000008H .CRT$XIZ                DATA
 0002:000002d8 00000008H .CRT$XPA                DATA
 0002:000002e0 00000010H .CRT$XPX                DATA
 0002:000002f0 00000008H .CRT$XPXA               DATA
 0002:000002f8 00000008H .CRT$XPZ                DATA
 0002:00000300 00000008H .CRT$XTA                DATA
 0002:00000308 00000008H .CRT$XTZ                DATA
 0002:00000310 00000000H .gehcont$y              DATA
 0002:00000310 00000000H .gfids$y                DATA
 0002:00000310 00011250H .rdata                  DATA
 0002:00011560 000001a0H .rdata$00               DATA
 0002:00011700 00000000H .rdata$CastGuardVftablesA DATA
 0002:00011700 00000000H .rdata$CastGuardVftablesC DATA
 0002:00011700 0000016cH .rdata$r                DATA
 0002:0001186c 0000038cH .rdata$voltmd           DATA
 0002:00011bf8 00000368H .rdata$zzzdbg           DATA
 0002:00011f60 00000008H .rtc$IAA                DATA
 0002:00011f68 00000008H .rtc$IZZ                DATA
 0002:00011f70 00000008H .rtc$TAA                DATA
 0002:00011f78 00000008H .rtc$TZZ                DATA
 0002:00011f80 00001710H .xdata                  DATA
 0002:00013690 00000090H .xdata$x                DATA
 0002:00013720 00000074H .edata                  DATA
 0002:00013794 00000014H .idata$2                DATA
 0002:000137a8 00000018H .idata$3                DATA
 0002:000137c0 00000268H .idata$4                DATA
 0002:00013a28 0000058cH .idata$6                DATA
 0003:00000000 00004a90H .data                   DATA
 0003:00004a90 00000050H .data$r                 DATA
 0003:00004ae0 00000020H .data$rs                DATA
 0003:00004b00 00001850H .bss                    DATA
 0004:00000000 00003234H .pdata                  DATA
 0005:00000000 00002404H _RDATA                  DATA

  Address         Publics by Value              Rva+Base               Lib:Object

 0000:00000000       __AbsoluteZero             0000000000000000     <absolute>
 0000:00000000       ___safe_se_handler_count   0000000000000000     <absolute>
 0000:00000000       ___safe_se_handler_table   0000000000000000     <absolute>
 0000:00000000       __arm64x_extra_rfe_table   0000000000000000     <absolute>
 0000:00000000       __arm64x_extra_rfe_table_size 0000000000000000     <absolute>
 0000:00000000       __arm64x_native_entrypoint 0000000000000000     <absolute>
 0000:00000000       __arm64x_redirection_metadata 0000000000000000     <absolute>
 0000:00000000       __arm64x_redirection_metadata_count 0000000000000000     <absolute>
 0000:00000000       __dynamic_value_reloc_table 0000000000000000     <absolute>
 0000:00000000       __enclave_config           0000000000000000     <absolute>
 0000:00000000       __guard_check_icall_a64n_fptr 0000000000000000     <absolute>
 0000:00000000       __guard_eh_cont_count      0000000000000000     <absolute>
 0000:00000000       __guard_eh_cont_table      0000000000000000     <absolute>
 0000:00000000       __guard_fids_count         0000000000000000     <absolute>
 0000:00000000       __guard_fids_table         0000000000000000     <absolute>
 0000:00000000       __guard_iat_count          0000000000000000     <absolute>
 0000:00000000       __guard_iat_table          0000000000000000     <absolute>
 0000:00000000       __guard_longjmp_count      0000000000000000     <absolute>
 0000:00000000       __guard_longjmp_table      0000000000000000     <absolute>
 0000:00000000       __hybrid_auxiliary_delayload_iat 0000000000000000     <absolute>
 0000:00000000       __hybrid_auxiliary_delayload_iat_copy 0000000000000000     <absolute>
 0000:00000000       __hybrid_auxiliary_iat     0000000000000000     <absolute>
 0000:00000000       __hybrid_auxiliary_iat_copy 0000000000000000     <absolute>
 0000:00000000       __hybrid_code_map          0000000000000000     <absolute>
 0000:00000000       __hybrid_code_map_count    0000000000000000     <absolute>
 0000:00000000       __hybrid_image_info_bitfield 0000000000000000     <absolute>
 0000:00000000       __x64_code_ranges_to_entry_points 0000000000000000     <absolute>
 0000:00000000       __x64_code_ranges_to_entry_points_count 0000000000000000     <absolute>
 0000:00000100       __guard_flags              0000000000000100     <absolute>
 0000:00000000       __ImageBase                0000000180000000     <linker-defined>
 0001:00000660       ?AreInSameChunk@@YAHPEAUworld@@PEAUworld_position@@1@Z 0000000180001660 f i handmade.obj
 0001:00001110       ?ChangeEntityLocationRaw@@YAXPEAUmemory_arena@@PEAUworld@@IPEAUworld_position@@2@Z 0000000180002110 f i handmade.obj
 0001:000013d0       ?ChunkPositionFromTilePosition@@YA?AUworld_position@@PEAUworld@@HHHTv3@@@Z 00000001800023d0 f i handmade.obj
 0001:00003870       ?GetStairGround@@YAMPEAUsim_entity@@Tv3@@@Z 0000000180004870 f i handmade.obj
 0001:00003960       ?GetWorldChunk@@YAPEAUworld_chunk@@PEAUworld@@HHHPEAUmemory_arena@@@Z 0000000180004960 f i handmade.obj
 0001:00003a70       ?MakeSimpleGroundedCollision@@YAPEAUsim_entity_collision_volume_group@@PEAUgame_state@@MMM@Z 0000000180004a70 f   handmade.obj
 0001:000049b0       ?PushRect@@YAXPEAUrender_group@@Tv2@@M1Tv4@@M@Z 00000001800059b0 f i handmade.obj
 0001:00005180       ?SRGBBilinearBlend@@YA?ATv4@@Ubilinear_sample@@MM@Z 0000000180006180 f i handmade.obj
 0001:000054d0       ?Subtract@@YA?ATv3@@PEAUworld@@PEAUworld_position@@1@Z 00000001800064d0 f i handmade.obj
 0001:000055c0       GameGetSoundSamples        00000001800065c0 f   handmade.obj
 0001:000055e0       GameUpdateAndRender        00000001800065e0 f   handmade.obj
 0001:00008b30       __GSHandlerCheck           0000000180009b30 f   LIBCMTD:gshandler.obj
 0001:00008b70       __GSHandlerCheckCommon     0000000180009b70 f   LIBCMTD:gshandler.obj
 0001:00008c70       __vdecl_sinf4              0000000180009c70 f   LIBCMTD:svml_ssinf4_dispatch.obj
 0001:00008c90       __libm_sse2_sincosf_       0000000180009c90 f   LIBCMTD:svml_ssinf4_dispatch.obj
 0001:00008cd3       __libm_sse2_sincosf4_      0000000180009cd3 f   LIBCMTD:svml_ssinf4_dispatch.obj
 0001:00008cf0       __security_check_cookie    0000000180009cf0 f   LIBCMTD:amdsecgs.obj
 0001:00009120       _DllMainCRTStartup         000000018000a120 f   LIBCMTD:dll_dllmain.obj
 0001:00009160       __isa_available_init       000000018000a160 f   LIBCMTD:cpu_disp.obj
 0001:00009510       __sse2_sinf4@@16           000000018000a510 f   LIBCMTD:svml_ssinf4_sse2.obj
 0001:00009e50       __sse4_sinf4@@16           000000018000ae50 f   LIBCMTD:svml_ssinf4_sse4.obj
 0001:0000a5d0       __raise_securityfailure    000000018000b5d0 f   LIBCMTD:gs_report.obj
 0001:0000a610       __report_gsfailure         000000018000b610 f   LIBCMTD:gs_report.obj
 0001:0000a6f0       __report_rangecheckfailure 000000018000b6f0 f   LIBCMTD:gs_report.obj
 0001:0000a710       __report_securityfailure   000000018000b710 f   LIBCMTD:gs_report.obj
 0001:0000a9d0       __security_init_cookie     000000018000b9d0 f   LIBCMTD:gs_support.obj
 0001:0000aa50       DllMain                    000000018000ba50 f   LIBCMTD:dll_dllmain_stub.obj
 0001:0000aa70       ?__scrt_initialize_type_info@@YAXXZ 000000018000ba70 f   LIBCMTD:tncleanup.obj
 0001:0000aa90       ?__scrt_uninitialize_type_info@@YAXXZ 000000018000ba90 f   LIBCMTD:tncleanup.obj
 0001:0000aab0       __local_stdio_printf_options 000000018000bab0 f i LIBCMTD:default_local_stdio_options.obj
 0001:0000aac0       __local_stdio_scanf_options 000000018000bac0 f i LIBCMTD:default_local_stdio_options.obj
 0001:0000aad0       __scrt_initialize_default_local_stdio_options 000000018000bad0 f   LIBCMTD:default_local_stdio_options.obj
 0001:0000ab20       ?configure_argv@__scrt_narrow_argv_policy@@SAHXZ 000000018000bb20 f i LIBCMTD:utility.obj
 0001:0000ac10       ?initialize_environment@__scrt_narrow_environment_policy@@SAHXZ 000000018000bc10 f i LIBCMTD:utility.obj
 0001:0000acb0       NtCurrentTeb               000000018000bcb0 f i LIBCMTD:utility.obj
 0001:0000acc0       __scrt_acquire_startup_lock 000000018000bcc0 f   LIBCMTD:utility.obj
 0001:0000ad30       __scrt_dllmain_after_initialize_c 000000018000bd30 f   LIBCMTD:utility.obj
 0001:0000ad60       __scrt_dllmain_before_initialize_c 000000018000bd60 f   LIBCMTD:utility.obj
 0001:0000ad80       __scrt_dllmain_crt_thread_attach 000000018000bd80 f   LIBCMTD:utility.obj
 0001:0000adb0       __scrt_dllmain_crt_thread_detach 000000018000bdb0 f   LIBCMTD:utility.obj
 0001:0000add0       __scrt_dllmain_exception_filter 000000018000bdd0 f   LIBCMTD:utility.obj
 0001:0000ae40       __scrt_dllmain_uninitialize_c 000000018000be40 f   LIBCMTD:utility.obj
 0001:0000ae70       __scrt_dllmain_uninitialize_critical 000000018000be70 f   LIBCMTD:utility.obj
 0001:0000ae90       __scrt_initialize_crt      000000018000be90 f   LIBCMTD:utility.obj
 0001:0000aee0       __scrt_initialize_onexit_tables 000000018000bee0 f   LIBCMTD:utility.obj
 0001:0000aff0       __scrt_is_nonwritable_in_current_image 000000018000bff0 f   LIBCMTD:utility.obj
 0001:0000b080       __scrt_release_startup_lock 000000018000c080 f   LIBCMTD:utility.obj
 0001:0000b0b0       __scrt_uninitialize_crt    000000018000c0b0 f   LIBCMTD:utility.obj
 0001:0000b0f0       __scrt_get_dyn_tls_init_callback 000000018000c0f0 f   LIBCMTD:dyn_tls_init.obj
 0001:0000b100       __crt_debugger_hook        000000018000c100 f   LIBCMTD:utility_desktop.obj
 0001:0000b110       __scrt_fastfail            000000018000c110 f   LIBCMTD:utility_desktop.obj
 0001:0000b2b0       _RTC_Initialize            000000018000c2b0 f   LIBCMTD:initsect.obj
 0001:0000b300       _RTC_Terminate             000000018000c300 f   LIBCMTD:initsect.obj
 0001:0000b350       ??1?$__crt_simd_cleanup_guard@$0A@@@QEAA@XZ 000000018000c350 f i libucrtd:strnlen.obj
 0001:0000b350       ??1scoped_global_state_reset@__crt_state_management@@QEAA@XZ 000000018000c350 f i libucrtd:onexit.obj
 0001:0000b350       _guard_check_icall_nop     000000018000c350 f i LIBCMTD:guard_support.obj
 0001:0000b360       ReadNoFence64              000000018000c360 f i LIBCMTD:guard_support.obj
 0001:0000b380       ReadPointerNoFence         000000018000c380 f i LIBCMTD:guard_support.obj
 0001:0000b3a0       _guard_icall_checks_enforced 000000018000c3a0 f i LIBCMTD:guard_support.obj
 0001:0000b3e0       __common_ssin_cout_rare    000000018000c3e0 f   LIBCMTD:svml_s_sin_cout.obj
 0001:0000b450       _get_startup_argv_mode     000000018000c450 f   LIBCMTD:argv_mode.obj
 0001:0000b460       __scrt_is_ucrt_dll_in_use  000000018000c460 f   LIBCMTD:ucrt_detection.obj
 0001:0000b490       __C_specific_handler       000000018000c490 f   libvcruntimed:riscchandler.obj
 0001:0000b900       ??$?RD@__crt_internal_free_policy@@QEBAXQEBD@Z 000000018000c900 f i libvcruntimed:std_type_info.obj
 0001:0000b900       ??$?RE@__crt_internal_free_policy@@QEBAXQEBE@Z 000000018000c900 f i libucrtd:argv_parsing.obj
 0001:0000b900       ??$?RPEAD@__crt_internal_free_policy@@QEBAXQEBQEAD@Z 000000018000c900 f i libucrtd:argv_parsing.obj
 0001:0000b900       ??$?RPEAU__crt_stdio_stream_data@@@__crt_internal_free_policy@@QEBAXQEBQEAU__crt_stdio_stream_data@@@Z 000000018000c900 f i libucrtd:_file.obj
 0001:0000b900       ??$?RU__acrt_ptd@@@__crt_internal_free_policy@@QEBAXQEBU__acrt_ptd@@@Z 000000018000c900 f i libucrtd:per_thread_data.obj
 0001:0000b900       ??$?RU__crt_lowio_handle_data@@@__crt_internal_free_policy@@QEBAXQEBU__crt_lowio_handle_data@@@Z 000000018000c900 f i libucrtd:osfinfo.obj
 0001:0000b900       ??$?RU__crt_multibyte_data@@@__crt_internal_free_policy@@QEBAXQEBU__crt_multibyte_data@@@Z 000000018000c900 f i libucrtd:mbctype.obj
 0001:0000b900       ??$?RU__vcrt_ptd@@@__crt_internal_free_policy@@QEBAXQEBU__vcrt_ptd@@@Z 000000018000c900 f i libvcruntimed:per_thread_data.obj
 0001:0000b930       ??0?$__crt_scoped_stack_ptr@_W@@QEAA@U?$__crt_scoped_stack_ptr_tag@_W@@@Z 000000018000c930 f i libucrtd:getstringtypea.obj
 0001:0000b930       ??0?$__crt_scoped_stack_ptr_tag@_W@@QEAA@QEA_W@Z 000000018000c930 f i libucrtd:getstringtypea.obj
 0001:0000b930       ??0?$__crt_unique_handle_t@U__crt_findfile_traits@@@@QEAA@QEAX@Z 000000018000c930 f i libucrtd:argv_wildcards.obj
 0001:0000b930       ??0?$__crt_unique_handle_t@U__crt_hmodule_traits@@@@QEAA@QEAUHINSTANCE__@@@Z 000000018000c930 f i libucrtd:exit.obj
 0001:0000b930       ??0?$__crt_unique_heap_ptr@DU__crt_internal_free_policy@@@@QEAA@QEAD@Z 000000018000c930 f i libvcruntimed:std_type_info.obj
 0001:0000b930       ??0?$__crt_unique_heap_ptr@DU__crt_public_free_policy@@@@QEAA@QEAD@Z 000000018000c930 f i libvcruntimed:std_exception.obj
 0001:0000b930       ??0?$__crt_unique_heap_ptr@EU__crt_internal_free_policy@@@@QEAA@QEAE@Z 000000018000c930 f i libucrtd:argv_parsing.obj
 0001:0000b930       ??0?$__crt_unique_heap_ptr@PEADU__crt_internal_free_policy@@@@QEAA@QEAPEAD@Z 000000018000c930 f i libucrtd:argv_parsing.obj
 0001:0000b930       ??0?$__crt_unique_heap_ptr@PEAU__crt_stdio_stream_data@@U__crt_internal_free_policy@@@@QEAA@QEAPEAU__crt_stdio_stream_data@@@Z 000000018000c930 f i libucrtd:_file.obj
 0001:0000b930       ??0?$__crt_unique_heap_ptr@U__acrt_ptd@@U__crt_internal_free_policy@@@@QEAA@QEAU__acrt_ptd@@@Z 000000018000c930 f i libucrtd:per_thread_data.obj
 0001:0000b930       ??0?$__crt_unique_heap_ptr@U__crt_lowio_handle_data@@U__crt_internal_free_policy@@@@QEAA@QEAU__crt_lowio_handle_data@@@Z 000000018000c930 f i libucrtd:osfinfo.obj
 0001:0000b930       ??0?$__crt_unique_heap_ptr@U__crt_multibyte_data@@U__crt_internal_free_policy@@@@QEAA@QEAU__crt_multibyte_data@@@Z 000000018000c930 f i libucrtd:mbctype.obj
 0001:0000b930       ??0?$__crt_unique_heap_ptr@U__vcrt_ptd@@U__crt_internal_free_policy@@@@QEAA@QEAU__vcrt_ptd@@@Z 000000018000c930 f i libvcruntimed:per_thread_data.obj
 0001:0000b930       ??0?$string_output_adapter@D@__crt_stdio_output@@QEAA@QEAU?$string_output_adapter_context@D@1@@Z 000000018000c930 f i libucrtd:output.obj
 0001:0000b930       ??0?$string_output_adapter@_W@__crt_stdio_output@@QEAA@QEAU?$string_output_adapter_context@_W@1@@Z 000000018000c930 f i libucrtd:output.obj
 0001:0000b930       ??0__crt_stdio_stream@@QEAA@QEAU__crt_stdio_stream_data@@@Z 000000018000c930 f i libucrtd:fflush.obj
 0001:0000b930       ??0__crt_stdio_stream@@QEAA@QEAU_iobuf@@@Z 000000018000c930 f i libucrtd:output.obj
 0001:0000b950       ??1?$__crt_unique_heap_ptr@DU__crt_internal_free_policy@@@@QEAA@XZ 000000018000c950 f i libvcruntimed:std_type_info.obj
 0001:0000b950       ??1?$__crt_unique_heap_ptr@EU__crt_internal_free_policy@@@@QEAA@XZ 000000018000c950 f i libucrtd:argv_parsing.obj
 0001:0000b950       ??1?$__crt_unique_heap_ptr@PEADU__crt_internal_free_policy@@@@QEAA@XZ 000000018000c950 f i libucrtd:argv_parsing.obj
 0001:0000b950       ??1?$__crt_unique_heap_ptr@PEAU__crt_stdio_stream_data@@U__crt_internal_free_policy@@@@QEAA@XZ 000000018000c950 f i libucrtd:_file.obj
 0001:0000b950       ??1?$__crt_unique_heap_ptr@U__acrt_ptd@@U__crt_internal_free_policy@@@@QEAA@XZ 000000018000c950 f i libucrtd:per_thread_data.obj
 0001:0000b950       ??1?$__crt_unique_heap_ptr@U__crt_lowio_handle_data@@U__crt_internal_free_policy@@@@QEAA@XZ 000000018000c950 f i libucrtd:osfinfo.obj
 0001:0000b950       ??1?$__crt_unique_heap_ptr@U__crt_multibyte_data@@U__crt_internal_free_policy@@@@QEAA@XZ 000000018000c950 f i libucrtd:mbctype.obj
 0001:0000b950       ??1?$__crt_unique_heap_ptr@U__vcrt_ptd@@U__crt_internal_free_policy@@@@QEAA@XZ 000000018000c950 f i libvcruntimed:per_thread_data.obj
 0001:0000b970       ??B?$__crt_unique_heap_ptr@DU__crt_internal_free_policy@@@@QEBA_NXZ 000000018000c970 f i libvcruntimed:std_type_info.obj
 0001:0000b970       ??B?$__crt_unique_heap_ptr@DU__crt_public_free_policy@@@@QEBA_NXZ 000000018000c970 f i libvcruntimed:std_exception.obj
 0001:0000b970       ??B?$__crt_unique_heap_ptr@EU__crt_internal_free_policy@@@@QEBA_NXZ 000000018000c970 f i libucrtd:argv_parsing.obj
 0001:0000b970       ??B?$__crt_unique_heap_ptr@PEADU__crt_internal_free_policy@@@@QEBA_NXZ 000000018000c970 f i libucrtd:environment_initialization.obj
 0001:0000b970       ??B?$__crt_unique_heap_ptr@U__acrt_ptd@@U__crt_internal_free_policy@@@@QEBA_NXZ 000000018000c970 f i libucrtd:per_thread_data.obj
 0001:0000b970       ??B?$__crt_unique_heap_ptr@U__crt_lowio_handle_data@@U__crt_internal_free_policy@@@@QEBA_NXZ 000000018000c970 f i libucrtd:osfinfo.obj
 0001:0000b970       ??B?$__crt_unique_heap_ptr@U__crt_multibyte_data@@U__crt_internal_free_policy@@@@QEBA_NXZ 000000018000c970 f i libucrtd:mbctype.obj
 0001:0000b970       ??B?$__crt_unique_heap_ptr@U__vcrt_ptd@@U__crt_internal_free_policy@@@@QEBA_NXZ 000000018000c970 f i libvcruntimed:per_thread_data.obj
 0001:0000b990       ?__crt_interlocked_read_64@@YA_JPED_J@Z 000000018000c990 f i libvcruntimed:std_type_info.obj
 0001:0000b9b0       ??C__crt_stdio_stream@@QEBAPEAU__crt_stdio_stream_data@@XZ 000000018000c9b0 f i libucrtd:output.obj
 0001:0000b9b0       ?get@?$__crt_scoped_stack_ptr@_W@@QEBAPEA_WXZ 000000018000c9b0 f i libucrtd:getstringtypea.obj
 0001:0000b9b0       ?get@?$__crt_unique_handle_t@U__crt_findfile_traits@@@@QEBAPEAXXZ 000000018000c9b0 f i libucrtd:argv_wildcards.obj
 0001:0000b9b0       ?get@?$__crt_unique_handle_t@U__crt_hmodule_traits@@@@QEBAPEAUHINSTANCE__@@XZ 000000018000c9b0 f i libucrtd:exit.obj
 0001:0000b9b0       ?get@?$__crt_unique_heap_ptr@DU__crt_internal_free_policy@@@@QEBAPEADXZ 000000018000c9b0 f i libvcruntimed:std_type_info.obj
 0001:0000b9b0       ?get@?$__crt_unique_heap_ptr@DU__crt_public_free_policy@@@@QEBAPEADXZ 000000018000c9b0 f i libvcruntimed:std_exception.obj
 0001:0000b9b0       ?get@?$__crt_unique_heap_ptr@EU__crt_internal_free_policy@@@@QEBAPEAEXZ 000000018000c9b0 f i libucrtd:argv_parsing.obj
 0001:0000b9b0       ?get@?$__crt_unique_heap_ptr@PEADU__crt_internal_free_policy@@@@QEBAPEAPEADXZ 000000018000c9b0 f i libucrtd:argv_parsing.obj
 0001:0000b9b0       ?get@?$__crt_unique_heap_ptr@U__acrt_ptd@@U__crt_internal_free_policy@@@@QEBAPEAU__acrt_ptd@@XZ 000000018000c9b0 f i libucrtd:per_thread_data.obj
 0001:0000b9b0       ?get@?$__crt_unique_heap_ptr@U__crt_lowio_handle_data@@U__crt_internal_free_policy@@@@QEBAPEAU__crt_lowio_handle_data@@XZ 000000018000c9b0 f i libucrtd:osfinfo.obj
 0001:0000b9b0       ?get@?$__crt_unique_heap_ptr@U__crt_multibyte_data@@U__crt_internal_free_policy@@@@QEBAPEAU__crt_multibyte_data@@XZ 000000018000c9b0 f i libucrtd:mbctype.obj
 0001:0000b9b0       ?get@?$__crt_unique_heap_ptr@U__vcrt_ptd@@U__crt_internal_free_policy@@@@QEBAPEAU__vcrt_ptd@@XZ 000000018000c9b0 f i libvcruntimed:per_thread_data.obj
 0001:0000b9b0       ?public_stream@__crt_stdio_stream@@QEBAPEAU_iobuf@@XZ 000000018000c9b0 f i libucrtd:output.obj
 0001:0000b9b0       ?save_state@?$c_string_character_source@D@__crt_strtox@@QEBAPEBDXZ 000000018000c9b0 f i libucrtd:output.obj
 0001:0000b9b0       ?save_state@?$c_string_character_source@_W@__crt_strtox@@QEBAPEB_WXZ 000000018000c9b0 f i libucrtd:output.obj
 0001:0000b9c0       ??B?$__crt_scoped_stack_ptr@_W@@QEBA_NXZ 000000018000c9c0 f i libucrtd:lcmapstringa.obj
 0001:0000b9c0       ?is_valid@?$__crt_unique_heap_ptr@DU__crt_internal_free_policy@@@@QEBA_NXZ 000000018000c9c0 f i libvcruntimed:std_type_info.obj
 0001:0000b9c0       ?is_valid@?$__crt_unique_heap_ptr@DU__crt_public_free_policy@@@@QEBA_NXZ 000000018000c9c0 f i libvcruntimed:std_exception.obj
 0001:0000b9c0       ?is_valid@?$__crt_unique_heap_ptr@EU__crt_internal_free_policy@@@@QEBA_NXZ 000000018000c9c0 f i libucrtd:argv_parsing.obj
 0001:0000b9c0       ?is_valid@?$__crt_unique_heap_ptr@PEADU__crt_internal_free_policy@@@@QEBA_NXZ 000000018000c9c0 f i libucrtd:environment_initialization.obj
 0001:0000b9c0       ?is_valid@?$__crt_unique_heap_ptr@U__acrt_ptd@@U__crt_internal_free_policy@@@@QEBA_NXZ 000000018000c9c0 f i libucrtd:per_thread_data.obj
 0001:0000b9c0       ?is_valid@?$__crt_unique_heap_ptr@U__crt_lowio_handle_data@@U__crt_internal_free_policy@@@@QEBA_NXZ 000000018000c9c0 f i libucrtd:osfinfo.obj
 0001:0000b9c0       ?is_valid@?$__crt_unique_heap_ptr@U__crt_multibyte_data@@U__crt_internal_free_policy@@@@QEBA_NXZ 000000018000c9c0 f i libucrtd:mbctype.obj
 0001:0000b9c0       ?is_valid@?$__crt_unique_heap_ptr@U__vcrt_ptd@@U__crt_internal_free_policy@@@@QEBA_NXZ 000000018000c9c0 f i libvcruntimed:per_thread_data.obj
 0001:0000b9c0       ?valid@__crt_stdio_stream@@QEBA_NXZ 000000018000c9c0 f i libucrtd:output.obj
 0001:0000b9f0       ?release@?$__crt_unique_heap_ptr@DU__crt_internal_free_policy@@@@QEAAXXZ 000000018000c9f0 f i libvcruntimed:std_type_info.obj
 0001:0000b9f0       ?release@?$__crt_unique_heap_ptr@EU__crt_internal_free_policy@@@@QEAAXXZ 000000018000c9f0 f i libucrtd:argv_parsing.obj
 0001:0000b9f0       ?release@?$__crt_unique_heap_ptr@PEADU__crt_internal_free_policy@@@@QEAAXXZ 000000018000c9f0 f i libucrtd:argv_parsing.obj
 0001:0000b9f0       ?release@?$__crt_unique_heap_ptr@PEAU__crt_stdio_stream_data@@U__crt_internal_free_policy@@@@QEAAXXZ 000000018000c9f0 f i libucrtd:_file.obj
 0001:0000b9f0       ?release@?$__crt_unique_heap_ptr@U__acrt_ptd@@U__crt_internal_free_policy@@@@QEAAXXZ 000000018000c9f0 f i libucrtd:per_thread_data.obj
 0001:0000b9f0       ?release@?$__crt_unique_heap_ptr@U__crt_lowio_handle_data@@U__crt_internal_free_policy@@@@QEAAXXZ 000000018000c9f0 f i libucrtd:osfinfo.obj
 0001:0000b9f0       ?release@?$__crt_unique_heap_ptr@U__crt_multibyte_data@@U__crt_internal_free_policy@@@@QEAAXXZ 000000018000c9f0 f i libucrtd:mbctype.obj
 0001:0000b9f0       ?release@?$__crt_unique_heap_ptr@U__vcrt_ptd@@U__crt_internal_free_policy@@@@QEAAXXZ 000000018000c9f0 f i libvcruntimed:per_thread_data.obj
 0001:0000ba20       __std_type_info_compare    000000018000ca20 f   libvcruntimed:std_type_info.obj
 0001:0000ba60       __std_type_info_destroy_list 000000018000ca60 f   libvcruntimed:std_type_info.obj
 0001:0000bac0       __vcrt_initialize          000000018000cac0 f   libvcruntimed:initialization.obj
 0001:0000bb00       __vcrt_thread_attach       000000018000cb00 f   libvcruntimed:initialization.obj
 0001:0000bb20       __vcrt_thread_detach       000000018000cb20 f   libvcruntimed:initialization.obj
 0001:0000bb30       __vcrt_uninitialize        000000018000cb30 f   libvcruntimed:initialization.obj
 0001:0000bb50       __vcrt_uninitialize_critical 000000018000cb50 f   libvcruntimed:initialization.obj
 0001:0000bb70       __DestructExceptionObject  000000018000cb70 f   libvcruntimed:ehhelpers.obj
 0001:0000bc70       ?_CallMemberFunction0@@YAXQEAX0@Z 000000018000cc70 f i libvcruntimed:ehhelpers.obj
 0001:0000bd40       _IsExceptionObjectToBeDestroyed 000000018000cd40 f   libvcruntimed:ehhelpers.obj
 0001:0000bd90       __AdjustPointer            000000018000cd90 f   libvcruntimed:ehhelpers.obj
 0001:0000be10       __FrameUnwindFilter        000000018000ce10 f   libvcruntimed:ehhelpers.obj
 0001:0000bef0       _NLG_Notify                000000018000cef0 f   libvcruntimed:notify.obj
 0001:0000bf10       __NLG_Dispatch2            000000018000cf10 f   libvcruntimed:notify.obj
 0001:0000bf20       __NLG_Return2              000000018000cf20 f   libvcruntimed:notify.obj
 0001:0000bf30       __except_validate_context_record 000000018000cf30 f   libvcruntimed:jbcxrval.obj
 0001:0000bf90       _vsprintf_s_l              000000018000cf90 f i libvcruntimed:undname.obj
 0001:0000c000       sprintf_s                  000000018000d000 f i libvcruntimed:undname.obj
 0001:0000c0a0       ?detach@?$__crt_unique_heap_ptr@DU__crt_internal_free_policy@@@@QEAAPEADXZ 000000018000d0a0 f i libucrtd:environment_initialization.obj
 0001:0000c0a0       ?detach@?$__crt_unique_heap_ptr@DU__crt_public_free_policy@@@@QEAAPEADXZ 000000018000d0a0 f i libvcruntimed:std_exception.obj
 0001:0000c0a0       ?detach@?$__crt_unique_heap_ptr@EU__crt_internal_free_policy@@@@QEAAPEAEXZ 000000018000d0a0 f i libucrtd:argv_parsing.obj
 0001:0000c0a0       ?detach@?$__crt_unique_heap_ptr@PEADU__crt_internal_free_policy@@@@QEAAPEAPEADXZ 000000018000d0a0 f i libucrtd:argv_parsing.obj
 0001:0000c0a0       ?detach@?$__crt_unique_heap_ptr@PEAU__crt_stdio_stream_data@@U__crt_internal_free_policy@@@@QEAAPEAPEAU__crt_stdio_stream_data@@XZ 000000018000d0a0 f i libucrtd:_file.obj
 0001:0000c0a0       ?detach@?$__crt_unique_heap_ptr@U__acrt_ptd@@U__crt_internal_free_policy@@@@QEAAPEAU__acrt_ptd@@XZ 000000018000d0a0 f i libucrtd:per_thread_data.obj
 0001:0000c0a0       ?detach@?$__crt_unique_heap_ptr@U__crt_lowio_handle_data@@U__crt_internal_free_policy@@@@QEAAPEAU__crt_lowio_handle_data@@XZ 000000018000d0a0 f i libucrtd:osfinfo.obj
 0001:0000c0a0       ?detach@?$__crt_unique_heap_ptr@U__crt_multibyte_data@@U__crt_internal_free_policy@@@@QEAAPEAU__crt_multibyte_data@@XZ 000000018000d0a0 f i libucrtd:mbctype.obj
 0001:0000c0a0       ?detach@?$__crt_unique_heap_ptr@U__vcrt_ptd@@U__crt_internal_free_policy@@@@QEAAPEAU__vcrt_ptd@@XZ 000000018000d0a0 f i libvcruntimed:per_thread_data.obj
 0001:0000c110       __vcrt_freefls             000000018000d110 f   libvcruntimed:per_thread_data.obj
 0001:0000c150       __vcrt_freeptd_for_this_thread 000000018000d150 f   libvcruntimed:per_thread_data.obj
 0001:0000c190       __vcrt_getptd              000000018000d190 f   libvcruntimed:per_thread_data.obj
 0001:0000c1c0       __vcrt_getptd_noexit       000000018000d1c0 f   libvcruntimed:per_thread_data.obj
 0001:0000c360       __vcrt_initialize_ptd      000000018000d360 f   libvcruntimed:per_thread_data.obj
 0001:0000c3b0       __vcrt_uninitialize_ptd    000000018000d3b0 f   libvcruntimed:per_thread_data.obj
 0001:0000c3e0       __vcrt_initialize_locks    000000018000d3e0 f   libvcruntimed:locks.obj
 0001:0000c450       __vcrt_uninitialize_locks  000000018000d450 f   libvcruntimed:locks.obj
 0001:0000c4b0       ??$?0AEAViterator@TryBlockMap@__FrameHandler3@@AEAV012@$0A@@?$pair@Viterator@TryBlockMap@__FrameHandler3@@V123@@std@@QEAA@AEAViterator@TryBlockMap@__FrameHandler3@@0@Z 000000018000d4b0 f i libvcruntimed:risctrnsctrl.obj
 0001:0000c5c0       ??$_CallSETranslator@V__FrameHandler3@@@@YAHPEAUEHExceptionRecord@@PEA_KPEAU_CONTEXT@@PEAU_xDISPATCHER_CONTEXT@@PEBU_s_FuncInfo@@K1H@Z 000000018000d5c0 f i libvcruntimed:risctrnsctrl.obj
 0001:0000c650       ??0iterator@HandlerMap@__FrameHandler3@@QEAA@AEAV12@I@Z 000000018000d650 f i libvcruntimed:frame.obj
 0001:0000c650       ??0iterator@TryBlockMap@__FrameHandler3@@QEAA@AEAV12@I@Z 000000018000d650 f i libvcruntimed:risctrnsctrl.obj
 0001:0000c680       ?CatchTryBlock@__FrameHandler3@@SAPEBU_s_TryBlockMapEntry@@PEBU_s_FuncInfo@@H@Z 000000018000d680 f   libvcruntimed:risctrnsctrl.obj
 0001:0000c710       ?ExecutionInCatch@__FrameHandler3@@SA_NPEAU_xDISPATCHER_CONTEXT@@PEBU_s_FuncInfo@@@Z 000000018000d710 f   libvcruntimed:risctrnsctrl.obj
 0001:0000c760       ?FrameUnwindToEmptyState@__FrameHandler3@@SAXPEA_KPEAU_xDISPATCHER_CONTEXT@@PEBU_s_FuncInfo@@@Z 000000018000d760 f   libvcruntimed:risctrnsctrl.obj
 0001:0000c800       ?GetEstablisherFrame@__FrameHandler3@@SAPEA_KPEA_KPEAU_xDISPATCHER_CONTEXT@@PEBU_s_FuncInfo@@0@Z 000000018000d800 f   libvcruntimed:risctrnsctrl.obj
 0001:0000c970       ?GetRangeOfTrysToCheck@__FrameHandler3@@SA?AU?$pair@Viterator@TryBlockMap@__FrameHandler3@@V123@@std@@AEAVTryBlockMap@1@HPEAU_xDISPATCHER_CONTEXT@@PEBU_s_FuncInfo@@H@Z 000000018000d970 f   libvcruntimed:risctrnsctrl.obj
 0001:0000cbb0       ?UnwindNestedFrames@__FrameHandler3@@SAXPEA_KPEAUEHExceptionRecord@@PEAU_CONTEXT@@0PEAXPEBU_s_FuncInfo@@HHPEBU_s_HandlerType@@PEAU_xDISPATCHER_CONTEXT@@E@Z 000000018000dbb0 f   libvcruntimed:risctrnsctrl.obj
 0001:0000cd20       _CreateFrameInfo           000000018000dd20 f   libvcruntimed:risctrnsctrl.obj
 0001:0000cd90       _FindAndUnlinkFrame        000000018000dd90 f   libvcruntimed:risctrnsctrl.obj
 0001:0000ce10       _GetImageBase              000000018000de10 f   libvcruntimed:risctrnsctrl.obj
 0001:0000ce30       _GetThrowImageBase         000000018000de30 f   libvcruntimed:risctrnsctrl.obj
 0001:0000ce50       _SetImageBase              000000018000de50 f   libvcruntimed:risctrnsctrl.obj
 0001:0000ce70       _SetThrowImageBase         000000018000de70 f   libvcruntimed:risctrnsctrl.obj
 0001:0000ce90       __CxxFrameHandler3         000000018000de90 f   libvcruntimed:risctrnsctrl.obj
 0001:0000cf70       ??$__crt_interlocked_exchange_pointer@UHINSTANCE__@@PEAU1@@@YAPEAUHINSTANCE__@@PEDSEAU0@QEAU0@@Z 000000018000df70 f i libvcruntimed:winapi_downlevel.obj
 0001:0000cf70       ??$__crt_interlocked_exchange_pointer@UHINSTANCE__@@PEAX@@YAPEAUHINSTANCE__@@PEDSEAU0@QEAX@Z 000000018000df70 f i libvcruntimed:winapi_downlevel.obj
 0001:0000cf70       ??$__crt_interlocked_exchange_pointer@XPEAX@@YAPEAXPEDSEAXQEAX@Z 000000018000df70 f i libvcruntimed:winapi_downlevel.obj
 0001:0000cf90       ??$__crt_interlocked_read_pointer@UHINSTANCE__@@@@YAPEAUHINSTANCE__@@PEDSEAU0@@Z 000000018000df90 f i libvcruntimed:winapi_downlevel.obj
 0001:0000cf90       ??$__crt_interlocked_read_pointer@X@@YAPEAXPEDSEAX@Z 000000018000df90 f i libvcruntimed:winapi_downlevel.obj
 0001:0000cfb0       ?get_invalid_value@__crt_findfile_traits@@SAPEAXXZ 000000018000dfb0 f   libucrtd:argv_wildcards.obj
 0001:0000d4a0       __vcrt_FlsAlloc            000000018000e4a0 f   libvcruntimed:winapi_downlevel.obj
 0001:0000d4f0       __vcrt_FlsFree             000000018000e4f0 f   libvcruntimed:winapi_downlevel.obj
 0001:0000d540       __vcrt_FlsGetValue         000000018000e540 f   libvcruntimed:winapi_downlevel.obj
 0001:0000d590       __vcrt_FlsSetValue         000000018000e590 f   libvcruntimed:winapi_downlevel.obj
 0001:0000d5f0       __vcrt_InitializeCriticalSectionEx 000000018000e5f0 f   libvcruntimed:winapi_downlevel.obj
 0001:0000d660       ?GetCurrentState@__FrameHandler3@@SAHPEA_KPEAU_xDISPATCHER_CONTEXT@@PEBU_s_FuncInfo@@@Z 000000018000e660 f   libvcruntimed:ehstate.obj
 0001:0000d6c0       ?GetUnwindTryBlock@__FrameHandler3@@SAHPEA_KPEAU_xDISPATCHER_CONTEXT@@PEBU_s_FuncInfo@@@Z 000000018000e6c0 f   libvcruntimed:ehstate.obj
 0001:0000d710       ?SetState@__FrameHandler3@@SAXPEA_KPEBU_s_FuncInfo@@H@Z 000000018000e710 f   libvcruntimed:ehstate.obj
 0001:0000d740       ?SetUnwindTryBlock@__FrameHandler3@@SAXPEA_KPEAU_xDISPATCHER_CONTEXT@@PEBU_s_FuncInfo@@H@Z 000000018000e740 f   libvcruntimed:ehstate.obj
 0001:0000d7b0       ?StateFromControlPc@__FrameHandler3@@SAHPEBU_s_FuncInfo@@PEAU_xDISPATCHER_CONTEXT@@@Z 000000018000e7b0 f   libvcruntimed:ehstate.obj
 0001:0000d7f0       ?StateFromIp@__FrameHandler3@@SAHPEBU_s_FuncInfo@@PEAU_xDISPATCHER_CONTEXT@@_K@Z 000000018000e7f0 f   libvcruntimed:ehstate.obj
 0001:0000d8e0       ?__RVAtoRealOffset@@YA_KPEAU_xDISPATCHER_CONTEXT@@H@Z 000000018000e8e0 f i libvcruntimed:ehstate.obj
 0001:0000eab0       ??$TypeMatchHelper@V__FrameHandler3@@@@YAHPEBU_s_HandlerType@@PEBU_s_CatchableType@@PEBU_s_ThrowInfo@@@Z 000000018000fab0 f i libvcruntimed:frame.obj
 0001:0000ecb0       ??$__InternalCxxFrameHandler@V__FrameHandler3@@@@YA?AW4_EXCEPTION_DISPOSITION@@PEAUEHExceptionRecord@@PEA_KPEAU_CONTEXT@@PEAU_xDISPATCHER_CONTEXT@@PEBU_s_FuncInfo@@H1E@Z 000000018000fcb0 f i libvcruntimed:frame.obj
 0001:0000f120       ??$__InternalCxxFrameHandlerWrapper@V__FrameHandler3@@@@YA?AW4_EXCEPTION_DISPOSITION@@PEAUEHExceptionRecord@@PEA_KPEAU_CONTEXT@@PEAU_xDISPATCHER_CONTEXT@@PEBU_s_FuncInfo@@H1E@Z 0000000180010120 f i libvcruntimed:frame.obj
 0001:0000f190       ??0HandlerMap@__FrameHandler3@@QEAA@PEBU_s_TryBlockMapEntry@@_KI@Z 0000000180010190 f i libvcruntimed:frame.obj
 0001:0000f1e0       ??0TryBlockMap@__FrameHandler3@@QEAA@PEBU_s_FuncInfo@@_K@Z 00000001800101e0 f i libvcruntimed:frame.obj
 0001:0000f210       ??0bad_exception@std@@QEAA@AEBV01@@Z 0000000180010210 f i libvcruntimed:frame.obj
 0001:0000f250       ??0bad_exception@std@@QEAA@XZ 0000000180010250 f i libvcruntimed:frame.obj
 0001:0000f290       ??0exception@std@@QEAA@AEBV01@@Z 0000000180010290 f i libvcruntimed:frame.obj
 0001:0000f2f0       ??0exception@std@@QEAA@QEBDH@Z 00000001800102f0 f i libvcruntimed:frame.obj
 0001:0000f340       ??1bad_exception@std@@UEAA@XZ 0000000180010340 f i libvcruntimed:frame.obj
 0001:0000f360       ??1exception@std@@UEAA@XZ  0000000180010360 f i libvcruntimed:frame.obj
 0001:0000f390       ??8iterator@HandlerMap@__FrameHandler3@@QEBA_NAEBV012@@Z 0000000180010390 f i libvcruntimed:frame.obj
 0001:0000f3d0       ??8type_info@@QEBA_NAEBV0@@Z 00000001800103d0 f i libvcruntimed:frame.obj
 0001:0000f450       ??9iterator@HandlerMap@__FrameHandler3@@QEBA_NAEBV012@@Z 0000000180010450 f i libvcruntimed:frame.obj
 0001:0000f490       ??Diterator@HandlerMap@__FrameHandler3@@QEAA?BU_s_HandlerType@@XZ 0000000180010490 f i libvcruntimed:frame.obj
 0001:0000f4d0       ??Diterator@TryBlockMap@__FrameHandler3@@QEAA?BU_s_TryBlockMapEntry@@XZ 00000001800104d0 f i libvcruntimed:frame.obj
 0001:0000f520       ??Eiterator@HandlerMap@__FrameHandler3@@QEAAAEAV012@XZ 0000000180010520 f i libvcruntimed:frame.obj
 0001:0000f520       ??Eiterator@TryBlockMap@__FrameHandler3@@QEAAAEAV012@XZ 0000000180010520 f i libvcruntimed:frame.obj
 0001:0000f540       ??Miterator@TryBlockMap@__FrameHandler3@@QEBA_NAEBV012@@Z 0000000180010540 f i libvcruntimed:frame.obj
 0001:0000f580       ??_Ebad_exception@std@@UEAAPEAXI@Z 0000000180010580 f i libvcruntimed:frame.obj
 0001:0000f580       ??_Gbad_exception@std@@UEAAPEAXI@Z 0000000180010580 f i libvcruntimed:frame.obj
 0001:0000f5c0       ??_Eexception@std@@UEAAPEAXI@Z 00000001800105c0 f i libvcruntimed:frame.obj
 0001:0000f5c0       ??_Gexception@std@@UEAAPEAXI@Z 00000001800105c0 f i libvcruntimed:frame.obj
 0001:0000f600       ?BuildCatchObject@__FrameHandler3@@SAXPEAUEHExceptionRecord@@PEAXPEBU_s_HandlerType@@PEBU_s_CatchableType@@@Z 0000000180010600 f   libvcruntimed:frame.obj
 0001:0000f640       ?CxxCallCatchBlock@__FrameHandler3@@SAPEAXPEAU_EXCEPTION_RECORD@@@Z 0000000180010640 f   libvcruntimed:frame.obj
 0001:0000f9a0       ?FrameUnwindToState@__FrameHandler3@@SAXPEA_KPEAU_xDISPATCHER_CONTEXT@@PEBU_s_FuncInfo@@H@Z 00000001800109a0 f   libvcruntimed:frame.obj
 0001:0000fbf0       ?GetHandlerSearchState@__FrameHandler3@@SAHPEA_KPEAU_xDISPATCHER_CONTEXT@@PEBU_s_FuncInfo@@@Z 0000000180010bf0 f i libvcruntimed:frame.obj
 0001:0000fca0       ?GetMaxState@__FrameHandler3@@SAHPEAU_xDISPATCHER_CONTEXT@@PEBU_s_FuncInfo@@@Z 0000000180010ca0 f i libvcruntimed:frame.obj
 0001:0000fea0       ?TypeMatch@__FrameHandler3@@SAHPEBU_s_HandlerType@@PEBU_s_CatchableType@@PEBU_s_ThrowInfo@@@Z 0000000180010ea0 f   libvcruntimed:frame.obj
 0001:0000fea0       __TypeMatch                0000000180010ea0 f   libvcruntimed:frame.obj
 0001:0000fed0       ?_CallMemberFunction1@@YAXQEAX00@Z 0000000180010ed0 f i libvcruntimed:frame.obj
 0001:0000ff10       ?_CallMemberFunction2@@YAXQEAX00H@Z 0000000180010f10 f i libvcruntimed:frame.obj
 0001:0000ffa0       ?begin@HandlerMap@__FrameHandler3@@QEAA?AViterator@12@XZ 0000000180010fa0 f i libvcruntimed:frame.obj
 0001:0000ffd0       ?end@HandlerMap@__FrameHandler3@@QEAA?AViterator@12@XZ 0000000180010fd0 f i libvcruntimed:frame.obj
 0001:00010000       ?getESTypes@__FrameHandler3@@SAPEBU_s_ESTypeList@@PEBU_s_FuncInfo@@@Z 0000000180011000 f i libvcruntimed:frame.obj
 0001:00010040       ?getLastEntry@HandlerMap@__FrameHandler3@@QEAAPEBU_s_HandlerType@@XZ 0000000180011040 f i libvcruntimed:frame.obj
 0001:00010060       ?getMagicNum@__FrameHandler3@@SAIPEBU_s_FuncInfo@@@Z 0000000180011060 f i libvcruntimed:frame.obj
 0001:00010080       ?getNumTryBlocks@TryBlockMap@__FrameHandler3@@QEAAIXZ 0000000180011080 f i libvcruntimed:frame.obj
 0001:000100a0       ?isEHs@__FrameHandler3@@SA_NPEBU_s_FuncInfo@@@Z 00000001800110a0 f i libvcruntimed:frame.obj
 0001:000100e0       ?isNoExcept@__FrameHandler3@@SA_NPEBU_s_FuncInfo@@@Z 00000001800110e0 f i libvcruntimed:frame.obj
 0001:00010120       ?what@exception@std@@UEBAPEBDXZ 0000000180011120 f i libvcruntimed:frame.obj
 0001:00010160       __vcrt_EncodePointer       0000000180011160 f i libvcruntimed:frame.obj
 0001:00010190       memcpy_avx_ermsb_Intel     0000000180011190 f   libvcruntimed:memcpy_avx_ermsb_aligned.obj
 0001:000105c0       memcpy_avx_ermsb_amd       00000001800115c0 f   libvcruntimed:memcpy_avx_ermsb_aligned_amd.obj
 0001:000109f0       memcpy_sse2_ermsb_Intel    00000001800119f0 f   libvcruntimed:memcpy_sse2_ermsb_aligned.obj
 0001:00010ca0       memcpy_sse2_ermsb_amd      0000000180011ca0 f   libvcruntimed:memcpy_sse2_ermsb_aligned_amd.obj
 0001:00010f80       _CallSettingFrame          0000000180011f80 f   libvcruntimed:handlers.obj
 0001:00010fc0       ??$?RD@__crt_public_free_policy@@QEBAXQEBD@Z 0000000180011fc0 f i libvcruntimed:std_exception.obj
 0001:00010fe0       ??1?$__crt_unique_heap_ptr@DU__crt_public_free_policy@@@@QEAA@XZ 0000000180011fe0 f i libvcruntimed:std_exception.obj
 0001:00011000       ?release@?$__crt_unique_heap_ptr@DU__crt_public_free_policy@@@@QEAAXXZ 0000000180012000 f i libvcruntimed:std_exception.obj
 0001:00011030       __std_exception_copy       0000000180012030 f   libvcruntimed:std_exception.obj
 0001:00011170       __std_exception_destroy    0000000180012170 f   libvcruntimed:std_exception.obj
 0001:000111b0       _CxxThrowException         00000001800121b0 f   libvcruntimed:throw.obj
 0001:00011300       memcpy_repmovs_Intel       0000000180012300 f   libvcruntimed:memcpy_repmovs.obj
 0001:00011320       memcpy_CopyDown_Intel      0000000180012320 f   libvcruntimed:memcpy_CopyDown.obj
 0001:00011410       memcpy_repmovs_amd         0000000180012410 f   libvcruntimed:memcpy_repmovs_amd.obj
 0001:00011430       memcpy_CopyDown_amd        0000000180012430 f   libvcruntimed:memcpy_CopyDown_amd.obj
 0001:00011510       roundf                     0000000180012510 f   libucrtd:roundf.obj
 0001:000115a0       cosf                       00000001800125a0 f   libucrtd:cosf.obj
 0001:00011aa0       sinf                       0000000180012aa0 f   libucrtd:sinf.obj
 0001:000121a0       _initterm                  00000001800131a0 f   libucrtd:initterm.obj
 0001:00012210       _initterm_e                0000000180013210 f   libucrtd:initterm.obj
 0001:00012300       _seh_filter_dll            0000000180013300 f   libucrtd:exception_filter.obj
 0001:00012330       _seh_filter_exe            0000000180013330 f   libucrtd:exception_filter.obj
 0001:00012600       ??$?B$$A6AXH@Z@__crt_fast_encoded_nullptr_t@@QEBAP6AXH@ZXZ 0000000180013600 f i libucrtd:signal.obj
 0001:00012600       ??$?B$$A6AXPEAXK0@Z@__crt_fast_encoded_nullptr_t@@QEBAP6AXPEAXK0@ZXZ 0000000180013600 f i libucrtd:exit.obj
 0001:00012600       ??$?B$$A6AXXZ@__crt_fast_encoded_nullptr_t@@QEBAP6AXXZXZ 0000000180013600 f i libucrtd:onexit.obj
 0001:00012600       ??$?BP6AXXZ@__crt_fast_encoded_nullptr_t@@QEBAPEAP6AXXZXZ 0000000180013600 f i libucrtd:onexit.obj
 0001:00012600       ??$?BX@__crt_fast_encoded_nullptr_t@@QEBAPEAXXZ 0000000180013600 f i libucrtd:initialization.obj
 0001:000126c0       ??$__crt_fast_decode_pointer@P6AHPEAU_exception@@@Z@@YAP6AHPEAU_exception@@@ZQ6AH0@Z@Z 00000001800136c0 f i libucrtd:matherr.obj
 0001:000126c0       ??$__crt_fast_decode_pointer@P6AH_K@Z@@YAP6AH_K@ZQ6AH0@Z@Z 00000001800136c0 f i libucrtd:new_handler.obj
 0001:000126c0       ??$__crt_fast_decode_pointer@P6AXH@Z@@YAP6AXH@ZQ6AXH@Z@Z 00000001800136c0 f i libucrtd:signal.obj
 0001:000126c0       ??$__crt_fast_decode_pointer@P6AXPEAXK0@Z@@YAP6AXPEAXK0@ZQ6AX0K0@Z@Z 00000001800136c0 f i libucrtd:exit.obj
 0001:000126c0       ??$__crt_fast_decode_pointer@P6AXPEB_W00I_K@Z@@YAP6AXPEB_W00I_K@ZQ6AX000I1@Z@Z 00000001800136c0 f i libucrtd:invalid_parameter.obj
 0001:000126c0       ??$__crt_fast_decode_pointer@P6AXXZ@@YAP6AXXZQ6AXXZ@Z 00000001800136c0 f i libucrtd:onexit.obj
 0001:000126c0       ??$__crt_fast_decode_pointer@PEAP6AXXZ@@YAPEAP6AXXZQEAP6AXXZ@Z 00000001800136c0 f i libucrtd:onexit.obj
 0001:000126c0       ??$__crt_fast_decode_pointer@PEAX@@YAPEAXQEAX@Z 00000001800136c0 f i libucrtd:winapi_thunks.obj
 0001:00012700       ??$__crt_fast_encode_pointer@P6AXH@Z@@YAP6AXH@ZQ6AXH@Z@Z 0000000180013700 f i libucrtd:signal.obj
 0001:00012700       ??$__crt_fast_encode_pointer@P6AXPEAXK0@Z@@YAP6AXPEAXK0@ZQ6AX0K0@Z@Z 0000000180013700 f i libucrtd:exit.obj
 0001:00012700       ??$__crt_fast_encode_pointer@P6AXXZ@@YAP6AXXZQ6AXXZ@Z 0000000180013700 f i libucrtd:onexit.obj
 0001:00012700       ??$__crt_fast_encode_pointer@PEAP6AXXZ@@YAPEAP6AXXZQEAP6AXXZ@Z 0000000180013700 f i libucrtd:onexit.obj
 0001:00012700       ??$__crt_fast_encode_pointer@PEAX@@YAPEAXQEAX@Z 0000000180013700 f i libucrtd:initialization.obj
 0001:00012740       ??$__crt_get_proc_address@P6AXI@Z@@YAP6AXI@ZQEAUHINSTANCE__@@QEBD@Z 0000000180013740 f i libucrtd:exit.obj
 0001:00012770       ??$__crt_interlocked_read@J@@YAJPEDJ@Z 0000000180013770 f i libucrtd:exit.obj
 0001:00012800       ??1?$__crt_unique_handle_t@U__crt_hmodule_traits@@@@QEAA@XZ 0000000180013800 f i libucrtd:exit.obj
 0001:00012980       ?__acrt_select_exit_lock@@YA?AW4__acrt_lock_id@@XZ 0000000180013980 f i libucrtd:exit.obj
 0001:00012990       ?__crt_fast_encode_pointer@@YA?AU__crt_fast_encoded_nullptr_t@@$$T@Z 0000000180013990 f i libucrtd:exit.obj
 0001:000129b0       ?__crt_interlocked_read_32@@YAHPEDH@Z 00000001800139b0 f i libucrtd:exit.obj
 0001:000129d0       ?__crt_rotate_pointer_value@@YA_K_KH@Z 00000001800139d0 f i libucrtd:exit.obj
 0001:00012a10       ?close@?$__crt_unique_handle_t@U__crt_hmodule_traits@@@@QEAAXXZ 0000000180013a10 f i libucrtd:exit.obj
 0001:00012a50       ?close@__crt_hmodule_traits@@SA_NPEAUHINSTANCE__@@@Z 0000000180013a50 f i libucrtd:exit.obj
 0001:00012b70       ?dangerous_get_state_array@?$dual_state_global@P6AXPEB_W00I_K@Z@__crt_state_management@@QEAAPEAP6AXPEB_W00I_K@ZXZ 0000000180013b70 f i libucrtd:invalid_parameter.obj
 0001:00012b70       ?dangerous_get_state_array@?$dual_state_global@PEAE@__crt_state_management@@QEAAPEAPEAEXZ 0000000180013b70 f i libucrtd:mbctype.obj
 0001:00012b70       ?dangerous_get_state_array@?$dual_state_global@PEAU__crt_locale_data@@@__crt_state_management@@QEAAPEAPEAU__crt_locale_data@@XZ 0000000180013b70 f i libucrtd:per_thread_data.obj
 0001:00012b70       ?dangerous_get_state_array@?$dual_state_global@PEAU__crt_multibyte_data@@@__crt_state_management@@QEAAPEAPEAU__crt_multibyte_data@@XZ 0000000180013b70 f i libucrtd:mbctype.obj
 0001:00012b70       ?debug_info@?$__crt_win32_buffer@DU__crt_win32_buffer_internal_dynamic_resizing@@@@QEBAAEBV__crt_win32_buffer_empty_debug_info@@XZ 0000000180013b70 f i libucrtd:argv_wildcards.obj
 0001:00012b70       ?debug_info@?$__crt_win32_buffer@DU__crt_win32_buffer_no_resizing@@@@QEBAAEBV__crt_win32_buffer_empty_debug_info@@XZ 0000000180013b70 f i libucrtd:getmodulefilenamea.obj
 0001:00012b70       ?debug_info@?$__crt_win32_buffer@_WU__crt_win32_buffer_internal_dynamic_resizing@@@@QEBAAEBV__crt_win32_buffer_empty_debug_info@@XZ 0000000180013b70 f i libucrtd:argv_wildcards.obj
 0001:00012b70       ?get_address_of@?$__crt_unique_handle_t@U__crt_hmodule_traits@@@@QEAAPEAPEAUHINSTANCE__@@XZ 0000000180013b70 f i libucrtd:exit.obj
 0001:00012b70       ?get_address_of@?$__crt_unique_heap_ptr@PEADU__crt_internal_free_policy@@@@QEAAPEAPEAPEADXZ 0000000180013b70 f i libucrtd:argv_parsing.obj
 0001:00012b80       ?get_current_state_index@__crt_state_management@@YA_KXZ 0000000180013b80 f i libucrtd:environment_initialization.obj
 0001:00012b80       ?get_invalid_value@__crt_hmodule_traits@@SAPEAUHINSTANCE__@@XZ 0000000180013b80 f i libucrtd:exit.obj
 0001:00012d30       __acrt_initialize_thread_local_exit_callback 0000000180013d30 f   libucrtd:exit.obj
 0001:00012d50       _cexit                     0000000180013d50 f   libucrtd:exit.obj
 0001:00012d70       _exit                      0000000180013d70 f   libucrtd:exit.obj
 0001:00012d90       _is_c_termination_complete 0000000180013d90 f   libucrtd:exit.obj
 0001:00013140       ??$get_module_file_name@$$TAEAY0BAF@DH@?$__crt_char_traits@D@@SAK$$QEA$$TAEAY0BAF@D$$QEAH@Z 0000000180014140 f i libucrtd:argv_parsing.obj
 0001:00013140       ??$get_module_file_name@AEAPEAUHINSTANCE__@@AEAY0BAF@DK@?$__crt_char_traits@D@@SAKAEAPEAUHINSTANCE__@@AEAY0BAF@D$$QEAK@Z 0000000180014140 f i libucrtd:dbgrpt.obj
 0001:00013650       ??$set_program_name@PEAD@?$__crt_char_traits@D@@SAX$$QEAPEAD@Z 0000000180014650 f i libucrtd:argv_parsing.obj
 0001:00013780       __acrt_allocate_buffer_for_argv 0000000180014780 f   libucrtd:argv_parsing.obj
 0001:000138a0       _configure_narrow_argv     00000001800148a0 f   libucrtd:argv_parsing.obj
 0001:000138c0       _set_pgmptr                00000001800148c0 f i libucrtd:argv_parsing.obj
 0001:00013cf0       ??$get_environment_from_os@$$V@?$__crt_char_traits@D@@SAPEADXZ 0000000180014cf0 f i libucrtd:environment_initialization.obj
 0001:00013d00       ??$tcscpy_s@PEADAEB_KAEAPEAD@?$__crt_char_traits@D@@SAH$$QEAPEADAEB_KAEAPEAD@Z 0000000180014d00 f i libucrtd:environment_initialization.obj
 0001:00013d40       ??$tcslen@AEAPEAD@?$__crt_char_traits@D@@SA_KAEAPEAD@Z 0000000180014d40 f i libucrtd:environment_initialization.obj
 0001:00013d40       ??$tcslen@AEBQEBD@?$__crt_char_traits@D@@SA_KAEBQEBD@Z 0000000180014d40 f i libucrtd:dbgrpt.obj
 0001:00013d60       ??$uninitialize@A6AXAEAPEAPEAD@_E@?$dual_state_global@PEAPEAD@__crt_state_management@@QEAAXA6AXAEAPEAPEAD@_E@Z 0000000180014d60 f i libucrtd:environment_initialization.obj
 0001:00013de0       ??$uninitialize@A6AXAEAPEAPEA_W@_E@?$dual_state_global@PEAPEA_W@__crt_state_management@@QEAAXA6AXAEAPEAPEA_W@_E@Z 0000000180014de0 f i libucrtd:environment_initialization.obj
 0001:00013f30       ?initialize@?$dual_state_global@P6AHPEAU_exception@@@Z@__crt_state_management@@QEAAXQ6AHPEAU_exception@@@Z@Z 0000000180014f30 f i libucrtd:matherr.obj
 0001:00013f30       ?initialize@?$dual_state_global@P6AH_K@Z@__crt_state_management@@QEAAXQ6AH_K@Z@Z 0000000180014f30 f i libucrtd:new_handler.obj
 0001:00013f30       ?initialize@?$dual_state_global@P6AXH@Z@__crt_state_management@@QEAAXQ6AXH@Z@Z 0000000180014f30 f i libucrtd:signal.obj
 0001:00013f30       ?initialize@?$dual_state_global@PEAPEAD@__crt_state_management@@QEAAXQEAPEAD@Z 0000000180014f30 f i libucrtd:environment_initialization.obj
 0001:00013f30       ?initialize@?$dual_state_global@PEAU__crt_locale_data@@@__crt_state_management@@QEAAXQEAU__crt_locale_data@@@Z 0000000180014f30 f i libucrtd:initialization.obj
 0001:00013f30       ?initialize@?$dual_state_global@PEAU__crt_multibyte_data@@@__crt_state_management@@QEAAXQEAU__crt_multibyte_data@@@Z 0000000180014f30 f i libucrtd:mbctype.obj
 0001:00013f80       ?value@?$dual_state_global@P6AHPEAU_exception@@@Z@__crt_state_management@@QEAAAEAP6AHPEAU_exception@@@ZXZ 0000000180014f80 f i libucrtd:matherr.obj
 0001:00013f80       ?value@?$dual_state_global@P6AH_K@Z@__crt_state_management@@QEAAAEAP6AH_K@ZXZ 0000000180014f80 f i libucrtd:new_handler.obj
 0001:00013f80       ?value@?$dual_state_global@P6AXH@Z@__crt_state_management@@QEAAAEAP6AXH@ZXZ 0000000180014f80 f i libucrtd:signal.obj
 0001:00013f80       ?value@?$dual_state_global@PEAE@__crt_state_management@@QEAAAEAPEAEXZ 0000000180014f80 f i libucrtd:mbctype.obj
 0001:00013f80       ?value@?$dual_state_global@PEAPEAD@__crt_state_management@@QEAAAEAPEAPEADXZ 0000000180014f80 f i libucrtd:environment_initialization.obj
 0001:00013f80       ?value@?$dual_state_global@PEAU__crt_locale_data@@@__crt_state_management@@QEAAAEAPEAU__crt_locale_data@@XZ 0000000180014f80 f i libucrtd:per_thread_data.obj
 0001:00013f80       ?value@?$dual_state_global@PEAU__crt_multibyte_data@@@__crt_state_management@@QEAAAEAPEAU__crt_multibyte_data@@XZ 0000000180014f80 f i libucrtd:mbctype.obj
 0001:00013fa0       __dcrt_uninitialize_environments_nolock 0000000180014fa0 f   libucrtd:environment_initialization.obj
 0001:00013ff0       _initialize_narrow_environment 0000000180014ff0 f   libucrtd:environment_initialization.obj
 0001:00014000       _invoke_watson_if_error    0000000180015000 f i libucrtd:environment_initialization.obj
 0001:00014330       _execute_onexit_table      0000000180015330 f   libucrtd:onexit.obj
 0001:00014370       _initialize_onexit_table   0000000180015370 f   libucrtd:onexit.obj
 0001:00014440       __acrt_uninitialize_command_line 0000000180015440 f   libucrtd:argv_data.obj
 0001:000146c0       __acrt_initialize          00000001800156c0 f   libucrtd:initialization.obj
 0001:000146f0       __acrt_thread_attach       00000001800156f0 f   libucrtd:initialization.obj
 0001:00014710       __acrt_thread_detach       0000000180015710 f   libucrtd:initialization.obj
 0001:00014720       __acrt_uninitialize        0000000180015720 f   libucrtd:initialization.obj
 0001:00014750       __acrt_uninitialize_critical 0000000180015750 f   libucrtd:initialization.obj
 0001:00014770       terminate                  0000000180015770 f   libucrtd:terminate.obj
 0001:000147c0       ??0_LocaleUpdate@@QEAA@QEAU__crt_locale_pointers@@@Z 00000001800157c0 f i libucrtd:debug_heap.obj
 0001:000148e0       ??1_LocaleUpdate@@QEAA@XZ  00000001800158e0 f i libucrtd:debug_heap.obj
 0001:00014910       ?GetLocaleT@_LocaleUpdate@@QEAAPEAU__crt_locale_pointers@@XZ 0000000180015910 f i libucrtd:debug_heap.obj
 0001:00016cc0       _CrtCheckMemory            0000000180017cc0 f   libucrtd:debug_heap.obj
 0001:00016e50       _CrtDumpMemoryLeaks        0000000180017e50 f   libucrtd:debug_heap.obj
 0001:00016f10       _CrtIsValidHeapPointer     0000000180017f10 f   libucrtd:debug_heap.obj
 0001:00016f60       _CrtIsValidPointer         0000000180017f60 f   libucrtd:debug_heap.obj
 0001:00016fa0       _CrtMemCheckpoint          0000000180017fa0 f   libucrtd:debug_heap.obj
 0001:00017220       _CrtMemDumpAllObjectsSince 0000000180018220 f   libucrtd:debug_heap.obj
 0001:00017280       _CrtSetDbgFlag             0000000180018280 f   libucrtd:debug_heap.obj
 0001:000173e0       _CrtSetDumpClient          00000001800183e0 f   libucrtd:debug_heap.obj
 0001:00017410       __acrt_disable_global_locale_sync 0000000180018410 f i libucrtd:debug_heap.obj
 0001:00017440       __acrt_enable_global_locale_sync 0000000180018440 f i libucrtd:debug_heap.obj
 0001:00017470       __acrt_get_locale_data_prefix 0000000180018470 f i libucrtd:debug_heap.obj
 0001:00017490       __acrt_locale_changed      0000000180018490 f i libucrtd:debug_heap.obj
 0001:000174c0       _calloc_dbg                00000001800184c0 f   libucrtd:debug_heap.obj
 0001:00017560       _chvalidchk_l              0000000180018560 f i libucrtd:debug_heap.obj
 0001:00017590       _free_dbg                  0000000180018590 f   libucrtd:debug_heap.obj
 0001:00017600       _invoke_watson_if_oneof    0000000180018600 f i libucrtd:debug_heap.obj
 0001:00017660       _ischartype_l              0000000180018660 f i libucrtd:debug_heap.obj
 0001:000176f0       _malloc_dbg                00000001800186f0 f   libucrtd:debug_heap.obj
 0001:00017730       _msize_dbg                 0000000180018730 f   libucrtd:debug_heap.obj
 0001:000178d0       _realloc_dbg               00000001800188d0 f   libucrtd:debug_heap.obj
 0001:00017940       _recalloc_dbg              0000000180018940 f   libucrtd:debug_heap.obj
 0001:00017f20       strcpy_s                   0000000180018f20 f   libucrtd:strcpy_s.obj
 0001:00017f60       strcmp                     0000000180018f60 f   libucrtd:strcmp.obj
 0001:00017fe0       strlen                     0000000180018fe0 f   libucrtd:strlen.obj
 0001:00018090       abort                      0000000180019090 f   libucrtd:abort.obj
 0001:00018110       ??$initialize_from_array@$$BY00Q6AXPEB_W00I_K@Z@?$dual_state_global@P6AXPEB_W00I_K@Z@__crt_state_management@@QEAAXAEAY00Q6AXPEB_W00I_K@Z@Z 0000000180019110 f i libucrtd:invalid_parameter.obj
 0001:00018170       ??0?$cached@H@__crt_cached_ptd_host@@QEAA@XZ 0000000180019170 f i libucrtd:invalid_parameter.obj
 0001:00018170       ??0?$cached@K@__crt_cached_ptd_host@@QEAA@XZ 0000000180019170 f i libucrtd:invalid_parameter.obj
 0001:00018190       ??0__crt_cached_ptd_host@@QEAA@QEAU__crt_locale_pointers@@@Z 0000000180019190 f i libucrtd:invalid_parameter.obj
 0001:00018250       ??0__crt_scoped_get_last_error_reset@@QEAA@XZ 0000000180019250 f i libucrtd:invalid_parameter.obj
 0001:00018270       ??1__crt_cached_ptd_host@@QEAA@XZ 0000000180019270 f i libucrtd:invalid_parameter.obj
 0001:00018320       ??1__crt_scoped_get_last_error_reset@@QEAA@XZ 0000000180019320 f i libucrtd:invalid_parameter.obj
 0001:00018340       ?check_synchronize_global_state_index@__crt_cached_ptd_host@@AEAA_KAEBV__crt_scoped_get_last_error_reset@@@Z 0000000180019340 f i libucrtd:invalid_parameter.obj
 0001:00018380       ?check_synchronize_global_state_index@__crt_cached_ptd_host@@AEAA_KXZ 0000000180019380 f i libucrtd:invalid_parameter.obj
 0001:000183e0       ?check_synchronize_per_thread_data@__crt_cached_ptd_host@@AEAAPEAU__acrt_ptd@@XZ 00000001800193e0 f i libucrtd:invalid_parameter.obj
 0001:00018420       ?force_synchronize_global_state_index@__crt_cached_ptd_host@@AEAA_KAEBV__crt_scoped_get_last_error_reset@@@Z 0000000180019420 f i libucrtd:invalid_parameter.obj
 0001:00018460       ?force_synchronize_per_thread_data@__crt_cached_ptd_host@@AEAAPEAU__acrt_ptd@@XZ 0000000180019460 f i libucrtd:invalid_parameter.obj
 0001:000184c0       ?get_current_global_state_index@__crt_cached_ptd_host@@QEAA_KXZ 00000001800194c0 f i libucrtd:invalid_parameter.obj
 0001:000184e0       ?get_current_state_index@__crt_state_management@@YA_KAEBV__crt_scoped_get_last_error_reset@@@Z 00000001800194e0 f i libucrtd:invalid_parameter.obj
 0001:000184f0       ?get_raw_ptd@__crt_cached_ptd_host@@QEAAPEAU__acrt_ptd@@XZ 00000001800194f0 f i libucrtd:invalid_parameter.obj
 0001:00018510       ?get_raw_ptd_noexit@__crt_cached_ptd_host@@QEAAPEAU__acrt_ptd@@XZ 0000000180019510 f i libucrtd:invalid_parameter.obj
 0001:00018530       ?try_synchronize_per_thread_data@__crt_cached_ptd_host@@AEAAPEAU__acrt_ptd@@XZ 0000000180019530 f i libucrtd:invalid_parameter.obj
 0001:00018560       ?unsafe_value@?$cached@H@__crt_cached_ptd_host@@QEAAHXZ 0000000180019560 f i libucrtd:invalid_parameter.obj
 0001:00018560       ?unsafe_value@?$cached@K@__crt_cached_ptd_host@@QEAAKXZ 0000000180019560 f i libucrtd:invalid_parameter.obj
 0001:00018570       ?valid@?$cached@H@__crt_cached_ptd_host@@QEBA_NXZ 0000000180019570 f i libucrtd:invalid_parameter.obj
 0001:00018570       ?valid@?$cached@K@__crt_cached_ptd_host@@QEBA_NXZ 0000000180019570 f i libucrtd:invalid_parameter.obj
 0001:00018580       ?value@?$dual_state_global@P6AXPEB_W00I_K@Z@__crt_state_management@@QEAAAEAP6AXPEB_W00I_K@ZAEAV__crt_cached_ptd_host@@@Z 0000000180019580 f i libucrtd:invalid_parameter.obj
 0001:000185b0       __acrt_call_reportfault    00000001800195b0 f   libucrtd:invalid_parameter.obj
 0001:000186e0       __acrt_initialize_invalid_parameter_handler 00000001800196e0 f   libucrtd:invalid_parameter.obj
 0001:00018710       _invalid_parameter         0000000180019710 f   libucrtd:invalid_parameter.obj
 0001:00018780       _invalid_parameter_internal 0000000180019780 f   libucrtd:invalid_parameter.obj
 0001:000188d0       _invalid_parameter_noinfo  00000001800198d0 f   libucrtd:invalid_parameter.obj
 0001:00018900       _invoke_watson             0000000180019900 f   libucrtd:invalid_parameter.obj
 0001:00018960       ??$?0AEBV?$string_output_adapter@D@__crt_stdio_output@@AEB_KAEBQEBDAEAV__crt_cached_ptd_host@@AEBQEAD@?$format_validation_base@DV?$string_output_adapter@D@__crt_stdio_output@@@__crt_stdio_output@@IEAA@AEBV?$string_output_adapter@D@1@AEB_KAEBQEBDAEAV__crt_cached_ptd_host@@AEBQEAD@Z 0000000180019960 f i libucrtd:output.obj
 0001:000189b0       ??$?0AEBV?$string_output_adapter@D@__crt_stdio_output@@AEB_KAEBQEBDAEAV__crt_cached_ptd_host@@AEBQEAD@?$standard_base@DV?$string_output_adapter@D@__crt_stdio_output@@@__crt_stdio_output@@IEAA@AEBV?$string_output_adapter@D@1@AEB_KAEBQEBDAEAV__crt_cached_ptd_host@@AEBQEAD@Z 00000001800199b0 f i libucrtd:output.obj
 0001:00018a20       ??$?0AEBV?$string_output_adapter@_W@__crt_stdio_output@@AEB_KAEBQEB_WAEAV__crt_cached_ptd_host@@AEBQEAD@?$format_validation_base@_WV?$string_output_adapter@_W@__crt_stdio_output@@@__crt_stdio_output@@IEAA@AEBV?$string_output_adapter@_W@1@AEB_KAEBQEB_WAEAV__crt_cached_ptd_host@@AEBQEAD@Z 0000000180019a20 f i libucrtd:output.obj
 0001:00018a70       ??$?0AEBV?$string_output_adapter@_W@__crt_stdio_output@@AEB_KAEBQEB_WAEAV__crt_cached_ptd_host@@AEBQEAD@?$standard_base@_WV?$string_output_adapter@_W@__crt_stdio_output@@@__crt_stdio_output@@IEAA@AEBV?$string_output_adapter@_W@1@AEB_KAEBQEB_WAEAV__crt_cached_ptd_host@@AEBQEAD@Z 0000000180019a70 f i libucrtd:output.obj
 0001:00018ae0       ??$_tcstol_internal@DPEAPEAD$0A@@@YAJAEAV__crt_cached_ptd_host@@QEBDQEAPEADH@Z 0000000180019ae0 f i libucrtd:output.obj
 0001:00018b30       ??$_tcstol_internal@_WPEAPEA_W$0A@@@YAJAEAV__crt_cached_ptd_host@@QEB_WQEAPEA_WH@Z 0000000180019b30 f i libucrtd:output.obj
 0001:0001a700       ??$count@D@formatting_buffer@__crt_stdio_output@@QEBA_KXZ 000000018001b700 f i libucrtd:output.obj
 0001:0001a750       ??$count@_W@formatting_buffer@__crt_stdio_output@@QEBA_KXZ 000000018001b750 f i libucrtd:output.obj
 0001:0001a7a0       ??$data@D@formatting_buffer@__crt_stdio_output@@QEAAPEADXZ 000000018001b7a0 f i libucrtd:output.obj
 0001:0001a7a0       ??$data@_W@formatting_buffer@__crt_stdio_output@@QEAAPEA_WXZ 000000018001b7a0 f i libucrtd:output.obj
 0001:0001a7f0       ??$ensure_buffer_is_big_enough@D@formatting_buffer@__crt_stdio_output@@QEAA_N_KAEAV__crt_cached_ptd_host@@@Z 000000018001b7f0 f i libucrtd:output.obj
 0001:0001a930       ??$ensure_buffer_is_big_enough@_W@formatting_buffer@__crt_stdio_output@@QEAA_N_KAEAV__crt_cached_ptd_host@@@Z 000000018001b930 f i libucrtd:output.obj
 0001:0001aa70       ??$extract_argument_from_va_list@C_J@?$standard_base@DV?$string_output_adapter@D@__crt_stdio_output@@@__crt_stdio_output@@IEAA_NAEA_J@Z 000000018001ba70 f i libucrtd:output.obj
 0001:0001aa70       ??$extract_argument_from_va_list@C_J@?$standard_base@_WV?$string_output_adapter@_W@__crt_stdio_output@@@__crt_stdio_output@@IEAA_NAEA_J@Z 000000018001ba70 f i libucrtd:output.obj
 0001:0001aab0       ??$extract_argument_from_va_list@E_J@?$standard_base@DV?$string_output_adapter@D@__crt_stdio_output@@@__crt_stdio_output@@IEAA_NAEA_J@Z 000000018001bab0 f i libucrtd:output.obj
 0001:0001aab0       ??$extract_argument_from_va_list@E_J@?$standard_base@_WV?$string_output_adapter@_W@__crt_stdio_output@@@__crt_stdio_output@@IEAA_NAEA_J@Z 000000018001bab0 f i libucrtd:output.obj
 0001:0001aaf0       ??$extract_argument_from_va_list@F_J@?$standard_base@DV?$string_output_adapter@D@__crt_stdio_output@@@__crt_stdio_output@@IEAA_NAEA_J@Z 000000018001baf0 f i libucrtd:output.obj
 0001:0001aaf0       ??$extract_argument_from_va_list@F_J@?$standard_base@_WV?$string_output_adapter@_W@__crt_stdio_output@@@__crt_stdio_output@@IEAA_NAEA_J@Z 000000018001baf0 f i libucrtd:output.obj
 0001:0001ab30       ??$extract_argument_from_va_list@GD@?$standard_base@DV?$string_output_adapter@D@__crt_stdio_output@@@__crt_stdio_output@@IEAA_NAEAD@Z 000000018001bb30 f i libucrtd:output.obj
 0001:0001ab60       ??$extract_argument_from_va_list@G_J@?$standard_base@DV?$string_output_adapter@D@__crt_stdio_output@@@__crt_stdio_output@@IEAA_NAEA_J@Z 000000018001bb60 f i libucrtd:output.obj
 0001:0001ab60       ??$extract_argument_from_va_list@G_J@?$standard_base@_WV?$string_output_adapter@_W@__crt_stdio_output@@@__crt_stdio_output@@IEAA_NAEA_J@Z 000000018001bb60 f i libucrtd:output.obj
 0001:0001aba0       ??$extract_argument_from_va_list@H_J@?$standard_base@DV?$string_output_adapter@D@__crt_stdio_output@@@__crt_stdio_output@@IEAA_NAEA_J@Z 000000018001bba0 f i libucrtd:output.obj
 0001:0001aba0       ??$extract_argument_from_va_list@H_J@?$standard_base@_WV?$string_output_adapter@_W@__crt_stdio_output@@@__crt_stdio_output@@IEAA_NAEA_J@Z 000000018001bba0 f i libucrtd:output.obj
 0001:0001abd0       ??$extract_argument_from_va_list@I_J@?$standard_base@DV?$string_output_adapter@D@__crt_stdio_output@@@__crt_stdio_output@@IEAA_NAEA_J@Z 000000018001bbd0 f i libucrtd:output.obj
 0001:0001abd0       ??$extract_argument_from_va_list@I_J@?$standard_base@_WV?$string_output_adapter@_W@__crt_stdio_output@@@__crt_stdio_output@@IEAA_NAEA_J@Z 000000018001bbd0 f i libucrtd:output.obj
 0001:0001ac00       ??$extract_argument_from_va_list@PEADPEAD@?$standard_base@DV?$string_output_adapter@D@__crt_stdio_output@@@__crt_stdio_output@@IEAA_NAEAPEAD@Z 000000018001bc00 f i libucrtd:output.obj
 0001:0001ac00       ??$extract_argument_from_va_list@PEADPEAD@?$standard_base@_WV?$string_output_adapter@_W@__crt_stdio_output@@@__crt_stdio_output@@IEAA_NAEAPEAD@Z 000000018001bc00 f i libucrtd:output.obj
 0001:0001ac00       ??$extract_argument_from_va_list@PEAUansi_string@?1??type_case_Z@?$output_processor@DV?$string_output_adapter@D@__crt_stdio_output@@V?$format_validation_base@DV?$string_output_adapter@D@__crt_stdio_output@@@2@@__crt_stdio_output@@AEAA_NXZ@PEAU1?1??234@AEAA_NXZ@@?$standard_base@DV?$string_output_adapter@D@__crt_stdio_output@@@__crt_stdio_output@@IEAA_NAEAPEAUansi_string@?1??type_case_Z@?$output_processor@DV?$string_output_adapter@D@__crt_stdio_output@@V?$format_validation_base@DV?$string_output_adapter@D@__crt_stdio_output@@@2@@1@AEAA_NXZ@@Z 000000018001bc00 f i libucrtd:output.obj
 0001:0001ac00       ??$extract_argument_from_va_list@PEAUansi_string@?1??type_case_Z@?$output_processor@_WV?$string_output_adapter@_W@__crt_stdio_output@@V?$format_validation_base@_WV?$string_output_adapter@_W@__crt_stdio_output@@@2@@__crt_stdio_output@@AEAA_NXZ@PEAU1?1??234@AEAA_NXZ@@?$standard_base@_WV?$string_output_adapter@_W@__crt_stdio_output@@@__crt_stdio_output@@IEAA_NAEAPEAUansi_string@?1??type_case_Z@?$output_processor@_WV?$string_output_adapter@_W@__crt_stdio_output@@V?$format_validation_base@_WV?$string_output_adapter@_W@__crt_stdio_output@@@2@@1@AEAA_NXZ@@Z 000000018001bc00 f i libucrtd:output.obj
 0001:0001ac00       ??$extract_argument_from_va_list@PEAXPEAX@?$standard_base@DV?$string_output_adapter@D@__crt_stdio_output@@@__crt_stdio_output@@IEAA_NAEAPEAX@Z 000000018001bc00 f i libucrtd:output.obj
 0001:0001ac00       ??$extract_argument_from_va_list@PEAXPEAX@?$standard_base@_WV?$string_output_adapter@_W@__crt_stdio_output@@@__crt_stdio_output@@IEAA_NAEAPEAX@Z 000000018001bc00 f i libucrtd:output.obj
 0001:0001ac00       ??$extract_argument_from_va_list@_J_J@?$standard_base@DV?$string_output_adapter@D@__crt_stdio_output@@@__crt_stdio_output@@IEAA_NAEA_J@Z 000000018001bc00 f i libucrtd:output.obj
 0001:0001ac00       ??$extract_argument_from_va_list@_J_J@?$standard_base@_WV?$string_output_adapter@_W@__crt_stdio_output@@@__crt_stdio_output@@IEAA_NAEA_J@Z 000000018001bc00 f i libucrtd:output.obj
 0001:0001ac00       ??$extract_argument_from_va_list@_K_J@?$standard_base@DV?$string_output_adapter@D@__crt_stdio_output@@@__crt_stdio_output@@IEAA_NAEA_J@Z 000000018001bc00 f i libucrtd:output.obj
 0001:0001ac00       ??$extract_argument_from_va_list@_K_J@?$standard_base@_WV?$string_output_adapter@_W@__crt_stdio_output@@@__crt_stdio_output@@IEAA_NAEA_J@Z 000000018001bc00 f i libucrtd:output.obj
 0001:0001ac30       ??$extract_argument_from_va_list@U_CRT_DOUBLE@@U1@@?$standard_base@DV?$string_output_adapter@D@__crt_stdio_output@@@__crt_stdio_output@@IEAA_NAEAU_CRT_DOUBLE@@@Z 000000018001bc30 f i libucrtd:output.obj
 0001:0001ac30       ??$extract_argument_from_va_list@U_CRT_DOUBLE@@U1@@?$standard_base@_WV?$string_output_adapter@_W@__crt_stdio_output@@@__crt_stdio_output@@IEAA_NAEAU_CRT_DOUBLE@@@Z 000000018001bc30 f i libucrtd:output.obj
 0001:0001ac80       ??$extract_argument_from_va_list@_W_W@?$standard_base@DV?$string_output_adapter@D@__crt_stdio_output@@@__crt_stdio_output@@IEAA_NAEA_W@Z 000000018001bc80 f i libucrtd:output.obj
 0001:0001ac80       ??$extract_argument_from_va_list@_W_W@?$standard_base@_WV?$string_output_adapter@_W@__crt_stdio_output@@@__crt_stdio_output@@IEAA_NAEA_W@Z 000000018001bc80 f i libucrtd:output.obj
 0001:0001acb0       ??$is_overflow_condition@K@__crt_strtox@@YA_NIK@Z 000000018001bcb0 f i libucrtd:output.obj
 0001:0001ad20       ??$is_wide_character_specifier@D@__crt_stdio_output@@YA_N_KDW4length_modifier@0@@Z 000000018001bd20 f i libucrtd:output.obj
 0001:0001adc0       ??$is_wide_character_specifier@_W@__crt_stdio_output@@YA_N_K_WW4length_modifier@0@@Z 000000018001bdc0 f i libucrtd:output.obj
 0001:0001ae90       ??$make_c_string_character_source@DPEAPEAD@__crt_strtox@@YA?AV?$c_string_character_source@D@0@QEBDQEAPEAD@Z 000000018001be90 f i libucrtd:output.obj
 0001:0001ae90       ??$make_c_string_character_source@_WPEAPEA_W@__crt_strtox@@YA?AV?$c_string_character_source@_W@0@QEB_WQEAPEA_W@Z 000000018001be90 f i libucrtd:output.obj
 0001:0001aed0       ??$parse_integer@KV?$c_string_character_source@D@__crt_strtox@@$0A@@__crt_strtox@@YAKAEAV__crt_cached_ptd_host@@V?$c_string_character_source@D@0@H_N@Z 000000018001bed0 f i libucrtd:output.obj
 0001:0001b350       ??$parse_integer@KV?$c_string_character_source@_W@__crt_strtox@@$0A@@__crt_strtox@@YAKAEAV__crt_cached_ptd_host@@V?$c_string_character_source@_W@0@H_N@Z 000000018001c350 f i libucrtd:output.obj
 0001:0001b7d0       ??$read_va_arg@C@__crt_stdio_output@@YACAEAPEAD@Z 000000018001c7d0 f i libucrtd:output.obj
 0001:0001b7d0       ??$read_va_arg@E@__crt_stdio_output@@YAEAEAPEAD@Z 000000018001c7d0 f i libucrtd:output.obj
 0001:0001b840       ??$read_va_arg@F@__crt_stdio_output@@YAFAEAPEAD@Z 000000018001c840 f i libucrtd:output.obj
 0001:0001b840       ??$read_va_arg@G@__crt_stdio_output@@YAGAEAPEAD@Z 000000018001c840 f i libucrtd:output.obj
 0001:0001b840       ??$read_va_arg@_W@__crt_stdio_output@@YA_WAEAPEAD@Z 000000018001c840 f i libucrtd:output.obj
 0001:0001b8b0       ??$read_va_arg@H@__crt_stdio_output@@YAHAEAPEAD@Z 000000018001c8b0 f i libucrtd:output.obj
 0001:0001b8b0       ??$read_va_arg@I@__crt_stdio_output@@YAIAEAPEAD@Z 000000018001c8b0 f i libucrtd:output.obj
 0001:0001b910       ??$read_va_arg@PEAD@__crt_stdio_output@@YAPEADAEAPEAD@Z 000000018001c910 f i libucrtd:output.obj
 0001:0001b910       ??$read_va_arg@PEAUansi_string@?1??type_case_Z@?$output_processor@DV?$string_output_adapter@D@__crt_stdio_output@@V?$format_validation_base@DV?$string_output_adapter@D@__crt_stdio_output@@@2@@__crt_stdio_output@@AEAA_NXZ@@__crt_stdio_output@@YAPEAUansi_string@?1??type_case_Z@?$output_processor@DV?$string_output_adapter@D@__crt_stdio_output@@V?$format_validation_base@DV?$string_output_adapter@D@__crt_stdio_output@@@2@@0@AEAA_NXZ@AEAPEAD@Z 000000018001c910 f i libucrtd:output.obj
 0001:0001b910       ??$read_va_arg@PEAUansi_string@?1??type_case_Z@?$output_processor@_WV?$string_output_adapter@_W@__crt_stdio_output@@V?$format_validation_base@_WV?$string_output_adapter@_W@__crt_stdio_output@@@2@@__crt_stdio_output@@AEAA_NXZ@@__crt_stdio_output@@YAPEAUansi_string@?1??type_case_Z@?$output_processor@_WV?$string_output_adapter@_W@__crt_stdio_output@@V?$format_validation_base@_WV?$string_output_adapter@_W@__crt_stdio_output@@@2@@0@AEAA_NXZ@AEAPEAD@Z 000000018001c910 f i libucrtd:output.obj
 0001:0001b910       ??$read_va_arg@PEAX@__crt_stdio_output@@YAPEAXAEAPEAD@Z 000000018001c910 f i libucrtd:output.obj
 0001:0001b910       ??$read_va_arg@U_CRT_DOUBLE@@@__crt_stdio_output@@YA?AU_CRT_DOUBLE@@AEAPEAD@Z 000000018001c910 f i libucrtd:output.obj
 0001:0001b910       ??$read_va_arg@_J@__crt_stdio_output@@YA_JAEAPEAD@Z 000000018001c910 f i libucrtd:output.obj
 0001:0001b910       ??$read_va_arg@_K@__crt_stdio_output@@YA_KAEAPEAD@Z 000000018001c910 f i libucrtd:output.obj
 0001:0001b980       ??$scratch_count@D@formatting_buffer@__crt_stdio_output@@QEBA_KXZ 000000018001c980 f i libucrtd:output.obj
 0001:0001b9a0       ??$scratch_data@D@formatting_buffer@__crt_stdio_output@@QEAAPEADXZ 000000018001c9a0 f i libucrtd:output.obj
 0001:0001ba10       ??$type_case_integer@$07@?$output_processor@DV?$string_output_adapter@D@__crt_stdio_output@@V?$format_validation_base@DV?$string_output_adapter@D@__crt_stdio_output@@@2@@__crt_stdio_output@@AEAA_N_N@Z 000000018001ca10 f i libucrtd:output.obj
 0001:0001be90       ??$type_case_integer@$07@?$output_processor@_WV?$string_output_adapter@_W@__crt_stdio_output@@V?$format_validation_base@_WV?$string_output_adapter@_W@__crt_stdio_output@@@2@@__crt_stdio_output@@AEAA_N_N@Z 000000018001ce90 f i libucrtd:output.obj
 0001:0001c310       ??$type_case_integer@$09@?$output_processor@DV?$string_output_adapter@D@__crt_stdio_output@@V?$format_validation_base@DV?$string_output_adapter@D@__crt_stdio_output@@@2@@__crt_stdio_output@@AEAA_N_N@Z 000000018001d310 f i libucrtd:output.obj
 0001:0001c790       ??$type_case_integer@$09@?$output_processor@_WV?$string_output_adapter@_W@__crt_stdio_output@@V?$format_validation_base@_WV?$string_output_adapter@_W@__crt_stdio_output@@@2@@__crt_stdio_output@@AEAA_N_N@Z 000000018001d790 f i libucrtd:output.obj
 0001:0001cc10       ??$type_case_integer@$0BA@@?$output_processor@DV?$string_output_adapter@D@__crt_stdio_output@@V?$format_validation_base@DV?$string_output_adapter@D@__crt_stdio_output@@@2@@__crt_stdio_output@@AEAA_N_N@Z 000000018001dc10 f i libucrtd:output.obj
 0001:0001d090       ??$type_case_integer@$0BA@@?$output_processor@_WV?$string_output_adapter@_W@__crt_stdio_output@@V?$format_validation_base@_WV?$string_output_adapter@_W@__crt_stdio_output@@@2@@__crt_stdio_output@@AEAA_N_N@Z 000000018001e090 f i libucrtd:output.obj
 0001:0001d510       ??$type_case_integer_parse_into_buffer@I$07@?$output_processor@DV?$string_output_adapter@D@__crt_stdio_output@@V?$format_validation_base@DV?$string_output_adapter@D@__crt_stdio_output@@@2@@__crt_stdio_output@@AEAAXI_N@Z 000000018001e510 f i libucrtd:output.obj
 0001:0001d640       ??$type_case_integer_parse_into_buffer@I$07@?$output_processor@_WV?$string_output_adapter@_W@__crt_stdio_output@@V?$format_validation_base@_WV?$string_output_adapter@_W@__crt_stdio_output@@@2@@__crt_stdio_output@@AEAAXI_N@Z 000000018001e640 f i libucrtd:output.obj
 0001:0001d780       ??$type_case_integer_parse_into_buffer@I$09@?$output_processor@DV?$string_output_adapter@D@__crt_stdio_output@@V?$format_validation_base@DV?$string_output_adapter@D@__crt_stdio_output@@@2@@__crt_stdio_output@@AEAAXI_N@Z 000000018001e780 f i libucrtd:output.obj
 0001:0001d8b0       ??$type_case_integer_parse_into_buffer@I$09@?$output_processor@_WV?$string_output_adapter@_W@__crt_stdio_output@@V?$format_validation_base@_WV?$string_output_adapter@_W@__crt_stdio_output@@@2@@__crt_stdio_output@@AEAAXI_N@Z 000000018001e8b0 f i libucrtd:output.obj
 0001:0001d9f0       ??$type_case_integer_parse_into_buffer@I$0BA@@?$output_processor@DV?$string_output_adapter@D@__crt_stdio_output@@V?$format_validation_base@DV?$string_output_adapter@D@__crt_stdio_output@@@2@@__crt_stdio_output@@AEAAXI_N@Z 000000018001e9f0 f i libucrtd:output.obj
 0001:0001db20       ??$type_case_integer_parse_into_buffer@I$0BA@@?$output_processor@_WV?$string_output_adapter@_W@__crt_stdio_output@@V?$format_validation_base@_WV?$string_output_adapter@_W@__crt_stdio_output@@@2@@__crt_stdio_output@@AEAAXI_N@Z 000000018001eb20 f i libucrtd:output.obj
 0001:0001dc60       ??$type_case_integer_parse_into_buffer@_K$07@?$output_processor@DV?$string_output_adapter@D@__crt_stdio_output@@V?$format_validation_base@DV?$string_output_adapter@D@__crt_stdio_output@@@2@@__crt_stdio_output@@AEAAX_K_N@Z 000000018001ec60 f i libucrtd:output.obj
 0001:0001dda0       ??$type_case_integer_parse_into_buffer@_K$07@?$output_processor@_WV?$string_output_adapter@_W@__crt_stdio_output@@V?$format_validation_base@_WV?$string_output_adapter@_W@__crt_stdio_output@@@2@@__crt_stdio_output@@AEAAX_K_N@Z 000000018001eda0 f i libucrtd:output.obj
 0001:0001dee0       ??$type_case_integer_parse_into_buffer@_K$09@?$output_processor@DV?$string_output_adapter@D@__crt_stdio_output@@V?$format_validation_base@DV?$string_output_adapter@D@__crt_stdio_output@@@2@@__crt_stdio_output@@AEAAX_K_N@Z 000000018001eee0 f i libucrtd:output.obj
 0001:0001e020       ??$type_case_integer_parse_into_buffer@_K$09@?$output_processor@_WV?$string_output_adapter@_W@__crt_stdio_output@@V?$format_validation_base@_WV?$string_output_adapter@_W@__crt_stdio_output@@@2@@__crt_stdio_output@@AEAAX_K_N@Z 000000018001f020 f i libucrtd:output.obj
 0001:0001e160       ??$type_case_integer_parse_into_buffer@_K$0BA@@?$output_processor@DV?$string_output_adapter@D@__crt_stdio_output@@V?$format_validation_base@DV?$string_output_adapter@D@__crt_stdio_output@@@2@@__crt_stdio_output@@AEAAX_K_N@Z 000000018001f160 f i libucrtd:output.obj
 0001:0001e2a0       ??$type_case_integer_parse_into_buffer@_K$0BA@@?$output_processor@_WV?$string_output_adapter@_W@__crt_stdio_output@@V?$format_validation_base@_WV?$string_output_adapter@_W@__crt_stdio_output@@@2@@__crt_stdio_output@@AEAAX_K_N@Z 000000018001f2a0 f i libucrtd:output.obj
 0001:0001e3e0       ??$write_multiple_characters@V?$string_output_adapter@D@__crt_stdio_output@@D@__crt_stdio_output@@YAXAEBV?$string_output_adapter@D@0@DHQEAHAEAV__crt_cached_ptd_host@@@Z 000000018001f3e0 f i libucrtd:output.obj
 0001:0001e450       ??$write_multiple_characters@V?$string_output_adapter@_W@__crt_stdio_output@@D@__crt_stdio_output@@YAXAEBV?$string_output_adapter@_W@0@DHQEAHAEAV__crt_cached_ptd_host@@@Z 000000018001f450 f i libucrtd:output.obj
 0001:0001e4c0       ??0?$c_string_character_source@D@__crt_strtox@@QEAA@QEBDQEAPEBD@Z 000000018001f4c0 f i libucrtd:output.obj
 0001:0001e4c0       ??0?$c_string_character_source@_W@__crt_strtox@@QEAA@QEB_WQEAPEB_W@Z 000000018001f4c0 f i libucrtd:output.obj
 0001:0001e510       ??0?$common_data@D@__crt_stdio_output@@IEAA@AEAV__crt_cached_ptd_host@@@Z 000000018001f510 f i libucrtd:output.obj
 0001:0001e5d0       ??0?$common_data@_W@__crt_stdio_output@@IEAA@AEAV__crt_cached_ptd_host@@@Z 000000018001f5d0 f i libucrtd:output.obj
 0001:0001e690       ??0?$output_adapter_data@DV?$string_output_adapter@D@__crt_stdio_output@@@__crt_stdio_output@@IEAA@AEBV?$string_output_adapter@D@1@_KQEBDAEAV__crt_cached_ptd_host@@QEAD@Z 000000018001f690 f i libucrtd:output.obj
 0001:0001e710       ??0?$output_adapter_data@_WV?$string_output_adapter@_W@__crt_stdio_output@@@__crt_stdio_output@@IEAA@AEBV?$string_output_adapter@_W@1@_KQEB_WAEAV__crt_cached_ptd_host@@QEAD@Z 000000018001f710 f i libucrtd:output.obj
 0001:0001e790       ??0?$output_processor@DV?$string_output_adapter@D@__crt_stdio_output@@V?$format_validation_base@DV?$string_output_adapter@D@__crt_stdio_output@@@2@@__crt_stdio_output@@QEAA@AEBV?$string_output_adapter@D@1@_KQEBDAEAV__crt_cached_ptd_host@@QEAD@Z 000000018001f790 f i libucrtd:output.obj
 0001:0001e7e0       ??0?$output_processor@_WV?$string_output_adapter@_W@__crt_stdio_output@@V?$format_validation_base@_WV?$string_output_adapter@_W@__crt_stdio_output@@@2@@__crt_stdio_output@@QEAA@AEBV?$string_output_adapter@_W@1@_KQEB_WAEAV__crt_cached_ptd_host@@QEAD@Z 000000018001f7e0 f i libucrtd:output.obj
 0001:0001e830       ??0formatting_buffer@__crt_stdio_output@@QEAA@XZ 000000018001f830 f i libucrtd:output.obj
 0001:0001e870       ??0guard@?$cached@H@__crt_cached_ptd_host@@QEAA@AEAU12@@Z 000000018001f870 f i libucrtd:output.obj
 0001:0001e8b0       ??1?$c_string_character_source@D@__crt_strtox@@QEAA@XZ 000000018001f8b0 f i libucrtd:output.obj
 0001:0001e8b0       ??1?$c_string_character_source@_W@__crt_strtox@@QEAA@XZ 000000018001f8b0 f i libucrtd:output.obj
 0001:0001e8e0       ??1?$common_data@D@__crt_stdio_output@@QEAA@XZ 000000018001f8e0 f i libucrtd:output.obj
 0001:0001e8e0       ??1?$common_data@_W@__crt_stdio_output@@QEAA@XZ 000000018001f8e0 f i libucrtd:output.obj
 0001:0001e900       ??1?$format_validation_base@DV?$string_output_adapter@D@__crt_stdio_output@@@__crt_stdio_output@@QEAA@XZ 000000018001f900 f i libucrtd:output.obj
 0001:0001e900       ??1?$format_validation_base@_WV?$string_output_adapter@_W@__crt_stdio_output@@@__crt_stdio_output@@QEAA@XZ 000000018001f900 f i libucrtd:output.obj
 0001:0001e920       ??1?$output_adapter_data@DV?$string_output_adapter@D@__crt_stdio_output@@@__crt_stdio_output@@QEAA@XZ 000000018001f920 f i libucrtd:output.obj
 0001:0001e920       ??1?$output_adapter_data@_WV?$string_output_adapter@_W@__crt_stdio_output@@@__crt_stdio_output@@QEAA@XZ 000000018001f920 f i libucrtd:output.obj
 0001:0001e940       ??1?$output_processor@DV?$string_output_adapter@D@__crt_stdio_output@@V?$format_validation_base@DV?$string_output_adapter@D@__crt_stdio_output@@@2@@__crt_stdio_output@@QEAA@XZ 000000018001f940 f i libucrtd:output.obj
 0001:0001e940       ??1?$output_processor@_WV?$string_output_adapter@_W@__crt_stdio_output@@V?$format_validation_base@_WV?$string_output_adapter@_W@__crt_stdio_output@@@2@@__crt_stdio_output@@QEAA@XZ 000000018001f940 f i libucrtd:output.obj
 0001:0001e960       ??1?$standard_base@DV?$string_output_adapter@D@__crt_stdio_output@@@__crt_stdio_output@@QEAA@XZ 000000018001f960 f i libucrtd:output.obj
 0001:0001e960       ??1?$standard_base@_WV?$string_output_adapter@_W@__crt_stdio_output@@@__crt_stdio_output@@QEAA@XZ 000000018001f960 f i libucrtd:output.obj
 0001:0001e980       ??1formatting_buffer@__crt_stdio_output@@QEAA@XZ 000000018001f980 f i libucrtd:output.obj
 0001:0001e9b0       ??1guard@?$cached@H@__crt_cached_ptd_host@@QEAA@XZ 000000018001f9b0 f i libucrtd:output.obj
 0001:0001e9e0       ??4?$__crt_unique_heap_ptr@DU__crt_internal_free_policy@@@@QEAAAEAV0@$$QEAV0@@Z 000000018001f9e0 f i libucrtd:output.obj
 0001:0001ea20       ??A?$spectre_mitigated_lookup_table@Ustate_transition_pair@__crt_stdio_output@@$0IA@@__crt_stdio_output@@QEBAAEBUstate_transition_pair@1@_K@Z 000000018001fa20 f i libucrtd:output.obj
 0001:0001ea40       ?adjust_hexit@?$output_processor@DV?$string_output_adapter@D@__crt_stdio_output@@V?$format_validation_base@DV?$string_output_adapter@D@__crt_stdio_output@@@2@@__crt_stdio_output@@CADH_N@Z 000000018001fa40 f i libucrtd:output.obj
 0001:0001ea40       ?adjust_hexit@?$output_processor@_WV?$string_output_adapter@_W@__crt_stdio_output@@V?$format_validation_base@_WV?$string_output_adapter@_W@__crt_stdio_output@@@2@@__crt_stdio_output@@CADH_N@Z 000000018001fa40 f i libucrtd:output.obj
 0001:0001ea90       ?advance_to_next_pass@?$standard_base@DV?$string_output_adapter@D@__crt_stdio_output@@@__crt_stdio_output@@IEAA_NXZ 000000018001fa90 f i libucrtd:output.obj
 0001:0001ea90       ?advance_to_next_pass@?$standard_base@_WV?$string_output_adapter@_W@__crt_stdio_output@@@__crt_stdio_output@@IEAA_NXZ 000000018001fa90 f i libucrtd:output.obj
 0001:0001eae0       ?check@?$cached@H@__crt_cached_ptd_host@@QEBA_NH@Z 000000018001fae0 f i libucrtd:output.obj
 0001:0001eb20       ?create_guard@?$cached@H@__crt_cached_ptd_host@@QEAA?AVguard@12@XZ 000000018001fb20 f i libucrtd:output.obj
 0001:0001eb50       ?crop_zeroes@__crt_stdio_output@@YAXPEADQEAU__crt_locale_pointers@@@Z 000000018001fb50 f i libucrtd:output.obj
 0001:0001eca0       ?disable@guard@?$cached@H@__crt_cached_ptd_host@@QEAAXXZ 000000018001fca0 f i libucrtd:output.obj
 0001:0001ecb0       ?enable@guard@?$cached@H@__crt_cached_ptd_host@@QEAAXXZ 000000018001fcb0 f i libucrtd:output.obj
[...]
 0002:000131c0       $unwind$_VCrtDbgReportA    000000018005c1c0     libucrtd:dbgrptt.obj
 0002:000131f8       $unwind$_VCrtDbgReportW    000000018005c1f8     libucrtd:dbgrptt.obj
 0002:00013230       $unwind$_handle_error      000000018005c230     libucrtd:libm_error.obj
 0002:00013230       $unwind$_handle_errorf     000000018005c230     libucrtd:libm_error.obj
 0002:00013240       $xdatasym                  000000018005c240     libucrtd:fpsr.obj
 0002:00013248       $unwind$__acrt_update_thread_locale_data 000000018005c248     libucrtd:locale_refcounting.obj
 0002:00013268       $unwind$qsort              000000018005c268     libucrtd:qsort.obj
 0002:00013278       $unwind$?shortsort@@YAXPEAD0_KP6AHPEBX2@Z@Z 000000018005c278     libucrtd:qsort.obj
 0002:00013288       $stateUnwindMap$?shortsort@@YAXPEAD0_KP6AHPEBX2@Z@Z 000000018005c288     libucrtd:qsort.obj
 0002:00013290       $ip2state$?shortsort@@YAXPEAD0_KP6AHPEBX2@Z@Z 000000018005c290     libucrtd:qsort.obj
 0002:000132a8       $unwind$strpbrk            000000018005c2a8     libucrtd:strpbrk.obj
 0002:000132b0       $unwind$fallbackMethod     000000018005c2b0     libucrtd:strpbrk.obj
 0002:000132c0       $unwind$_mbsdec_l          000000018005c2c0     libucrtd:mbsdec.obj
 0002:000132c8       $unwind$__acrt_GetStringTypeA 000000018005c2c8     libucrtd:getstringtypea.obj
 0002:000132d0       $unwind$?__acrt_LCMapStringA_stat@@YAHPEAU__crt_locale_pointers@@PEB_WKPEBDHPEADHHH@Z 000000018005c2d0     libucrtd:lcmapstringa.obj
 0002:000132d8       $unwind$__acrt_lowio_ensure_fh_exists 000000018005c2d8     libucrtd:osfinfo.obj
 0002:000132f8       $unwind$?common_flush_all@@YAH_N@Z 000000018005c2f8     libucrtd:fflush.obj
 0002:00013308       $ip2state$?common_flush_all@@YAH_N@Z 000000018005c308     libucrtd:fflush.obj
 0002:00013310       $unwind$??$__acrt_lock_stream_and_call@V<lambda_c5860995281e5c4ce005b3de8f5874ee>@@@@YAXQEAU_iobuf@@$$QEAV<lambda_c5860995281e5c4ce005b3de8f5874ee>@@@Z 000000018005c310     libucrtd:fflush.obj
 0002:00013320       $ip2state$??$__acrt_lock_stream_and_call@V<lambda_c5860995281e5c4ce005b3de8f5874ee>@@@@YAXQEAU_iobuf@@$$QEAV<lambda_c5860995281e5c4ce005b3de8f5874ee>@@@Z 000000018005c320     libucrtd:fflush.obj
 0002:00013328       $unwind$??$__acrt_lock_and_call@V<lambda_ab61a845afdef5b7c387490eaf3616ee>@@@@YAXW4__acrt_lock_id@@$$QEAV<lambda_ab61a845afdef5b7c387490eaf3616ee>@@@Z 000000018005c328     libucrtd:fflush.obj
 0002:00013338       $ip2state$??$__acrt_lock_and_call@V<lambda_ab61a845afdef5b7c387490eaf3616ee>@@@@YAXW4__acrt_lock_id@@$$QEAV<lambda_ab61a845afdef5b7c387490eaf3616ee>@@@Z 000000018005c338     libucrtd:fflush.obj
 0002:00013340       $unwind$??$?RV<lambda_842d9ff0dc9ef11c61343bbaebe7f885>@@AEAV<lambda_c5860995281e5c4ce005b3de8f5874ee>@@V<lambda_d90129c13df834fdcbf8d2b88dafcf2d>@@@?$__crt_seh_guarded_call@X@@QEAAX$$QEAV<lambda_842d9ff0dc9ef11c61343bbaebe7f885>@@AEAV<lambda_c5860995281e5c4ce005b3de8f5874ee>@@$$QEAV<lambda_d90129c13df834fdcbf8d2b88dafcf2d>@@@Z 000000018005c340     libucrtd:fflush.obj
 0002:00013360       $unwind$??$?RV<lambda_886d6c58226a84441f68b9f2b8217b83>@@AEAV<lambda_ab61a845afdef5b7c387490eaf3616ee>@@V<lambda_f7f22ab5edc0698d5f6905b0d3f44752>@@@?$__crt_seh_guarded_call@X@@QEAAX$$QEAV<lambda_886d6c58226a84441f68b9f2b8217b83>@@AEAV<lambda_ab61a845afdef5b7c387490eaf3616ee>@@$$QEAV<lambda_f7f22ab5edc0698d5f6905b0d3f44752>@@@Z 000000018005c360     libucrtd:fflush.obj
 0002:00013380       $unwind$??$common_tcscat_s@D@@YAHQEAD_KQEBD@Z 000000018005c380     libucrtd:strcat_s.obj
 0002:00013380       $unwind$??$common_tcscat_s@_W@@YAHQEA_W_KQEB_W@Z 000000018005c380     libucrtd:wcscat_s.obj
 0002:00013388       $unwind$__acrt_fltout      000000018005c388     libucrtd:cfout.obj
 0002:00013390       $unwind$?make_big_integer@__crt_strtox@@YA?AUbig_integer@1@_K@Z 000000018005c390     libucrtd:cfout.obj
 0002:000133a0       $unwind$?make_big_integer_power_of_two@__crt_strtox@@YA?AUbig_integer@1@I@Z 000000018005c3a0     libucrtd:cfout.obj
 0002:000133b0       $unwind$?shift_left@__crt_strtox@@YA_NAEAUbig_integer@1@I@Z 000000018005c3b0     libucrtd:cfout.obj
 0002:000133c0       $unwind$?add_multiply_carry@__crt_strtox@@YAIAEAIIII@Z 000000018005c3c0     libucrtd:cfout.obj
 0002:000133c8       $unwind$?multiply@__crt_strtox@@YA_NAEAUbig_integer@1@I@Z 000000018005c3c8     libucrtd:cfout.obj
 0002:000133d8       $unwind$?multiply@__crt_strtox@@YA_NAEAUbig_integer@1@AEBU21@@Z 000000018005c3d8     libucrtd:cfout.obj
 0002:000133e8       $unwind$?multiply_by_power_of_ten@__crt_strtox@@YA_NAEAUbig_integer@1@I@Z 000000018005c3e8     libucrtd:cfout.obj
 0002:000133f8       $unwind$?divide@__crt_strtox@@YA_KAEAUbig_integer@1@AEBU21@@Z 000000018005c3f8     libucrtd:cfout.obj
 0002:00013408       $unwind$??$convert_to_fos_high_precision@N@@YA?AW4__acrt_has_trailing_digits@@NIW4__acrt_precision_style@@QEAHQEAD_K@Z 000000018005c408     libucrtd:cfout.obj
 0002:00013418       $unwind$?__c32rtomb_utf8@__crt_mbstring@@YA_KPEAD_UPEAU_Mbstatet@@AEAV__crt_cached_ptd_host@@@Z 000000018005c418     libucrtd:c32rtomb.obj
 0002:00013420       $unwind$_fcloseall         000000018005c420     libucrtd:closeall.obj
 0002:00013440       $unwind$??$common_xtox@KD@@YAHKQEAD_KI_N@Z 000000018005c440     libucrtd:xtoa.obj
 0002:00013440       $unwind$??$common_xtox@K_W@@YAHKQEA_W_KI_N@Z 000000018005c440     libucrtd:xtoa.obj
 0002:00013448       $unwind$?_mbstowcs_l_helper@@YA_KPEA_WPEBD_KAEAV__crt_cached_ptd_host@@@Z 000000018005c448     libucrtd:mbstowcs.obj
 0002:00013460       $ip2state$?_mbstowcs_l_helper@@YA_KPEA_WPEBD_KAEAV__crt_cached_ptd_host@@@Z 000000018005c460     libucrtd:mbstowcs.obj
 0002:00013468       $unwind$?_wcstombs_l_helper@@YA_KPEADPEB_W_KAEAV__crt_cached_ptd_host@@@Z 000000018005c468     libucrtd:wcstombs.obj
 0002:0001347c       $unwind$__acrt_OutputDebugStringA 000000018005c47c     libucrtd:outputdebugstringa.obj
 0002:00013490       $unwind$??$__acrt_lowio_lock_fh_and_call@V<lambda_3e4146214822e0ea86c47ff907aef2ff>@@@@YAHH$$QEAV<lambda_3e4146214822e0ea86c47ff907aef2ff>@@@Z 000000018005c490     libucrtd:commit.obj
 0002:000134a0       $ip2state$??$__acrt_lowio_lock_fh_and_call@V<lambda_3e4146214822e0ea86c47ff907aef2ff>@@@@YAHH$$QEAV<lambda_3e4146214822e0ea86c47ff907aef2ff>@@@Z 000000018005c4a0     libucrtd:commit.obj
 0002:000134a8       $unwind$??$?RV<lambda_7d29013d608e9f25a034de83c9b9e983>@@AEAV<lambda_3e4146214822e0ea86c47ff907aef2ff>@@V<lambda_b869e5a4e1069fcb5c3da79c0d999133>@@@?$__crt_seh_guarded_call@H@@QEAAH$$QEAV<lambda_7d29013d608e9f25a034de83c9b9e983>@@AEAV<lambda_3e4146214822e0ea86c47ff907aef2ff>@@$$QEAV<lambda_b869e5a4e1069fcb5c3da79c0d999133>@@@Z 000000018005c4a8     libucrtd:commit.obj
 0002:000134c8       $unwind$_write_nolock      000000018005c4c8     libucrtd:write.obj
 0002:000134dc       $unwind$_write_internal    000000018005c4dc     libucrtd:write.obj
 0002:000134fc       $unwind$?write_double_translated_ansi_nolock@@YA?AUwrite_result@?A0x17268360@@HQEBDIAEAV__crt_cached_ptd_host@@@Z 000000018005c4fc     libucrtd:write.obj
 0002:00013518       $ip2state$?write_double_translated_ansi_nolock@@YA?AUwrite_result@?A0x17268360@@HQEBDIAEAV__crt_cached_ptd_host@@@Z 000000018005c518     libucrtd:write.obj
 0002:00013520       $unwind$?write_double_translated_unicode_nolock@@YA?AUwrite_result@?A0x17268360@@QEBDI@Z 000000018005c520     libucrtd:write.obj
 0002:00013534       $unwind$?write_text_ansi_nolock@@YA?AUwrite_result@?A0x17268360@@HQEBDI@Z 000000018005c534     libucrtd:write.obj
 0002:00013534       $unwind$?write_text_utf16le_nolock@@YA?AUwrite_result@?A0x17268360@@HQEBDI@Z 000000018005c534     libucrtd:write.obj
 0002:00013548       $unwind$?write_text_utf8_nolock@@YA?AUwrite_result@?A0x17268360@@HQEBDI@Z 000000018005c548     libucrtd:write.obj
 0002:0001355c       $unwind$?write_binary_nolock@@YA?AUwrite_result@?A0x17268360@@HQEBDI@Z 000000018005c55c     libucrtd:write.obj
 0002:00013570       $xdatasym                  000000018005c570     libucrtd:log10.obj
 0002:0001357c       $unwind$ceil               000000018005c57c     libucrtd:ceil.obj
 0002:00013584       $unwind$?return_illegal_sequence@__crt_mbstring@@YA_KPEAU_Mbstatet@@AEAV__crt_cached_ptd_host@@@Z 000000018005c584     libucrtd:common_utf8.obj
 0002:0001358c       $unwind$?reset_and_return@__crt_mbstring@@YA_K_KPEAU_Mbstatet@@@Z 000000018005c58c     libucrtd:common_utf8.obj
 0002:00013594       $unwind$?__mbrtoc32_utf8@__crt_mbstring@@YA_KPEA_UPEBD_KPEAU_Mbstatet@@AEAV__crt_cached_ptd_host@@@Z 000000018005c594     libucrtd:mbrtoc32.obj
 0002:000135a4       $unwind$?_fclose_internal@@YAHQEAU_iobuf@@AEAV__crt_cached_ptd_host@@@Z 000000018005c5a4     libucrtd:fclose.obj
 0002:000135c4       $unwind$?__wcsrtombs_utf8@__crt_mbstring@@YA_KPEADPEAPEB_W_KPEAU_Mbstatet@@AEAV__crt_cached_ptd_host@@@Z 000000018005c5c4     libucrtd:wcrtomb.obj
 0002:000135d4       $unwind$_log_special_common 000000018005c5d4     libucrtd:log_special.obj
 0002:000135e4       $unwind$_log10_special     000000018005c5e4     libucrtd:log_special.obj
 0002:000135ec       $unwind$common_control87   000000018005c5ec     libucrtd:ieee.obj
 0002:0001360c       $unwind$??$__acrt_lowio_lock_fh_and_call@V<lambda_af29824b49a67d335554598d6cad2be6>@@@@YAHH$$QEAV<lambda_af29824b49a67d335554598d6cad2be6>@@@Z 000000018005c60c     libucrtd:close.obj
 0002:00013620       $ip2state$??$__acrt_lowio_lock_fh_and_call@V<lambda_af29824b49a67d335554598d6cad2be6>@@@@YAHH$$QEAV<lambda_af29824b49a67d335554598d6cad2be6>@@@Z 000000018005c620     libucrtd:close.obj
 0002:00013628       $unwind$??$?RV<lambda_19eaff14c5fe7be5b1b106a862eb1091>@@AEAV<lambda_af29824b49a67d335554598d6cad2be6>@@V<lambda_3ce37f5b621ab310299ea5f68cbdf3bb>@@@?$__crt_seh_guarded_call@H@@QEAAH$$QEAV<lambda_19eaff14c5fe7be5b1b106a862eb1091>@@AEAV<lambda_af29824b49a67d335554598d6cad2be6>@@$$QEAV<lambda_3ce37f5b621ab310299ea5f68cbdf3bb>@@@Z 000000018005c628     libucrtd:close.obj
 0002:00013648       $unwind$?__c16rtomb_utf8@__crt_mbstring@@YA_KPEAD_SPEAU_Mbstatet@@AEAV__crt_cached_ptd_host@@@Z 000000018005c648     libucrtd:c16rtomb.obj
 0002:00013650       $unwind$??$console_output_reopen_and_retry@V<lambda_61c1b8a38cedca4df5fdc542e6ccae6d>@@@@YAHAEBV<lambda_61c1b8a38cedca4df5fdc542e6ccae6d>@@@Z 000000018005c650     libucrtd:initcon.obj
 0002:00013660       $ip2state$??$console_output_reopen_and_retry@V<lambda_61c1b8a38cedca4df5fdc542e6ccae6d>@@@@YAHAEBV<lambda_61c1b8a38cedca4df5fdc542e6ccae6d>@@@Z 000000018005c660     libucrtd:initcon.obj
 0002:00013668       $unwind$_IsNonwritableInCurrentImage 000000018005c668     LIBCMTD:pesect.obj
 0002:00013688       $xdatasym                  000000018005c688     LIBCMTD:chkstk.obj
 0002:00013720       .edata                     000000018005c720     handmade.exp
 0002:00013748       rgpv                       000000018005c748     handmade.exp
 0002:00013750       rgszName                   000000018005c750     handmade.exp
 0002:00013758       rgwOrd                     000000018005c758     handmade.exp
 0002:0001375c       szName                     000000018005c75c     handmade.exp
 0002:00013769       $N00001                    000000018005c769     handmade.exp
 0002:0001377d       $N00002                    000000018005c77d     handmade.exp
 0002:00013b98       .idata$6                   000000018005cb98     kernel32:KERNEL32.dll
 0003:00000000       ?RandomNumberTable@@3PAIA  000000018005d000     handmade.obj
 0003:00004080       ?__vcrt_flsindex@@3KA      0000000180061080     libvcruntimed:per_thread_data.obj
 0003:00004090       ?__acrt_current_request_number@@3JA 0000000180061090     libucrtd:debug_heap.obj
 0003:000040b0       ?dazSupported@?1??_ctrlfp@@9@9 00000001800610b0     libucrtd:fpctrl.obj
 0003:000040c0       ?__acrt_flsindex@@3KA      00000001800610c0     libucrtd:per_thread_data.obj
 0003:000040c4       ?errno_no_memory@@3HA      00000001800610c4     libucrtd:errno.obj
 0003:000040c8       ?doserrno_no_memory@@3KA   00000001800610c8     libucrtd:errno.obj
 0003:00004300       _mbctypes                  0000000180061300     libucrtd:mbctype.obj
 0003:00004410       _mbcasemaps                0000000180061410     libucrtd:mbctype.obj
 0003:00004510       ?__rgctypeflag@@3PADA      0000000180061510     libucrtd:mbctype.obj
 0003:00004520       ?__rgcode_page_info@@3PAUcode_page_info@@A 0000000180061520     libucrtd:mbctype.obj
 0003:00004788       ?__acrt_debug_fill_threshold@@3_KA 0000000180061788     libucrtd:debug_fill_threshold.obj
 0003:00004a80       ?dazSupported@?1??common_control87@@9@9 0000000180061a80     libucrtd:ieee.obj
 0003:00004a88       ?__dcrt_lowio_console_output_handle@@3PEAXEA 0000000180061a88     libucrtd:initcon.obj
 0003:00004b00       ?__proc_attached@@3HA      0000000180061b00     LIBCMTD:dll_dllmain.obj
 0003:00004b10       GS_ExceptionRecord         0000000180061b10     LIBCMTD:gs_report.obj
 0003:00004bb0       GS_ContextRecord           0000000180061bb0     LIBCMTD:gs_report.obj
 0003:000050b0       ?is_initialized_as_dll@@3_NA 00000001800620b0     LIBCMTD:utility.obj
 0003:000050b1       ?module_local_atexit_table_initialized@@3_NA 00000001800620b1     LIBCMTD:utility.obj
 0003:000050b8       ?module_local_atexit_table@@3U_onexit_table_t@@A 00000001800620b8     LIBCMTD:utility.obj
 0003:000050d0       ?module_local_at_quick_exit_table@@3U_onexit_table_t@@A 00000001800620d0     LIBCMTD:utility.obj
 0003:00005138       ?heap@@3V_HeapManager@@A   0000000180062138     libvcruntimed:undname.obj
 0003:00005160       ?__vcrt_startup_thread_ptd@@3U__vcrt_ptd@@A 0000000180062160     libvcruntimed:per_thread_data.obj
 0003:000051e0       __vcrt_lock_table          00000001800621e0     libvcruntimed:locks.obj
 0003:00005208       __vcrt_locks_initialized   0000000180062208     libvcruntimed:locks.obj
 0003:00005210       ?module_handles@@3PAPEAUHINSTANCE__@@A 0000000180062210     libvcruntimed:winapi_downlevel.obj
 0003:00005228       ?function_pointers@@3PAPEAXA 0000000180062228     libvcruntimed:winapi_downlevel.obj
 0003:00005258       ?c_termination_complete@@3JA 0000000180062258     libucrtd:exit.obj
 0003:00005260       ?thread_local_exit_callback_func@@3P6AXPEAXK0@ZEA 0000000180062260     libucrtd:exit.obj
 0003:00005268       ?c_exit_complete@?1???R<lambda_6e4b09c48022b2350581041d5f6b0c4c>@@QEBA@XZ@4_NA 0000000180062268     libucrtd:exit.obj
 0003:00005270       ?program_name@?1???$common_configure_argv@D@@YAHW4_crt_argv_mode@@@Z@4PADA 0000000180062270     libucrtd:argv_parsing.obj
 0003:000053c8       ?__acrt_first_block@@3PEAU_CrtMemBlockHeader@@EA 00000001800623c8     libucrtd:debug_heap.obj
 0003:000053d0       ?__acrt_last_block@@3PEAU_CrtMemBlockHeader@@EA 00000001800623d0     libucrtd:debug_heap.obj
 0003:000053d8       ?__acrt_total_allocations@@3_KA 00000001800623d8     libucrtd:debug_heap.obj
 0003:000053e0       ?__acrt_current_allocations@@3_KA 00000001800623e0     libucrtd:debug_heap.obj
 0003:000053e8       ?__acrt_max_allocations@@3_KA 00000001800623e8     libucrtd:debug_heap.obj
 0003:000053f0       ?__acrt_check_frequency@@3IA 00000001800623f0     libucrtd:debug_heap.obj
 0003:000053f4       ?__acrt_check_counter@@3IA 00000001800623f4     libucrtd:debug_heap.obj
 0003:00005400       ?heap_validation_pending@@3_NA 0000000180062400     libucrtd:debug_heap.obj
 0003:00005408       ?__acrt_invalid_parameter_handler@@3V?$dual_state_global@P6AXPEB_W00I_K@Z@__crt_state_management@@A 0000000180062408     libucrtd:invalid_parameter.obj
 0003:00005420       ?__acrt_lock_table@@3PAU_RTL_CRITICAL_SECTION@@A 0000000180062420     libucrtd:locks.obj
 0003:00005650       ?__acrt_locks_initialized@@3IA 0000000180062650     libucrtd:locks.obj
 0003:00005654       ?state_cache@?1???$get_cached_win_policy@Udeveloper_information_policy_properties@?1??__acrt_get_developer_information_policy@@YA?AW4developer_information_policy@@XZ@@@YA?AW4developer_information_policy@@W4AppPolicyShowDeveloperDiagnostic@@@Z@4JA 0000000180062654     libucrtd:win_policies.obj
 0003:00005658       ?state_cache@?1???$get_cached_win_policy@Uwindowing_model_policy_properties@?1??__acrt_get_windowing_model_policy@@YA?AW4windowing_model_policy@@XZ@@@YA?AW4windowing_model_policy@@W4AppPolicyWindowingModel@@@Z@4JA 0000000180062658     libucrtd:win_policies.obj
 0003:00005678       ?fSystemSet@@3HA           0000000180062678     libucrtd:mbctype.obj
 0003:0000567c       ?initialized@?1??__acrt_initialize_multibyte@@9@4_NA 000000018006267c     libucrtd:mbctype.obj
 0003:000056b0       ?module_handles@@3PAPEAUHINSTANCE__@@A 00000001800626b0     libucrtd:winapi_thunks.obj
 0003:00005760       ?encoded_function_pointers@@3PAPEAXA 0000000180062760     libucrtd:winapi_thunks.obj
 0003:00005c68       ?__acrt_new_handler@@3V?$dual_state_global@P6AH_K@Z@__crt_state_management@@A 0000000180062c68     libucrtd:new_handler.obj
 0003:00005c70       ?ctrlc_action@@3V?$dual_state_global@P6AXH@Z@__crt_state_management@@A 0000000180062c70     libucrtd:signal.obj
 0003:00005c78       ?ctrlbreak_action@@3V?$dual_state_global@P6AXH@Z@__crt_state_management@@A 0000000180062c78     libucrtd:signal.obj
 0003:00005c80       ?abort_action@@3V?$dual_state_global@P6AXH@Z@__crt_state_management@@A 0000000180062c80     libucrtd:signal.obj
 0003:00005c88       ?term_action@@3V?$dual_state_global@P6AXH@Z@__crt_state_management@@A 0000000180062c88     libucrtd:signal.obj
 0003:00005c90       ?user_matherr@@3V?$dual_state_global@P6AHPEAU_exception@@@Z@__crt_state_management@@A 0000000180062c90     libucrtd:matherr.obj
 0003:00005cb0       ?__acrt_global_new_mode@@3V?$dual_state_global@J@__crt_state_management@@A 0000000180062cb0     libucrtd:new_mode.obj
 0003:00005cb8       ?__acrt_app_type@@3W4_crt_app_type@@A 0000000180062cb8     libucrtd:report_runtime_error.obj
 0003:00005cc0       ?outmsg@?9??__acrt_report_runtime_error@@9@4PA_WA 0000000180062cc0     libucrtd:report_runtime_error.obj
 0003:000062e8       ?internal_state@?1??_mbtowc_internal@@9@4U_Mbstatet@@A 00000001800632e8     libucrtd:mbtowc.obj
 0003:00006300       ?enable_percent_n@@3_KA    0000000180063300     libucrtd:printf_count_output.obj
 0003:00006328       __acrt_error_mode          0000000180063328     libucrtd:set_error_mode.obj
 0003:00006330       ?internal_pst@?1??__mbrtoc32_utf8@__crt_mbstring@@YA_KPEA_UPEBD_KPEAU_Mbstatet@@AEAV__crt_cached_ptd_host@@@Z@4U3@A 0000000180063330     libucrtd:mbrtoc32.obj
 0003:00006338       ?internal_pst@?1??__c16rtomb_utf8@__crt_mbstring@@YA_KPEAD_SPEAU_Mbstatet@@AEAV__crt_cached_ptd_host@@@Z@4U3@A 0000000180063338     libucrtd:c16rtomb.obj
 0005:00000000       _2il0floatpacket$19        0000000180068000     LIBCMTD:svml_ssinf4_sse2.obj
 0005:00002200       _vmlsSinHATab              000000018006a200     LIBCMTD:svml_s_sin_cout.obj
 0005:00002210       MoveSmall                  000000018006a210     libvcruntimed:memcpy_avx_ermsb_aligned.obj
 0005:00002250       MoveSmallYmm               000000018006a250     libvcruntimed:memcpy_avx_ermsb_aligned.obj
 0005:00002274       MoveSmallYmmNT             000000018006a274     libvcruntimed:memcpy_avx_ermsb_aligned.obj
 0005:000022a0       MoveSmall                  000000018006a2a0     libvcruntimed:memcpy_avx_ermsb_aligned_amd.obj
 0005:000022e0       MoveSmallYmm               000000018006a2e0     libvcruntimed:memcpy_avx_ermsb_aligned_amd.obj
 0005:00002304       MoveSmallYmmNT             000000018006a304     libvcruntimed:memcpy_avx_ermsb_aligned_amd.obj
 0005:00002330       MoveSmall                  000000018006a330     libvcruntimed:memcpy_sse2_ermsb_aligned.obj
 0005:00002370       MoveSmallXmm               000000018006a370     libvcruntimed:memcpy_sse2_ermsb_aligned.obj
 0005:000023a0       MoveSmall                  000000018006a3a0     libvcruntimed:memcpy_sse2_ermsb_aligned_amd.obj
 0005:000023e0       MoveSmallXmm               000000018006a3e0     libvcruntimed:memcpy_sse2_ermsb_aligned_amd.obj
