 win32_handmade

 Timestamp is 65ece4e1 (Sat Mar  9 19:38:25 2024)

 Preferred load address is 0000000140000000

 Start         Length     Name                   Class
 0001:00000000 0003f340H .text$mn                CODE
 0001:0003f340 00000040H .text$mn$00             CODE
 0001:0003f380 00000a70H .text$mn$21             CODE
 0001:0003fdf0 0000063dH .text$x                 CODE
 0002:00000000 000003d0H .idata$5                DATA
 0002:000003d0 00000038H .00cfg                  DATA
 0002:00000408 00000008H .CRT$XCA                DATA
 0002:00000410 00000008H .CRT$XCAA               DATA
 0002:00000418 00000008H .CRT$XCZ                DATA
 0002:00000420 00000008H .CRT$XIA                DATA
 0002:00000428 00000008H .CRT$XIAA               DATA
 0002:00000430 00000008H .CRT$XIAC               DATA
 0002:00000438 00000020H .CRT$XIC                DATA
 0002:00000458 00000008H .CRT$XIZ                DATA
 0002:00000460 00000008H .CRT$XPA                DATA
 0002:00000468 00000010H .CRT$XPX                DATA
 0002:00000478 00000008H .CRT$XPXA               DATA
 0002:00000480 00000008H .CRT$XPZ                DATA
 0002:00000488 00000008H .CRT$XTA                DATA
 0002:00000490 00000010H .CRT$XTZ                DATA
 0002:00000498 00000000H .gehcont$y              DATA
 0002:00000498 00000000H .gfids$y                DATA
 0002:000004a0 00010d30H .rdata                  DATA
 0002:000111d0 000001b0H .rdata$00               DATA
 0002:00011380 00000000H .rdata$CastGuardVftablesA DATA
 0002:00011380 00000000H .rdata$CastGuardVftablesC DATA
 0002:00011380 0000016cH .rdata$r                DATA
 0002:000114ec 0000039cH .rdata$voltmd           DATA
 0002:00011888 00000398H .rdata$zzzdbg           DATA
 0002:00011c20 00000008H .rtc$IAA                DATA
 0002:00011c28 00000008H .rtc$IZZ                DATA
 0002:00011c30 00000008H .rtc$TAA                DATA
 0002:00011c38 00000008H .rtc$TZZ                DATA
 0002:00011c40 00001300H .xdata                  DATA
 0002:00012f40 00000084H .xdata$x                DATA
 0002:00012fc4 00000000H .edata                  DATA
 0002:00012fc4 00000050H .idata$2                DATA
 0002:00013014 00000014H .idata$3                DATA
 0002:00013028 000003d0H .idata$4                DATA
 0002:000133f8 0000085cH .idata$6                DATA
 0003:00000000 00000ac0H .data                   DATA
 0003:00000ac0 00000050H .data$r                 DATA
 0003:00000b10 00000020H .data$rs                DATA
 0003:00000b30 000018c8H .bss                    DATA
 0004:00000000 0000318cH .pdata                  DATA
 0005:00000000 000001f4H _RDATA                  DATA

  Address         Publics by Value              Rva+Base               Lib:Object

 0000:00000000       __AbsoluteZero             0000000000000000     <absolute>
 0000:00000000       ___safe_se_handler_count   0000000000000000     <absolute>
 0000:00000000       ___safe_se_handler_table   0000000000000000     <absolute>
 0000:00000000       __arm64x_extra_rfe_table   0000000000000000     <absolute>
 0000:00000000       __arm64x_extra_rfe_table_size 0000000000000000     <absolute>
 0000:00000000       __arm64x_native_entrypoint 0000000000000000     <absolute>
 0000:00000000       __arm64x_redirection_metadata 0000000000000000     <absolute>
 0000:00000000       __arm64x_redirection_metadata_count 0000000000000000     <absolute>
 0000:00000000       __dynamic_value_reloc_table 0000000000000000     <absolute>
 0000:00000000       __enclave_config           0000000000000000     <absolute>
 0000:00000000       __guard_check_icall_a64n_fptr 0000000000000000     <absolute>
 0000:00000000       __guard_eh_cont_count      0000000000000000     <absolute>
 0000:00000000       __guard_eh_cont_table      0000000000000000     <absolute>
 0000:00000000       __guard_fids_count         0000000000000000     <absolute>
 0000:00000000       __guard_fids_table         0000000000000000     <absolute>
 0000:00000000       __guard_iat_count          0000000000000000     <absolute>
 0000:00000000       __guard_iat_table          0000000000000000     <absolute>
 0000:00000000       __guard_longjmp_count      0000000000000000     <absolute>
 0000:00000000       __guard_longjmp_table      0000000000000000     <absolute>
 0000:00000000       __hybrid_auxiliary_delayload_iat 0000000000000000     <absolute>
 0000:00000000       __hybrid_auxiliary_delayload_iat_copy 0000000000000000     <absolute>
 0000:00000000       __hybrid_auxiliary_iat     0000000000000000     <absolute>
 0000:00000000       __hybrid_auxiliary_iat_copy 0000000000000000     <absolute>
 0000:00000000       __hybrid_code_map          0000000000000000     <absolute>
 0000:00000000       __hybrid_code_map_count    0000000000000000     <absolute>
 0000:00000000       __hybrid_image_info_bitfield 0000000000000000     <absolute>
 0000:00000000       __x64_code_ranges_to_entry_points 0000000000000000     <absolute>
 0000:00000000       __x64_code_ranges_to_entry_points_count 0000000000000000     <absolute>
 0000:00000100       __guard_flags              0000000000000100     <absolute>
 0000:00000000       __ImageBase                0000000140000000     <linker-defined>
 0001:00000000       WinMain                    0000000140001000 f   win32_handmade.obj
 0001:000017b0       ?XInputGetStateStub@@YAKKPEAU_XINPUT_STATE@@@Z 00000001400027b0 f   win32_handmade.obj
 0001:000017d0       ?XInputSetStateStub@@YAKKPEAU_XINPUT_VIBRATION@@@Z 00000001400027d0 f   win32_handmade.obj
 0001:00001a50       ?DEBUGPlatformFreeFileMemory@@YAXPEAUthread_context@@PEAX@Z 0000000140002a50 f   win32_handmade.obj
 0001:00001a90       ?DEBUGPlatformReadEntireFile@@YA?AUdebug_read_file_result@@PEAUthread_context@@PEAD@Z 0000000140002a90 f   win32_handmade.obj
 0001:00001be0       ?DEBUGPlatformWriteEntireFile@@YAHPEAUthread_context@@PEADIPEAX@Z 0000000140002be0 f   win32_handmade.obj
 0001:00003600       ?Win32GetLastWriteTime@@YA?AU_FILETIME@@PEAD@Z 0000000140004600 f i win32_handmade.obj
 0001:00003670       ?Win32GetSecondsElapsed@@YAMT_LARGE_INTEGER@@0@Z 0000000140004670 f i win32_handmade.obj
 0001:000036b0       ?Win32GetWallClock@@YA?AT_LARGE_INTEGER@@XZ 00000001400046b0 f i win32_handmade.obj
 0001:000036d0       GetController              00000001400046d0 f i win32_handmade.obj
 0001:00003720       SafeTruncateUInt64         0000000140004720 f i win32_handmade.obj
 0001:00003750       __GSHandlerCheck           0000000140004750 f   LIBCMTD:gshandler.obj
 0001:00003790       __GSHandlerCheckCommon     0000000140004790 f   LIBCMTD:gshandler.obj
 0001:000038a0       __chkstk                   00000001400048a0 f   LIBCMTD:chkstk.obj
 0001:000038a0       _alloca_probe              00000001400048a0 f   LIBCMTD:chkstk.obj
 0001:00003900       __security_check_cookie    0000000140004900 f   LIBCMTD:amdsecgs.obj
 0001:00003bd0       ?configure_argv@__scrt_narrow_argv_policy@@SAHXZ 0000000140004bd0 f i LIBCMTD:exe_winmain.obj
 0001:00003bf0       ?initialize_environment@__scrt_narrow_environment_policy@@SAHXZ 0000000140004bf0 f i LIBCMTD:exe_winmain.obj
 0001:00003c40       ?set_app_type@__scrt_winmain_policy@@SAXXZ 0000000140004c40 f i LIBCMTD:exe_winmain.obj
 0001:00003c60       ?set_commode@__scrt_file_policy@@SAXXZ 0000000140004c60 f i LIBCMTD:exe_winmain.obj
 0001:00003c80       ?set_fmode@__scrt_file_policy@@SAXXZ 0000000140004c80 f i LIBCMTD:exe_winmain.obj
 0001:00003ca0       WinMainCRTStartup          0000000140004ca0 f   LIBCMTD:exe_winmain.obj
 0001:00003cc0       __raise_securityfailure    0000000140004cc0 f   LIBCMTD:gs_report.obj
 0001:00003d00       __report_gsfailure         0000000140004d00 f   LIBCMTD:gs_report.obj
 0001:00003de0       __report_rangecheckfailure 0000000140004de0 f   LIBCMTD:gs_report.obj
 0001:00003e00       __report_securityfailure   0000000140004e00 f   LIBCMTD:gs_report.obj
 0001:00004160       NtCurrentTeb               0000000140005160 f i LIBCMTD:utility.obj
 0001:00004170       __scrt_acquire_startup_lock 0000000140005170 f   LIBCMTD:utility.obj
 0001:000041e0       __scrt_initialize_crt      00000001400051e0 f   LIBCMTD:utility.obj
 0001:00004230       __scrt_initialize_onexit_tables 0000000140005230 f   LIBCMTD:utility.obj
 0001:00004340       __scrt_is_nonwritable_in_current_image 0000000140005340 f   LIBCMTD:utility.obj
 0001:000043d0       __scrt_release_startup_lock 00000001400053d0 f   LIBCMTD:utility.obj
 0001:00004400       __scrt_uninitialize_crt    0000000140005400 f   LIBCMTD:utility.obj
 0001:00004440       _onexit                    0000000140005440 f   LIBCMTD:utility.obj
 0001:000044c0       atexit                     00000001400054c0 f   LIBCMTD:utility.obj
 0001:000045c0       __security_init_cookie     00000001400055c0 f   LIBCMTD:gs_support.obj
 0001:00004640       ?get_current_state_index@__crt_state_management@@YA_KAEBV__crt_scoped_get_last_error_reset@@@Z 0000000140005640 f   libucrtd:invalid_parameter.obj
 0001:00004640       _matherr                   0000000140005640 f   LIBCMTD:matherr.obj
 0001:00004650       _get_startup_argv_mode     0000000140005650 f   LIBCMTD:argv_mode.obj
 0001:00004660       ?get_current_state_index@__crt_state_management@@YA_KXZ 0000000140005660 f   libucrtd:matherr.obj
 0001:00004660       ?get_invalid_value@__crt_hmodule_traits@@SAPEAUHINSTANCE__@@XZ 0000000140005660 f   libucrtd:exit.obj
 0001:00004660       __scrt_exe_initialize_mta  0000000140005660 f   LIBCMTD:utility_desktop.obj
 0001:00004660       __scrt_initialize_winrt    0000000140005660 f   LIBCMTD:utility_desktop.obj
 0001:00004660       __scrt_stub_for_initialize_mta 0000000140005660 f   LIBCMTD:utility_desktop.obj
 0001:00004660       _get_startup_commit_mode   0000000140005660 f   LIBCMTD:commit_mode.obj
 0001:00004660       _get_startup_new_mode      0000000140005660 f   LIBCMTD:new_mode.obj
 0001:00004660       _get_startup_thread_locale_mode 0000000140005660 f   LIBCMTD:thread_locale.obj
 0001:00004670       _get_startup_file_mode     0000000140005670 f   LIBCMTD:file_mode.obj
 0001:00004680       ?__scrt_initialize_type_info@@YAXXZ 0000000140005680 f   LIBCMTD:tncleanup.obj
 0001:000046a0       _should_initialize_environment 00000001400056a0 f   LIBCMTD:env_mode.obj
 0001:000046b0       _initialize_denormal_control 00000001400056b0 f   LIBCMTD:denormal_control.obj
 0001:000046b0       _initialize_invalid_parameter_handler 00000001400056b0 f   LIBCMTD:invalid_parameter_handler.obj
 0001:000046c0       __local_stdio_printf_options 00000001400056c0 f i LIBCMTD:default_local_stdio_options.obj
 0001:000046d0       __local_stdio_scanf_options 00000001400056d0 f i LIBCMTD:default_local_stdio_options.obj
 0001:000046e0       __scrt_initialize_default_local_stdio_options 00000001400056e0 f   LIBCMTD:default_local_stdio_options.obj
 0001:00004730       __scrt_is_user_matherr_present 0000000140005730 f   LIBCMTD:matherr_detection.obj
 0001:00004760       __scrt_get_dyn_tls_init_callback 0000000140005760 f   LIBCMTD:dyn_tls_init.obj
 0001:00004770       __scrt_get_dyn_tls_dtor_callback 0000000140005770 f   LIBCMTD:dyn_tls_dtor.obj
 0001:00004780       __crt_debugger_hook        0000000140005780 f   LIBCMTD:utility_desktop.obj
 0001:00004790       __scrt_fastfail            0000000140005790 f   LIBCMTD:utility_desktop.obj
 0001:00004930       __scrt_get_show_window_mode 0000000140005930 f   LIBCMTD:utility_desktop.obj
 0001:00004990       __scrt_initialize_mta      0000000140005990 f   LIBCMTD:utility_desktop.obj
 0001:000049a0       __scrt_is_managed_app      00000001400059a0 f   LIBCMTD:utility_desktop.obj
 0001:00004a50       __scrt_set_unhandled_exception_filter 0000000140005a50 f   LIBCMTD:utility_desktop.obj
 0001:00004a70       __scrt_unhandled_exception_filter 0000000140005a70 f   LIBCMTD:utility_desktop.obj
 0001:00004b10       _RTC_Initialize            0000000140005b10 f   LIBCMTD:initsect.obj
 0001:00004b60       _RTC_Terminate             0000000140005b60 f   LIBCMTD:initsect.obj
 0001:00004bb0       ??1?$__crt_simd_cleanup_guard@$0A@@@QEAA@XZ 0000000140005bb0 f i libucrtd:strnlen.obj
 0001:00004bb0       ??1scoped_global_state_reset@__crt_state_management@@QEAA@XZ 0000000140005bb0 f i libucrtd:onexit.obj
 0001:00004bb0       _guard_check_icall_nop     0000000140005bb0 f i LIBCMTD:guard_support.obj
 0001:00004bc0       ReadNoFence64              0000000140005bc0 f i LIBCMTD:guard_support.obj
 0001:00004be0       ReadPointerNoFence         0000000140005be0 f i LIBCMTD:guard_support.obj
 0001:00004c00       _guard_icall_checks_enforced 0000000140005c00 f i LIBCMTD:guard_support.obj
 0001:00004c40       __isa_available_init       0000000140005c40 f   LIBCMTD:cpu_disp.obj
 0001:00004ff0       __scrt_is_ucrt_dll_in_use  0000000140005ff0 f   LIBCMTD:ucrt_detection.obj
 0001:00005020       __C_specific_handler       0000000140006020 f   libvcruntimed:riscchandler.obj
 0001:00005490       __vcrt_initialize          0000000140006490 f   libvcruntimed:initialization.obj
 0001:000054d0       __vcrt_uninitialize        00000001400064d0 f   libvcruntimed:initialization.obj
 0001:000054f0       ??$?RD@__crt_internal_free_policy@@QEBAXQEBD@Z 00000001400064f0 f i libvcruntimed:std_type_info.obj
 0001:000054f0       ??$?RE@__crt_internal_free_policy@@QEBAXQEBE@Z 00000001400064f0 f i libucrtd:argv_parsing.obj
 0001:000054f0       ??$?RP6AXXZ@__crt_internal_free_policy@@QEBAXQEBQ6AXXZ@Z 00000001400064f0 f i libucrtd:onexit.obj
 0001:000054f0       ??$?RPEAD@__crt_internal_free_policy@@QEBAXQEBQEAD@Z 00000001400064f0 f i libucrtd:argv_parsing.obj
 0001:000054f0       ??$?RPEAU__crt_stdio_stream_data@@@__crt_internal_free_policy@@QEBAXQEBQEAU__crt_stdio_stream_data@@@Z 00000001400064f0 f i libucrtd:_file.obj
 0001:000054f0       ??$?RU__acrt_ptd@@@__crt_internal_free_policy@@QEBAXQEBU__acrt_ptd@@@Z 00000001400064f0 f i libucrtd:per_thread_data.obj
 0001:000054f0       ??$?RU__crt_lowio_handle_data@@@__crt_internal_free_policy@@QEBAXQEBU__crt_lowio_handle_data@@@Z 00000001400064f0 f i libucrtd:osfinfo.obj
 0001:000054f0       ??$?RU__crt_multibyte_data@@@__crt_internal_free_policy@@QEBAXQEBU__crt_multibyte_data@@@Z 00000001400064f0 f i libucrtd:wsetlocale.obj
 0001:000054f0       ??$?RU__vcrt_ptd@@@__crt_internal_free_policy@@QEBAXQEBU__vcrt_ptd@@@Z 00000001400064f0 f i libvcruntimed:per_thread_data.obj
 0001:00005520       ??0?$__crt_scoped_stack_ptr@_W@@QEAA@U?$__crt_scoped_stack_ptr_tag@_W@@@Z 0000000140006520 f i libucrtd:getstringtypea.obj
 0001:00005520       ??0?$__crt_scoped_stack_ptr_tag@_W@@QEAA@QEA_W@Z 0000000140006520 f i libucrtd:getstringtypea.obj
 0001:00005520       ??0?$__crt_unique_handle_t@U__crt_findfile_traits@@@@QEAA@QEAX@Z 0000000140006520 f i libucrtd:argv_wildcards.obj
 0001:00005520       ??0?$__crt_unique_handle_t@U__crt_hmodule_traits@@@@QEAA@QEAUHINSTANCE__@@@Z 0000000140006520 f i libucrtd:exit.obj
 0001:00005520       ??0?$__crt_unique_heap_ptr@DU__crt_internal_free_policy@@@@QEAA@QEAD@Z 0000000140006520 f i libvcruntimed:std_type_info.obj
 0001:00005520       ??0?$__crt_unique_heap_ptr@DU__crt_public_free_policy@@@@QEAA@QEAD@Z 0000000140006520 f i libvcruntimed:std_exception.obj
 0001:00005520       ??0?$__crt_unique_heap_ptr@EU__crt_internal_free_policy@@@@QEAA@QEAE@Z 0000000140006520 f i libucrtd:argv_parsing.obj
 0001:00005520       ??0?$__crt_unique_heap_ptr@P6AXXZU__crt_internal_free_policy@@@@QEAA@QEAP6AXXZ@Z 0000000140006520 f i libucrtd:onexit.obj
 0001:00005520       ??0?$__crt_unique_heap_ptr@PEADU__crt_internal_free_policy@@@@QEAA@QEAPEAD@Z 0000000140006520 f i libucrtd:argv_parsing.obj
 0001:00005520       ??0?$__crt_unique_heap_ptr@PEAU__crt_stdio_stream_data@@U__crt_internal_free_policy@@@@QEAA@QEAPEAU__crt_stdio_stream_data@@@Z 0000000140006520 f i libucrtd:_file.obj
 0001:00005520       ??0?$__crt_unique_heap_ptr@U__acrt_ptd@@U__crt_internal_free_policy@@@@QEAA@QEAU__acrt_ptd@@@Z 0000000140006520 f i libucrtd:per_thread_data.obj
 0001:00005520       ??0?$__crt_unique_heap_ptr@U__crt_lowio_handle_data@@U__crt_internal_free_policy@@@@QEAA@QEAU__crt_lowio_handle_data@@@Z 0000000140006520 f i libucrtd:osfinfo.obj
 0001:00005520       ??0?$__crt_unique_heap_ptr@U__crt_multibyte_data@@U__crt_internal_free_policy@@@@QEAA@QEAU__crt_multibyte_data@@@Z 0000000140006520 f i libucrtd:wsetlocale.obj
 0001:00005520       ??0?$__crt_unique_heap_ptr@U__vcrt_ptd@@U__crt_internal_free_policy@@@@QEAA@QEAU__vcrt_ptd@@@Z 0000000140006520 f i libvcruntimed:per_thread_data.obj
 0001:00005520       ??0?$string_output_adapter@D@__crt_stdio_output@@QEAA@QEAU?$string_output_adapter_context@D@1@@Z 0000000140006520 f i libucrtd:output.obj
 0001:00005520       ??0?$string_output_adapter@_W@__crt_stdio_output@@QEAA@QEAU?$string_output_adapter_context@_W@1@@Z 0000000140006520 f i libucrtd:output.obj
 0001:00005520       ??0__crt_stdio_stream@@QEAA@QEAU__crt_stdio_stream_data@@@Z 0000000140006520 f i libucrtd:fflush.obj
 0001:00005520       ??0__crt_stdio_stream@@QEAA@QEAU_iobuf@@@Z 0000000140006520 f i libucrtd:output.obj
 0001:00005540       ??1?$__crt_unique_heap_ptr@DU__crt_internal_free_policy@@@@QEAA@XZ 0000000140006540 f i libvcruntimed:std_type_info.obj
 0001:00005540       ??1?$__crt_unique_heap_ptr@EU__crt_internal_free_policy@@@@QEAA@XZ 0000000140006540 f i libucrtd:argv_parsing.obj
 0001:00005540       ??1?$__crt_unique_heap_ptr@P6AXXZU__crt_internal_free_policy@@@@QEAA@XZ 0000000140006540 f i libucrtd:onexit.obj
 0001:00005540       ??1?$__crt_unique_heap_ptr@PEADU__crt_internal_free_policy@@@@QEAA@XZ 0000000140006540 f i libucrtd:argv_parsing.obj
 0001:00005540       ??1?$__crt_unique_heap_ptr@PEAU__crt_stdio_stream_data@@U__crt_internal_free_policy@@@@QEAA@XZ 0000000140006540 f i libucrtd:_file.obj
 0001:00005540       ??1?$__crt_unique_heap_ptr@U__acrt_ptd@@U__crt_internal_free_policy@@@@QEAA@XZ 0000000140006540 f i libucrtd:per_thread_data.obj
 0001:00005540       ??1?$__crt_unique_heap_ptr@U__crt_lowio_handle_data@@U__crt_internal_free_policy@@@@QEAA@XZ 0000000140006540 f i libucrtd:osfinfo.obj
 0001:00005540       ??1?$__crt_unique_heap_ptr@U__crt_multibyte_data@@U__crt_internal_free_policy@@@@QEAA@XZ 0000000140006540 f i libucrtd:wsetlocale.obj
 0001:00005540       ??1?$__crt_unique_heap_ptr@U__vcrt_ptd@@U__crt_internal_free_policy@@@@QEAA@XZ 0000000140006540 f i libvcruntimed:per_thread_data.obj
 0001:00005560       ??B?$__crt_unique_heap_ptr@DU__crt_internal_free_policy@@@@QEBA_NXZ 0000000140006560 f i libvcruntimed:std_type_info.obj
 0001:00005560       ??B?$__crt_unique_heap_ptr@DU__crt_public_free_policy@@@@QEBA_NXZ 0000000140006560 f i libvcruntimed:std_exception.obj
 0001:00005560       ??B?$__crt_unique_heap_ptr@EU__crt_internal_free_policy@@@@QEBA_NXZ 0000000140006560 f i libucrtd:argv_parsing.obj
 0001:00005560       ??B?$__crt_unique_heap_ptr@PEADU__crt_internal_free_policy@@@@QEBA_NXZ 0000000140006560 f i libucrtd:environment_initialization.obj
 0001:00005560       ??B?$__crt_unique_heap_ptr@U__acrt_ptd@@U__crt_internal_free_policy@@@@QEBA_NXZ 0000000140006560 f i libucrtd:per_thread_data.obj
 0001:00005560       ??B?$__crt_unique_heap_ptr@U__crt_lowio_handle_data@@U__crt_internal_free_policy@@@@QEBA_NXZ 0000000140006560 f i libucrtd:osfinfo.obj
 0001:00005560       ??B?$__crt_unique_heap_ptr@U__crt_multibyte_data@@U__crt_internal_free_policy@@@@QEBA_NXZ 0000000140006560 f i libucrtd:wsetlocale.obj
 0001:00005560       ??B?$__crt_unique_heap_ptr@U__vcrt_ptd@@U__crt_internal_free_policy@@@@QEBA_NXZ 0000000140006560 f i libvcruntimed:per_thread_data.obj
 0001:00005580       ?__crt_interlocked_read_64@@YA_JPED_J@Z 0000000140006580 f i libvcruntimed:std_type_info.obj
 0001:000055a0       ??C__crt_stdio_stream@@QEBAPEAU__crt_stdio_stream_data@@XZ 00000001400065a0 f i libucrtd:output.obj
 0001:000055a0       ?get@?$__crt_scoped_stack_ptr@_W@@QEBAPEA_WXZ 00000001400065a0 f i libucrtd:getstringtypea.obj
 0001:000055a0       ?get@?$__crt_unique_handle_t@U__crt_findfile_traits@@@@QEBAPEAXXZ 00000001400065a0 f i libucrtd:argv_wildcards.obj
 0001:000055a0       ?get@?$__crt_unique_handle_t@U__crt_hmodule_traits@@@@QEBAPEAUHINSTANCE__@@XZ 00000001400065a0 f i libucrtd:exit.obj
 0001:000055a0       ?get@?$__crt_unique_heap_ptr@DU__crt_internal_free_policy@@@@QEBAPEADXZ 00000001400065a0 f i libvcruntimed:std_type_info.obj
 0001:000055a0       ?get@?$__crt_unique_heap_ptr@DU__crt_public_free_policy@@@@QEBAPEADXZ 00000001400065a0 f i libvcruntimed:std_exception.obj
 0001:000055a0       ?get@?$__crt_unique_heap_ptr@EU__crt_internal_free_policy@@@@QEBAPEAEXZ 00000001400065a0 f i libucrtd:argv_parsing.obj
 0001:000055a0       ?get@?$__crt_unique_heap_ptr@PEADU__crt_internal_free_policy@@@@QEBAPEAPEADXZ 00000001400065a0 f i libucrtd:argv_parsing.obj
 0001:000055a0       ?get@?$__crt_unique_heap_ptr@U__acrt_ptd@@U__crt_internal_free_policy@@@@QEBAPEAU__acrt_ptd@@XZ 00000001400065a0 f i libucrtd:per_thread_data.obj
 0001:000055a0       ?get@?$__crt_unique_heap_ptr@U__crt_lowio_handle_data@@U__crt_internal_free_policy@@@@QEBAPEAU__crt_lowio_handle_data@@XZ 00000001400065a0 f i libucrtd:osfinfo.obj
 0001:000055a0       ?get@?$__crt_unique_heap_ptr@U__crt_multibyte_data@@U__crt_internal_free_policy@@@@QEBAPEAU__crt_multibyte_data@@XZ 00000001400065a0 f i libucrtd:wsetlocale.obj
 0001:000055a0       ?get@?$__crt_unique_heap_ptr@U__vcrt_ptd@@U__crt_internal_free_policy@@@@QEBAPEAU__vcrt_ptd@@XZ 00000001400065a0 f i libvcruntimed:per_thread_data.obj
 0001:000055a0       ?public_stream@__crt_stdio_stream@@QEBAPEAU_iobuf@@XZ 00000001400065a0 f i libucrtd:output.obj
 0001:000055a0       ?save_state@?$c_string_character_source@D@__crt_strtox@@QEBAPEBDXZ 00000001400065a0 f i libucrtd:output.obj
 0001:000055a0       ?save_state@?$c_string_character_source@_W@__crt_strtox@@QEBAPEB_WXZ 00000001400065a0 f i libucrtd:output.obj
 0001:000055b0       ??B?$__crt_scoped_stack_ptr@_W@@QEBA_NXZ 00000001400065b0 f i libucrtd:lcmapstringa.obj
 0001:000055b0       ?is_valid@?$__crt_unique_heap_ptr@DU__crt_internal_free_policy@@@@QEBA_NXZ 00000001400065b0 f i libvcruntimed:std_type_info.obj
 0001:000055b0       ?is_valid@?$__crt_unique_heap_ptr@DU__crt_public_free_policy@@@@QEBA_NXZ 00000001400065b0 f i libvcruntimed:std_exception.obj
 0001:000055b0       ?is_valid@?$__crt_unique_heap_ptr@EU__crt_internal_free_policy@@@@QEBA_NXZ 00000001400065b0 f i libucrtd:argv_parsing.obj
 0001:000055b0       ?is_valid@?$__crt_unique_heap_ptr@PEADU__crt_internal_free_policy@@@@QEBA_NXZ 00000001400065b0 f i libucrtd:environment_initialization.obj
 0001:000055b0       ?is_valid@?$__crt_unique_heap_ptr@U__acrt_ptd@@U__crt_internal_free_policy@@@@QEBA_NXZ 00000001400065b0 f i libucrtd:per_thread_data.obj
 0001:000055b0       ?is_valid@?$__crt_unique_heap_ptr@U__crt_lowio_handle_data@@U__crt_internal_free_policy@@@@QEBA_NXZ 00000001400065b0 f i libucrtd:osfinfo.obj
 0001:000055b0       ?is_valid@?$__crt_unique_heap_ptr@U__crt_multibyte_data@@U__crt_internal_free_policy@@@@QEBA_NXZ 00000001400065b0 f i libucrtd:wsetlocale.obj
 0001:000055b0       ?is_valid@?$__crt_unique_heap_ptr@U__vcrt_ptd@@U__crt_internal_free_policy@@@@QEBA_NXZ 00000001400065b0 f i libvcruntimed:per_thread_data.obj
 0001:000055b0       ?valid@__crt_stdio_stream@@QEBA_NXZ 00000001400065b0 f i libucrtd:output.obj
 0001:000055e0       ?release@?$__crt_unique_heap_ptr@DU__crt_internal_free_policy@@@@QEAAXXZ 00000001400065e0 f i libvcruntimed:std_type_info.obj
 0001:000055e0       ?release@?$__crt_unique_heap_ptr@EU__crt_internal_free_policy@@@@QEAAXXZ 00000001400065e0 f i libucrtd:argv_parsing.obj
 0001:000055e0       ?release@?$__crt_unique_heap_ptr@P6AXXZU__crt_internal_free_policy@@@@QEAAXXZ 00000001400065e0 f i libucrtd:onexit.obj
 0001:000055e0       ?release@?$__crt_unique_heap_ptr@PEADU__crt_internal_free_policy@@@@QEAAXXZ 00000001400065e0 f i libucrtd:argv_parsing.obj
 0001:000055e0       ?release@?$__crt_unique_heap_ptr@PEAU__crt_stdio_stream_data@@U__crt_internal_free_policy@@@@QEAAXXZ 00000001400065e0 f i libucrtd:_file.obj
 0001:000055e0       ?release@?$__crt_unique_heap_ptr@U__acrt_ptd@@U__crt_internal_free_policy@@@@QEAAXXZ 00000001400065e0 f i libucrtd:per_thread_data.obj
 0001:000055e0       ?release@?$__crt_unique_heap_ptr@U__crt_lowio_handle_data@@U__crt_internal_free_policy@@@@QEAAXXZ 00000001400065e0 f i libucrtd:osfinfo.obj
 0001:000055e0       ?release@?$__crt_unique_heap_ptr@U__crt_multibyte_data@@U__crt_internal_free_policy@@@@QEAAXXZ 00000001400065e0 f i libucrtd:wsetlocale.obj
 0001:000055e0       ?release@?$__crt_unique_heap_ptr@U__vcrt_ptd@@U__crt_internal_free_policy@@@@QEAAXXZ 00000001400065e0 f i libvcruntimed:per_thread_data.obj
 0001:00005610       __std_type_info_compare    0000000140006610 f   libvcruntimed:std_type_info.obj
 0001:00005650       __DestructExceptionObject  0000000140006650 f   libvcruntimed:ehhelpers.obj
 0001:00005750       ?_CallMemberFunction0@@YAXQEAX0@Z 0000000140006750 f i libvcruntimed:ehhelpers.obj
 0001:00005820       _IsExceptionObjectToBeDestroyed 0000000140006820 f   libvcruntimed:ehhelpers.obj
 0001:00005870       __AdjustPointer            0000000140006870 f   libvcruntimed:ehhelpers.obj
 0001:000058f0       __FrameUnwindFilter        00000001400068f0 f   libvcruntimed:ehhelpers.obj
 0001:000059a0       __current_exception        00000001400069a0 f   libvcruntimed:ehhelpers.obj
 0001:000059c0       __current_exception_context 00000001400069c0 f   libvcruntimed:ehhelpers.obj
 0001:00005a10       _NLG_Notify                0000000140006a10 f   libvcruntimed:notify.obj
 0001:00005a30       __NLG_Dispatch2            0000000140006a30 f   libvcruntimed:notify.obj
 0001:00005a40       __NLG_Return2              0000000140006a40 f   libvcruntimed:notify.obj
 0001:00005a50       __except_validate_context_record 0000000140006a50 f   libvcruntimed:jbcxrval.obj
 0001:00005af0       ?detach@?$__crt_unique_heap_ptr@DU__crt_internal_free_policy@@@@QEAAPEADXZ 0000000140006af0 f i libucrtd:environment_initialization.obj
 0001:00005af0       ?detach@?$__crt_unique_heap_ptr@DU__crt_public_free_policy@@@@QEAAPEADXZ 0000000140006af0 f i libvcruntimed:std_exception.obj
 0001:00005af0       ?detach@?$__crt_unique_heap_ptr@EU__crt_internal_free_policy@@@@QEAAPEAEXZ 0000000140006af0 f i libucrtd:argv_parsing.obj
 0001:00005af0       ?detach@?$__crt_unique_heap_ptr@P6AXXZU__crt_internal_free_policy@@@@QEAAPEAP6AXXZXZ 0000000140006af0 f i libucrtd:onexit.obj
 0001:00005af0       ?detach@?$__crt_unique_heap_ptr@PEADU__crt_internal_free_policy@@@@QEAAPEAPEADXZ 0000000140006af0 f i libucrtd:argv_parsing.obj
 0001:00005af0       ?detach@?$__crt_unique_heap_ptr@PEAU__crt_stdio_stream_data@@U__crt_internal_free_policy@@@@QEAAPEAPEAU__crt_stdio_stream_data@@XZ 0000000140006af0 f i libucrtd:_file.obj
 0001:00005af0       ?detach@?$__crt_unique_heap_ptr@U__acrt_ptd@@U__crt_internal_free_policy@@@@QEAAPEAU__acrt_ptd@@XZ 0000000140006af0 f i libucrtd:per_thread_data.obj
 0001:00005af0       ?detach@?$__crt_unique_heap_ptr@U__crt_lowio_handle_data@@U__crt_internal_free_policy@@@@QEAAPEAU__crt_lowio_handle_data@@XZ 0000000140006af0 f i libucrtd:osfinfo.obj
 0001:00005af0       ?detach@?$__crt_unique_heap_ptr@U__crt_multibyte_data@@U__crt_internal_free_policy@@@@QEAAPEAU__crt_multibyte_data@@XZ 0000000140006af0 f i libucrtd:wsetlocale.obj
 0001:00005af0       ?detach@?$__crt_unique_heap_ptr@U__vcrt_ptd@@U__crt_internal_free_policy@@@@QEAAPEAU__vcrt_ptd@@XZ 0000000140006af0 f i libvcruntimed:per_thread_data.obj
 0001:00005b60       __vcrt_freefls             0000000140006b60 f   libvcruntimed:per_thread_data.obj
 0001:00005ba0       __vcrt_getptd              0000000140006ba0 f   libvcruntimed:per_thread_data.obj
 0001:00005bd0       __vcrt_getptd_noexit       0000000140006bd0 f   libvcruntimed:per_thread_data.obj
 0001:00005d70       __vcrt_initialize_ptd      0000000140006d70 f   libvcruntimed:per_thread_data.obj
 0001:00005dc0       __vcrt_uninitialize_ptd    0000000140006dc0 f   libvcruntimed:per_thread_data.obj
 0001:00005df0       __vcrt_initialize_locks    0000000140006df0 f   libvcruntimed:locks.obj
 0001:00005e60       __vcrt_uninitialize_locks  0000000140006e60 f   libvcruntimed:locks.obj
 0001:00005ec0       _vsprintf_s_l              0000000140006ec0 f i libvcruntimed:undname.obj
 0001:00005f30       sprintf_s                  0000000140006f30 f i libvcruntimed:undname.obj
 0001:00005f90       ??$__crt_interlocked_exchange_pointer@UHINSTANCE__@@PEAU1@@@YAPEAUHINSTANCE__@@PEDSEAU0@QEAU0@@Z 0000000140006f90 f i libvcruntimed:winapi_downlevel.obj
 0001:00005f90       ??$__crt_interlocked_exchange_pointer@UHINSTANCE__@@PEAX@@YAPEAUHINSTANCE__@@PEDSEAU0@QEAX@Z 0000000140006f90 f i libvcruntimed:winapi_downlevel.obj
 0001:00005f90       ??$__crt_interlocked_exchange_pointer@XPEAX@@YAPEAXPEDSEAXQEAX@Z 0000000140006f90 f i libvcruntimed:winapi_downlevel.obj
 0001:00005fb0       ??$__crt_interlocked_read_pointer@UHINSTANCE__@@@@YAPEAUHINSTANCE__@@PEDSEAU0@@Z 0000000140006fb0 f i libvcruntimed:winapi_downlevel.obj
 0001:00005fb0       ??$__crt_interlocked_read_pointer@X@@YAPEAXPEDSEAX@Z 0000000140006fb0 f i libvcruntimed:winapi_downlevel.obj
 0001:00005fd0       ?get_invalid_value@__crt_findfile_traits@@SAPEAXXZ 0000000140006fd0 f   libucrtd:argv_wildcards.obj
 0001:000064c0       __vcrt_FlsAlloc            00000001400074c0 f   libvcruntimed:winapi_downlevel.obj
 0001:00006510       __vcrt_FlsFree             0000000140007510 f   libvcruntimed:winapi_downlevel.obj
 0001:00006560       __vcrt_FlsGetValue         0000000140007560 f   libvcruntimed:winapi_downlevel.obj
 0001:000065b0       __vcrt_FlsSetValue         00000001400075b0 f   libvcruntimed:winapi_downlevel.obj
 0001:00006610       __vcrt_InitializeCriticalSectionEx 0000000140007610 f   libvcruntimed:winapi_downlevel.obj
 0001:00006680       ??$?0AEAViterator@TryBlockMap@__FrameHandler3@@AEAV012@$0A@@?$pair@Viterator@TryBlockMap@__FrameHandler3@@V123@@std@@QEAA@AEAViterator@TryBlockMap@__FrameHandler3@@0@Z 0000000140007680 f i libvcruntimed:risctrnsctrl.obj
 0001:00006790       ??$_CallSETranslator@V__FrameHandler3@@@@YAHPEAUEHExceptionRecord@@PEA_KPEAU_CONTEXT@@PEAU_xDISPATCHER_CONTEXT@@PEBU_s_FuncInfo@@K1H@Z 0000000140007790 f i libvcruntimed:risctrnsctrl.obj
 0001:00006820       ??0iterator@HandlerMap@__FrameHandler3@@QEAA@AEAV12@I@Z 0000000140007820 f i libvcruntimed:frame.obj
 0001:00006820       ??0iterator@TryBlockMap@__FrameHandler3@@QEAA@AEAV12@I@Z 0000000140007820 f i libvcruntimed:risctrnsctrl.obj
 0001:00006850       ?CatchTryBlock@__FrameHandler3@@SAPEBU_s_TryBlockMapEntry@@PEBU_s_FuncInfo@@H@Z 0000000140007850 f   libvcruntimed:risctrnsctrl.obj
 0001:000068e0       ?ExecutionInCatch@__FrameHandler3@@SA_NPEAU_xDISPATCHER_CONTEXT@@PEBU_s_FuncInfo@@@Z 00000001400078e0 f   libvcruntimed:risctrnsctrl.obj
 0001:00006930       ?FrameUnwindToEmptyState@__FrameHandler3@@SAXPEA_KPEAU_xDISPATCHER_CONTEXT@@PEBU_s_FuncInfo@@@Z 0000000140007930 f   libvcruntimed:risctrnsctrl.obj
 0001:000069d0       ?GetEstablisherFrame@__FrameHandler3@@SAPEA_KPEA_KPEAU_xDISPATCHER_CONTEXT@@PEBU_s_FuncInfo@@0@Z 00000001400079d0 f   libvcruntimed:risctrnsctrl.obj
 0001:00006b40       ?GetRangeOfTrysToCheck@__FrameHandler3@@SA?AU?$pair@Viterator@TryBlockMap@__FrameHandler3@@V123@@std@@AEAVTryBlockMap@1@HPEAU_xDISPATCHER_CONTEXT@@PEBU_s_FuncInfo@@H@Z 0000000140007b40 f   libvcruntimed:risctrnsctrl.obj
 0001:00006d80       ?UnwindNestedFrames@__FrameHandler3@@SAXPEA_KPEAUEHExceptionRecord@@PEAU_CONTEXT@@0PEAXPEBU_s_FuncInfo@@HHPEBU_s_HandlerType@@PEAU_xDISPATCHER_CONTEXT@@E@Z 0000000140007d80 f   libvcruntimed:risctrnsctrl.obj
 0001:00006ef0       _CreateFrameInfo           0000000140007ef0 f   libvcruntimed:risctrnsctrl.obj
 0001:00006f60       _FindAndUnlinkFrame        0000000140007f60 f   libvcruntimed:risctrnsctrl.obj
 0001:00006fe0       _GetImageBase              0000000140007fe0 f   libvcruntimed:risctrnsctrl.obj
 0001:00007000       _GetThrowImageBase         0000000140008000 f   libvcruntimed:risctrnsctrl.obj
 0001:00007020       _SetImageBase              0000000140008020 f   libvcruntimed:risctrnsctrl.obj
 0001:00007040       _SetThrowImageBase         0000000140008040 f   libvcruntimed:risctrnsctrl.obj
 0001:00007060       __CxxFrameHandler3         0000000140008060 f   libvcruntimed:risctrnsctrl.obj
 0001:00007140       ?GetCurrentState@__FrameHandler3@@SAHPEA_KPEAU_xDISPATCHER_CONTEXT@@PEBU_s_FuncInfo@@@Z 0000000140008140 f   libvcruntimed:ehstate.obj
 0001:000071a0       ?GetUnwindTryBlock@__FrameHandler3@@SAHPEA_KPEAU_xDISPATCHER_CONTEXT@@PEBU_s_FuncInfo@@@Z 00000001400081a0 f   libvcruntimed:ehstate.obj
 0001:000071f0       ?SetState@__FrameHandler3@@SAXPEA_KPEBU_s_FuncInfo@@H@Z 00000001400081f0 f   libvcruntimed:ehstate.obj
 0001:00007220       ?SetUnwindTryBlock@__FrameHandler3@@SAXPEA_KPEAU_xDISPATCHER_CONTEXT@@PEBU_s_FuncInfo@@H@Z 0000000140008220 f   libvcruntimed:ehstate.obj
 0001:00007290       ?StateFromControlPc@__FrameHandler3@@SAHPEBU_s_FuncInfo@@PEAU_xDISPATCHER_CONTEXT@@@Z 0000000140008290 f   libvcruntimed:ehstate.obj
 0001:000072d0       ?StateFromIp@__FrameHandler3@@SAHPEBU_s_FuncInfo@@PEAU_xDISPATCHER_CONTEXT@@_K@Z 00000001400082d0 f   libvcruntimed:ehstate.obj
 0001:000073c0       ?__RVAtoRealOffset@@YA_KPEAU_xDISPATCHER_CONTEXT@@H@Z 00000001400083c0 f i libvcruntimed:ehstate.obj
 0001:00008590       ??$TypeMatchHelper@V__FrameHandler3@@@@YAHPEBU_s_HandlerType@@PEBU_s_CatchableType@@PEBU_s_ThrowInfo@@@Z 0000000140009590 f i libvcruntimed:frame.obj
 0001:00008790       ??$__InternalCxxFrameHandler@V__FrameHandler3@@@@YA?AW4_EXCEPTION_DISPOSITION@@PEAUEHExceptionRecord@@PEA_KPEAU_CONTEXT@@PEAU_xDISPATCHER_CONTEXT@@PEBU_s_FuncInfo@@H1E@Z 0000000140009790 f i libvcruntimed:frame.obj
 0001:00008c00       ??$__InternalCxxFrameHandlerWrapper@V__FrameHandler3@@@@YA?AW4_EXCEPTION_DISPOSITION@@PEAUEHExceptionRecord@@PEA_KPEAU_CONTEXT@@PEAU_xDISPATCHER_CONTEXT@@PEBU_s_FuncInfo@@H1E@Z 0000000140009c00 f i libvcruntimed:frame.obj
 0001:00008c70       ??0HandlerMap@__FrameHandler3@@QEAA@PEBU_s_TryBlockMapEntry@@_KI@Z 0000000140009c70 f i libvcruntimed:frame.obj
 0001:00008cc0       ??0TryBlockMap@__FrameHandler3@@QEAA@PEBU_s_FuncInfo@@_K@Z 0000000140009cc0 f i libvcruntimed:frame.obj
 0001:00008cf0       ??0bad_exception@std@@QEAA@AEBV01@@Z 0000000140009cf0 f i libvcruntimed:frame.obj
 0001:00008d30       ??0bad_exception@std@@QEAA@XZ 0000000140009d30 f i libvcruntimed:frame.obj
 0001:00008d70       ??0exception@std@@QEAA@AEBV01@@Z 0000000140009d70 f i libvcruntimed:frame.obj
 0001:00008dd0       ??0exception@std@@QEAA@QEBDH@Z 0000000140009dd0 f i libvcruntimed:frame.obj
 0001:00008e20       ??1bad_exception@std@@UEAA@XZ 0000000140009e20 f i libvcruntimed:frame.obj
 0001:00008e40       ??1exception@std@@UEAA@XZ  0000000140009e40 f i libvcruntimed:frame.obj
 0001:00008e70       ??8iterator@HandlerMap@__FrameHandler3@@QEBA_NAEBV012@@Z 0000000140009e70 f i libvcruntimed:frame.obj
 0001:00008eb0       ??8type_info@@QEBA_NAEBV0@@Z 0000000140009eb0 f i libvcruntimed:frame.obj
 0001:00008f30       ??9iterator@HandlerMap@__FrameHandler3@@QEBA_NAEBV012@@Z 0000000140009f30 f i libvcruntimed:frame.obj
 0001:00008f70       ??Diterator@HandlerMap@__FrameHandler3@@QEAA?BU_s_HandlerType@@XZ 0000000140009f70 f i libvcruntimed:frame.obj
 0001:00008fb0       ??Diterator@TryBlockMap@__FrameHandler3@@QEAA?BU_s_TryBlockMapEntry@@XZ 0000000140009fb0 f i libvcruntimed:frame.obj
 0001:00009000       ??Eiterator@HandlerMap@__FrameHandler3@@QEAAAEAV012@XZ 000000014000a000 f i libvcruntimed:frame.obj
 0001:00009000       ??Eiterator@TryBlockMap@__FrameHandler3@@QEAAAEAV012@XZ 000000014000a000 f i libvcruntimed:frame.obj
 0001:00009020       ??Miterator@TryBlockMap@__FrameHandler3@@QEBA_NAEBV012@@Z 000000014000a020 f i libvcruntimed:frame.obj
 0001:00009060       ??_Ebad_exception@std@@UEAAPEAXI@Z 000000014000a060 f i libvcruntimed:frame.obj
 0001:00009060       ??_Gbad_exception@std@@UEAAPEAXI@Z 000000014000a060 f i libvcruntimed:frame.obj
 0001:000090a0       ??_Eexception@std@@UEAAPEAXI@Z 000000014000a0a0 f i libvcruntimed:frame.obj
 0001:000090a0       ??_Gexception@std@@UEAAPEAXI@Z 000000014000a0a0 f i libvcruntimed:frame.obj
 0001:000090e0       ?BuildCatchObject@__FrameHandler3@@SAXPEAUEHExceptionRecord@@PEAXPEBU_s_HandlerType@@PEBU_s_CatchableType@@@Z 000000014000a0e0 f   libvcruntimed:frame.obj
 0001:00009120       ?CxxCallCatchBlock@__FrameHandler3@@SAPEAXPEAU_EXCEPTION_RECORD@@@Z 000000014000a120 f   libvcruntimed:frame.obj
 0001:00009480       ?FrameUnwindToState@__FrameHandler3@@SAXPEA_KPEAU_xDISPATCHER_CONTEXT@@PEBU_s_FuncInfo@@H@Z 000000014000a480 f   libvcruntimed:frame.obj
 0001:000096d0       ?GetHandlerSearchState@__FrameHandler3@@SAHPEA_KPEAU_xDISPATCHER_CONTEXT@@PEBU_s_FuncInfo@@@Z 000000014000a6d0 f i libvcruntimed:frame.obj
 0001:00009780       ?GetMaxState@__FrameHandler3@@SAHPEAU_xDISPATCHER_CONTEXT@@PEBU_s_FuncInfo@@@Z 000000014000a780 f i libvcruntimed:frame.obj
 0001:00009980       ?TypeMatch@__FrameHandler3@@SAHPEBU_s_HandlerType@@PEBU_s_CatchableType@@PEBU_s_ThrowInfo@@@Z 000000014000a980 f   libvcruntimed:frame.obj
 0001:00009980       __TypeMatch                000000014000a980 f   libvcruntimed:frame.obj
 0001:000099b0       ?_CallMemberFunction1@@YAXQEAX00@Z 000000014000a9b0 f i libvcruntimed:frame.obj
 0001:000099f0       ?_CallMemberFunction2@@YAXQEAX00H@Z 000000014000a9f0 f i libvcruntimed:frame.obj
 0001:00009a80       ?begin@HandlerMap@__FrameHandler3@@QEAA?AViterator@12@XZ 000000014000aa80 f i libvcruntimed:frame.obj
 0001:00009ab0       ?end@HandlerMap@__FrameHandler3@@QEAA?AViterator@12@XZ 000000014000aab0 f i libvcruntimed:frame.obj
 0001:00009ae0       ?getESTypes@__FrameHandler3@@SAPEBU_s_ESTypeList@@PEBU_s_FuncInfo@@@Z 000000014000aae0 f i libvcruntimed:frame.obj
 0001:00009b20       ?getLastEntry@HandlerMap@__FrameHandler3@@QEAAPEBU_s_HandlerType@@XZ 000000014000ab20 f i libvcruntimed:frame.obj
 0001:00009b40       ?getMagicNum@__FrameHandler3@@SAIPEBU_s_FuncInfo@@@Z 000000014000ab40 f i libvcruntimed:frame.obj
 0001:00009b60       ?getNumTryBlocks@TryBlockMap@__FrameHandler3@@QEAAIXZ 000000014000ab60 f i libvcruntimed:frame.obj
 0001:00009b80       ?isEHs@__FrameHandler3@@SA_NPEBU_s_FuncInfo@@@Z 000000014000ab80 f i libvcruntimed:frame.obj
 0001:00009bc0       ?isNoExcept@__FrameHandler3@@SA_NPEBU_s_FuncInfo@@@Z 000000014000abc0 f i libvcruntimed:frame.obj
 0001:00009c00       ?what@exception@std@@UEBAPEBDXZ 000000014000ac00 f i libvcruntimed:frame.obj
 0001:00009c40       __vcrt_EncodePointer       000000014000ac40 f i libvcruntimed:frame.obj
 0001:00009c70       memcpy_avx_ermsb_Intel     000000014000ac70 f   libvcruntimed:memcpy_avx_ermsb_aligned.obj
 0001:0000a0a0       memcpy_avx_ermsb_amd       000000014000b0a0 f   libvcruntimed:memcpy_avx_ermsb_aligned_amd.obj
 0001:0000a4d0       memcpy_sse2_ermsb_Intel    000000014000b4d0 f   libvcruntimed:memcpy_sse2_ermsb_aligned.obj
 0001:0000a780       memcpy_sse2_ermsb_amd      000000014000b780 f   libvcruntimed:memcpy_sse2_ermsb_aligned_amd.obj
 0001:0000aa60       _CallSettingFrame          000000014000ba60 f   libvcruntimed:handlers.obj
 0001:0000aaa0       ??$?RD@__crt_public_free_policy@@QEBAXQEBD@Z 000000014000baa0 f i libvcruntimed:std_exception.obj
 0001:0000aac0       ??1?$__crt_unique_heap_ptr@DU__crt_public_free_policy@@@@QEAA@XZ 000000014000bac0 f i libvcruntimed:std_exception.obj
 0001:0000aae0       ?release@?$__crt_unique_heap_ptr@DU__crt_public_free_policy@@@@QEAAXXZ 000000014000bae0 f i libvcruntimed:std_exception.obj
 0001:0000ab10       __std_exception_copy       000000014000bb10 f   libvcruntimed:std_exception.obj
 0001:0000ac50       __std_exception_destroy    000000014000bc50 f   libvcruntimed:std_exception.obj
 0001:0000ac90       _CxxThrowException         000000014000bc90 f   libvcruntimed:throw.obj
 0001:0000ade0       memcpy_repmovs_Intel       000000014000bde0 f   libvcruntimed:memcpy_repmovs.obj
 0001:0000ae00       memcpy_CopyDown_Intel      000000014000be00 f   libvcruntimed:memcpy_CopyDown.obj
 0001:0000aef0       memcpy_repmovs_amd         000000014000bef0 f   libvcruntimed:memcpy_repmovs_amd.obj
 0001:0000af10       memcpy_CopyDown_amd        000000014000bf10 f   libvcruntimed:memcpy_CopyDown_amd.obj
 0001:0000b060       _seh_filter_exe            000000014000c060 f   libucrtd:exception_filter.obj
 0001:0000b500       __acrt_report_runtime_error 000000014000c500 f   libucrtd:report_runtime_error.obj
 0001:0000b780       _invoke_watson_if_error    000000014000c780 f i libucrtd:report_runtime_error.obj
 0001:0000b7d0       _query_app_type            000000014000c7d0 f   libucrtd:report_runtime_error.obj
 0001:0000b7e0       _set_app_type              000000014000c7e0 f   libucrtd:report_runtime_error.obj
 0001:0000b7f0       ??$__crt_fast_decode_pointer@P6AHPEAU_exception@@@Z@@YAP6AHPEAU_exception@@@ZQ6AH0@Z@Z 000000014000c7f0 f i libucrtd:matherr.obj
 0001:0000b7f0       ??$__crt_fast_decode_pointer@P6AH_K@Z@@YAP6AH_K@ZQ6AH0@Z@Z 000000014000c7f0 f i libucrtd:new_handler.obj
 0001:0000b7f0       ??$__crt_fast_decode_pointer@P6AXH@Z@@YAP6AXH@ZQ6AXH@Z@Z 000000014000c7f0 f i libucrtd:signal.obj
 0001:0000b7f0       ??$__crt_fast_decode_pointer@P6AXPEAXK0@Z@@YAP6AXPEAXK0@ZQ6AX0K0@Z@Z 000000014000c7f0 f i libucrtd:exit.obj
 0001:0000b7f0       ??$__crt_fast_decode_pointer@P6AXPEB_W00I_K@Z@@YAP6AXPEB_W00I_K@ZQ6AX000I1@Z@Z 000000014000c7f0 f i libucrtd:invalid_parameter.obj
 0001:0000b7f0       ??$__crt_fast_decode_pointer@P6AXXZ@@YAP6AXXZQ6AXXZ@Z 000000014000c7f0 f i libucrtd:onexit.obj
 0001:0000b7f0       ??$__crt_fast_decode_pointer@PEAP6AXXZ@@YAPEAP6AXXZQEAP6AXXZ@Z 000000014000c7f0 f i libucrtd:onexit.obj
 0001:0000b7f0       ??$__crt_fast_decode_pointer@PEAX@@YAPEAXQEAX@Z 000000014000c7f0 f i libucrtd:winapi_thunks.obj
 0001:0000b830       ??$__crt_fast_encode_pointer@P6AHPEAU_exception@@@Z@@YAP6AHPEAU_exception@@@ZQ6AH0@Z@Z 000000014000c830 f i libucrtd:matherr.obj
 0001:0000b830       ??$__crt_fast_encode_pointer@P6AHXZ@@YAP6AHXZQ6AHXZ@Z 000000014000c830 f i libucrtd:onexit.obj
 0001:0000b830       ??$__crt_fast_encode_pointer@P6AXH@Z@@YAP6AXH@ZQ6AXH@Z@Z 000000014000c830 f i libucrtd:signal.obj
 0001:0000b830       ??$__crt_fast_encode_pointer@P6AXPEAXK0@Z@@YAP6AXPEAXK0@ZQ6AX0K0@Z@Z 000000014000c830 f i libucrtd:exit.obj
 0001:0000b830       ??$__crt_fast_encode_pointer@P6AXXZ@@YAP6AXXZQ6AXXZ@Z 000000014000c830 f i libucrtd:onexit.obj
 0001:0000b830       ??$__crt_fast_encode_pointer@PEAP6AXXZ@@YAPEAP6AXXZQEAP6AXXZ@Z 000000014000c830 f i libucrtd:onexit.obj
 0001:0000b830       ??$__crt_fast_encode_pointer@PEAX@@YAPEAXQEAX@Z 000000014000c830 f i libucrtd:initialization.obj
 0001:0000b870       ?__crt_rotate_pointer_value@@YA_K_KH@Z 000000014000c870 f i libucrtd:matherr.obj
 0001:0000b890       ?initialize@?$dual_state_global@P6AHPEAU_exception@@@Z@__crt_state_management@@QEAAXQ6AHPEAU_exception@@@Z@Z 000000014000c890 f i libucrtd:matherr.obj
 0001:0000b890       ?initialize@?$dual_state_global@P6AH_K@Z@__crt_state_management@@QEAAXQ6AH_K@Z@Z 000000014000c890 f i libucrtd:new_handler.obj
 0001:0000b890       ?initialize@?$dual_state_global@P6AXH@Z@__crt_state_management@@QEAAXQ6AXH@Z@Z 000000014000c890 f i libucrtd:signal.obj
 0001:0000b890       ?initialize@?$dual_state_global@PEAPEAD@__crt_state_management@@QEAAXQEAPEAD@Z 000000014000c890 f i libucrtd:environment_initialization.obj
 0001:0000b890       ?initialize@?$dual_state_global@PEAU__crt_locale_data@@@__crt_state_management@@QEAAXQEAU__crt_locale_data@@@Z 000000014000c890 f i libucrtd:initialization.obj
 0001:0000b890       ?initialize@?$dual_state_global@PEAU__crt_multibyte_data@@@__crt_state_management@@QEAAXQEAU__crt_multibyte_data@@@Z 000000014000c890 f i libucrtd:mbctype.obj
 0001:0000b8e0       ?value@?$dual_state_global@P6AHPEAU_exception@@@Z@__crt_state_management@@QEAAAEAP6AHPEAU_exception@@@ZXZ 000000014000c8e0 f i libucrtd:matherr.obj
 0001:0000b8e0       ?value@?$dual_state_global@P6AH_K@Z@__crt_state_management@@QEAAAEAP6AH_K@ZXZ 000000014000c8e0 f i libucrtd:new_handler.obj
 0001:0000b8e0       ?value@?$dual_state_global@P6AXH@Z@__crt_state_management@@QEAAAEAP6AXH@ZXZ 000000014000c8e0 f i libucrtd:signal.obj
 0001:0000b8e0       ?value@?$dual_state_global@PEAE@__crt_state_management@@QEAAAEAPEAEXZ 000000014000c8e0 f i libucrtd:mbctype.obj
 0001:0000b8e0       ?value@?$dual_state_global@PEAPEAD@__crt_state_management@@QEAAAEAPEAPEADXZ 000000014000c8e0 f i libucrtd:environment_initialization.obj
 0001:0000b8e0       ?value@?$dual_state_global@PEAU__crt_locale_data@@@__crt_state_management@@QEAAAEAPEAU__crt_locale_data@@XZ 000000014000c8e0 f i libucrtd:wsetlocale.obj
 0001:0000b8e0       ?value@?$dual_state_global@PEAU__crt_multibyte_data@@@__crt_state_management@@QEAAAEAPEAU__crt_multibyte_data@@XZ 000000014000c8e0 f i libucrtd:mbctype.obj
 0001:0000b900       __acrt_has_user_matherr    000000014000c900 f   libucrtd:matherr.obj
 0001:0000b940       __acrt_initialize_user_matherr 000000014000c940 f   libucrtd:matherr.obj
 0001:0000b960       __acrt_invoke_user_matherr 000000014000c960 f   libucrtd:matherr.obj
 0001:0000b9d0       __setusermatherr           000000014000c9d0 f   libucrtd:matherr.obj
 0001:0000bda0       ??$get_module_file_name@$$TAEAY0BAF@DH@?$__crt_char_traits@D@@SAK$$QEA$$TAEAY0BAF@D$$QEAH@Z 000000014000cda0 f i libucrtd:argv_parsing.obj
 0001:0000bda0       ??$get_module_file_name@AEAPEAUHINSTANCE__@@AEAY0BAF@DK@?$__crt_char_traits@D@@SAKAEAPEAUHINSTANCE__@@AEAY0BAF@D$$QEAK@Z 000000014000cda0 f i libucrtd:dbgrpt.obj
 0001:0000c2b0       ??$set_program_name@PEAD@?$__crt_char_traits@D@@SAX$$QEAPEAD@Z 000000014000d2b0 f i libucrtd:argv_parsing.obj
 0001:0000c380       ?dangerous_get_state_array@?$dual_state_global@H@__crt_state_management@@QEAAPEAHXZ 000000014000d380 f i libucrtd:txtmode.obj
 0001:0000c380       ?dangerous_get_state_array@?$dual_state_global@P6AXPEB_W00I_K@Z@__crt_state_management@@QEAAPEAP6AXPEB_W00I_K@ZXZ 000000014000d380 f i libucrtd:invalid_parameter.obj
 0001:0000c380       ?dangerous_get_state_array@?$dual_state_global@PEAE@__crt_state_management@@QEAAPEAPEAEXZ 000000014000d380 f i libucrtd:mbctype.obj
 0001:0000c380       ?dangerous_get_state_array@?$dual_state_global@PEAU__crt_locale_data@@@__crt_state_management@@QEAAPEAPEAU__crt_locale_data@@XZ 000000014000d380 f i libucrtd:per_thread_data.obj
 0001:0000c380       ?dangerous_get_state_array@?$dual_state_global@PEAU__crt_multibyte_data@@@__crt_state_management@@QEAAPEAPEAU__crt_multibyte_data@@XZ 000000014000d380 f i libucrtd:mbctype.obj
 0001:0000c380       ?debug_info@?$__crt_win32_buffer@DU__crt_win32_buffer_internal_dynamic_resizing@@@@QEBAAEBV__crt_win32_buffer_empty_debug_info@@XZ 000000014000d380 f i libucrtd:argv_wildcards.obj
 0001:0000c380       ?debug_info@?$__crt_win32_buffer@DU__crt_win32_buffer_no_resizing@@@@QEBAAEBV__crt_win32_buffer_empty_debug_info@@XZ 000000014000d380 f i libucrtd:getmodulefilenamea.obj
 0001:0000c380       ?debug_info@?$__crt_win32_buffer@_WU__crt_win32_buffer_internal_dynamic_resizing@@@@QEBAAEBV__crt_win32_buffer_empty_debug_info@@XZ 000000014000d380 f i libucrtd:argv_wildcards.obj
 0001:0000c380       ?get_address_of@?$__crt_unique_handle_t@U__crt_hmodule_traits@@@@QEAAPEAPEAUHINSTANCE__@@XZ 000000014000d380 f i libucrtd:exit.obj
 0001:0000c380       ?get_address_of@?$__crt_unique_heap_ptr@PEADU__crt_internal_free_policy@@@@QEAAPEAPEAPEADXZ 000000014000d380 f i libucrtd:argv_parsing.obj
 0001:0000c3f0       __acrt_allocate_buffer_for_argv 000000014000d3f0 f   libucrtd:argv_parsing.obj
 0001:0000c510       _configure_narrow_argv     000000014000d510 f   libucrtd:argv_parsing.obj
 0001:0000c530       _set_pgmptr                000000014000d530 f i libucrtd:argv_parsing.obj
 0001:0000c960       ??$get_environment_from_os@$$V@?$__crt_char_traits@D@@SAPEADXZ 000000014000d960 f i libucrtd:environment_initialization.obj
 0001:0000c970       ??$tcscpy_s@PEADAEB_KAEAPEAD@?$__crt_char_traits@D@@SAH$$QEAPEADAEB_KAEAPEAD@Z 000000014000d970 f i libucrtd:environment_initialization.obj
 0001:0000c9b0       ??$tcslen@AEAPEAD@?$__crt_char_traits@D@@SA_KAEAPEAD@Z 000000014000d9b0 f i libucrtd:environment_initialization.obj
 0001:0000c9b0       ??$tcslen@AEBQEBD@?$__crt_char_traits@D@@SA_KAEBQEBD@Z 000000014000d9b0 f i libucrtd:dbgrpt.obj
 0001:0000c9d0       ??$uninitialize@A6AXAEAPEAPEAD@_E@?$dual_state_global@PEAPEAD@__crt_state_management@@QEAAXA6AXAEAPEAPEAD@_E@Z 000000014000d9d0 f i libucrtd:environment_initialization.obj
 0001:0000ca50       ??$uninitialize@A6AXAEAPEAPEA_W@_E@?$dual_state_global@PEAPEA_W@__crt_state_management@@QEAAXA6AXAEAPEAPEA_W@_E@Z 000000014000da50 f i libucrtd:environment_initialization.obj
 0001:0000cba0       __dcrt_uninitialize_environments_nolock 000000014000dba0 f   libucrtd:environment_initialization.obj
 0001:0000cbf0       _initialize_narrow_environment 000000014000dbf0 f   libucrtd:environment_initialization.obj
 0001:0000cd40       _get_narrow_winmain_command_line 000000014000dd40 f   libucrtd:argv_winmain.obj
 0001:0000cd50       _initterm                  000000014000dd50 f   libucrtd:initterm.obj
 0001:0000cdc0       _initterm_e                000000014000ddc0 f   libucrtd:initterm.obj
 0001:0000ce40       ??$?B$$A6AXH@Z@__crt_fast_encoded_nullptr_t@@QEBAP6AXH@ZXZ 000000014000de40 f i libucrtd:signal.obj
 0001:0000ce40       ??$?B$$A6AXPEAXK0@Z@__crt_fast_encoded_nullptr_t@@QEBAP6AXPEAXK0@ZXZ 000000014000de40 f i libucrtd:exit.obj
 0001:0000ce40       ??$?B$$A6AXXZ@__crt_fast_encoded_nullptr_t@@QEBAP6AXXZXZ 000000014000de40 f i libucrtd:onexit.obj
 0001:0000ce40       ??$?BP6AXXZ@__crt_fast_encoded_nullptr_t@@QEBAPEAP6AXXZXZ 000000014000de40 f i libucrtd:onexit.obj
 0001:0000ce40       ??$?BX@__crt_fast_encoded_nullptr_t@@QEBAPEAXXZ 000000014000de40 f i libucrtd:initialization.obj
 0001:0000cf00       ??$__crt_get_proc_address@P6AXI@Z@@YAP6AXI@ZQEAUHINSTANCE__@@QEBD@Z 000000014000df00 f i libucrtd:exit.obj
 0001:0000cf30       ??$__crt_interlocked_read@J@@YAJPEDJ@Z 000000014000df30 f i libucrtd:exit.obj
 0001:0000cfc0       ??1?$__crt_unique_handle_t@U__crt_hmodule_traits@@@@QEAA@XZ 000000014000dfc0 f i libucrtd:exit.obj
 0001:0000d140       ?__acrt_select_exit_lock@@YA?AW4__acrt_lock_id@@XZ 000000014000e140 f i libucrtd:exit.obj
 0001:0000d150       ?__crt_fast_encode_pointer@@YA?AU__crt_fast_encoded_nullptr_t@@$$T@Z 000000014000e150 f i libucrtd:exit.obj
 0001:0000d170       ?__crt_interlocked_read_32@@YAHPEDH@Z 000000014000e170 f i libucrtd:exit.obj
 0001:0000d1b0       ?close@?$__crt_unique_handle_t@U__crt_hmodule_traits@@@@QEAAXXZ 000000014000e1b0 f i libucrtd:exit.obj
 0001:0000d1f0       ?close@__crt_hmodule_traits@@SA_NPEAUHINSTANCE__@@@Z 000000014000e1f0 f i libucrtd:exit.obj
 0001:0000d4b0       __acrt_initialize_thread_local_exit_callback 000000014000e4b0 f   libucrtd:exit.obj
 0001:0000d4d0       _c_exit                    000000014000e4d0 f   libucrtd:exit.obj
 0001:0000d4f0       _cexit                     000000014000e4f0 f   libucrtd:exit.obj
 0001:0000d510       _exit                      000000014000e510 f   libucrtd:exit.obj
 0001:0000d530       _register_thread_local_exe_atexit_callback 000000014000e530 f   libucrtd:exit.obj
 0001:0000d580       exit                       000000014000e580 f   libucrtd:exit.obj
 0001:0000d5a0       ?value@?$dual_state_global@H@__crt_state_management@@QEAAAEAHXZ 000000014000e5a0 f i libucrtd:setmode.obj
 0001:0000d5a0       ?value@?$dual_state_global@J@__crt_state_management@@QEAAAEAJXZ 000000014000e5a0 f i libucrtd:new_mode.obj
 0001:0000d5c0       _set_fmode                 000000014000e5c0 f   libucrtd:setmode.obj
 0001:0000d820       __acrt_disable_global_locale_sync 000000014000e820 f i libucrtd:wsetlocale.obj
 0001:0000d850       __acrt_enable_global_locale_sync 000000014000e850 f i libucrtd:wsetlocale.obj
 0001:0000d880       __acrt_set_locale_changed  000000014000e880 f   libucrtd:wsetlocale.obj
 0001:0000d890       __acrt_uninitialize_locale 000000014000e890 f   libucrtd:wsetlocale.obj
 0001:0000d8c0       __ascii_tolower            000000014000e8c0 f i libucrtd:wsetlocale.obj
 0001:0000d8e0       __ascii_towlower           000000014000e8e0 f i libucrtd:wsetlocale.obj
 0001:0000d900       _configthreadlocale        000000014000e900 f   libucrtd:wsetlocale.obj
 0001:0000da60       _query_new_mode            000000014000ea60 f   libucrtd:new_mode.obj
 0001:0000da80       _set_new_mode              000000014000ea80 f   libucrtd:new_mode.obj
 0001:0000db50       __p__commode               000000014000eb50 f   libucrtd:ncommode.obj
 0001:0000e230       _crt_atexit                000000014000f230 f   libucrtd:onexit.obj
 0001:0000e250       _execute_onexit_table      000000014000f250 f   libucrtd:onexit.obj
 0001:0000e290       _initialize_onexit_table   000000014000f290 f   libucrtd:onexit.obj
 0001:0000e310       _register_onexit_function  000000014000f310 f   libucrtd:onexit.obj
 0001:0000e3b0       __acrt_uninitialize_command_line 000000014000f3b0 f   libucrtd:argv_data.obj
 0001:0000e620       __acrt_initialize          000000014000f620 f   libucrtd:initialization.obj
 0001:0000e650       __acrt_uninitialize        000000014000f650 f   libucrtd:initialization.obj
 0001:0000e680       terminate                  000000014000f680 f   libucrtd:terminate.obj
 0001:0000e6d0       ??0_LocaleUpdate@@QEAA@QEAU__crt_locale_pointers@@@Z 000000014000f6d0 f i libucrtd:debug_heap.obj
 0001:0000e7f0       ??1_LocaleUpdate@@QEAA@XZ  000000014000f7f0 f i libucrtd:debug_heap.obj
 0001:0000e820       ?GetLocaleT@_LocaleUpdate@@QEAAPEAU__crt_locale_pointers@@XZ 000000014000f820 f i libucrtd:debug_heap.obj
 0001:00010bd0       _CrtCheckMemory            0000000140011bd0 f   libucrtd:debug_heap.obj
 0001:00010d60       _CrtDumpMemoryLeaks        0000000140011d60 f   libucrtd:debug_heap.obj
 0001:00010e20       _CrtIsValidHeapPointer     0000000140011e20 f   libucrtd:debug_heap.obj
 0001:00010e70       _CrtIsValidPointer         0000000140011e70 f   libucrtd:debug_heap.obj
 0001:00010eb0       _CrtMemCheckpoint          0000000140011eb0 f   libucrtd:debug_heap.obj
 0001:00011130       _CrtMemDumpAllObjectsSince 0000000140012130 f   libucrtd:debug_heap.obj
 0001:00011190       _CrtSetDbgFlag             0000000140012190 f   libucrtd:debug_heap.obj
 0001:000112f0       _CrtSetDumpClient          00000001400122f0 f   libucrtd:debug_heap.obj
 0001:00011320       __acrt_get_locale_data_prefix 0000000140012320 f i libucrtd:debug_heap.obj
 0001:00011340       __acrt_locale_changed      0000000140012340 f i libucrtd:debug_heap.obj
 0001:00011370       _calloc_dbg                0000000140012370 f   libucrtd:debug_heap.obj
 0001:00011410       _chvalidchk_l              0000000140012410 f i libucrtd:debug_heap.obj
 0001:00011440       _free_dbg                  0000000140012440 f   libucrtd:debug_heap.obj
 0001:000114b0       _invoke_watson_if_oneof    00000001400124b0 f i libucrtd:debug_heap.obj
 0001:00011510       _ischartype_l              0000000140012510 f i libucrtd:debug_heap.obj
 0001:000115a0       _malloc_dbg                00000001400125a0 f   libucrtd:debug_heap.obj
 0001:000115e0       _msize_dbg                 00000001400125e0 f   libucrtd:debug_heap.obj
 0001:00011780       _realloc_dbg               0000000140012780 f   libucrtd:debug_heap.obj
 0001:000117f0       _recalloc_dbg              00000001400127f0 f   libucrtd:debug_heap.obj
 0001:00011dd0       strcpy_s                   0000000140012dd0 f   libucrtd:strcpy_s.obj
 0001:00011e10       strcmp                     0000000140012e10 f   libucrtd:strcmp.obj
 0001:00011e90       strlen                     0000000140012e90 f   libucrtd:strlen.obj
 0001:00011f40       abort                      0000000140012f40 f   libucrtd:abort.obj
 0001:00011fc0       ??$initialize_from_array@$$BY00Q6AXPEB_W00I_K@Z@?$dual_state_global@P6AXPEB_W00I_K@Z@__crt_state_management@@QEAAXAEAY00Q6AXPEB_W00I_K@Z@Z 0000000140012fc0 f i libucrtd:invalid_parameter.obj
 0001:00012020       ??0?$cached@H@__crt_cached_ptd_host@@QEAA@XZ 0000000140013020 f i libucrtd:invalid_parameter.obj
 0001:00012020       ??0?$cached@K@__crt_cached_ptd_host@@QEAA@XZ 0000000140013020 f i libucrtd:invalid_parameter.obj
 0001:00012040       ??0__crt_cached_ptd_host@@QEAA@QEAU__crt_locale_pointers@@@Z 0000000140013040 f i libucrtd:invalid_parameter.obj
 0001:00012100       ??0__crt_scoped_get_last_error_reset@@QEAA@XZ 0000000140013100 f i libucrtd:invalid_parameter.obj
 0001:00012120       ??1__crt_cached_ptd_host@@QEAA@XZ 0000000140013120 f i libucrtd:invalid_parameter.obj
 0001:000121d0       ??1__crt_scoped_get_last_error_reset@@QEAA@XZ 00000001400131d0 f i libucrtd:invalid_parameter.obj
 0001:000121f0       ?check_synchronize_global_state_index@__crt_cached_ptd_host@@AEAA_KAEBV__crt_scoped_get_last_error_reset@@@Z 00000001400131f0 f i libucrtd:invalid_parameter.obj
 0001:00012230       ?check_synchronize_global_state_index@__crt_cached_ptd_host@@AEAA_KXZ 0000000140013230 f i libucrtd:invalid_parameter.obj
 0001:00012290       ?check_synchronize_per_thread_data@__crt_cached_ptd_host@@AEAAPEAU__acrt_ptd@@XZ 0000000140013290 f i libucrtd:invalid_parameter.obj
 0001:000122d0       ?force_synchronize_global_state_index@__crt_cached_ptd_host@@AEAA_KAEBV__crt_scoped_get_last_error_reset@@@Z 00000001400132d0 f i libucrtd:invalid_parameter.obj
 0001:00012310       ?force_synchronize_per_thread_data@__crt_cached_ptd_host@@AEAAPEAU__acrt_ptd@@XZ 0000000140013310 f i libucrtd:invalid_parameter.obj
 0001:00012370       ?get_current_global_state_index@__crt_cached_ptd_host@@QEAA_KXZ 0000000140013370 f i libucrtd:invalid_parameter.obj
 0001:00012390       ?get_raw_ptd@__crt_cached_ptd_host@@QEAAPEAU__acrt_ptd@@XZ 0000000140013390 f i libucrtd:invalid_parameter.obj
 0001:000123b0       ?get_raw_ptd_noexit@__crt_cached_ptd_host@@QEAAPEAU__acrt_ptd@@XZ 00000001400133b0 f i libucrtd:invalid_parameter.obj
 0001:000123d0       ?try_synchronize_per_thread_data@__crt_cached_ptd_host@@AEAAPEAU__acrt_ptd@@XZ 00000001400133d0 f i libucrtd:invalid_parameter.obj
 0001:00012400       ?unsafe_value@?$cached@H@__crt_cached_ptd_host@@QEAAHXZ 0000000140013400 f i libucrtd:invalid_parameter.obj
 0001:00012400       ?unsafe_value@?$cached@K@__crt_cached_ptd_host@@QEAAKXZ 0000000140013400 f i libucrtd:invalid_parameter.obj
 0001:00012410       ?valid@?$cached@H@__crt_cached_ptd_host@@QEBA_NXZ 0000000140013410 f i libucrtd:invalid_parameter.obj
 0001:00012410       ?valid@?$cached@K@__crt_cached_ptd_host@@QEBA_NXZ 0000000140013410 f i libucrtd:invalid_parameter.obj
 0001:00012420       ?value@?$dual_state_global@P6AXPEB_W00I_K@Z@__crt_state_management@@QEAAAEAP6AXPEB_W00I_K@ZAEAV__crt_cached_ptd_host@@@Z 0000000140013420 f i libucrtd:invalid_parameter.obj
 0001:00012450       __acrt_call_reportfault    0000000140013450 f   libucrtd:invalid_parameter.obj
 0001:00012580       __acrt_initialize_invalid_parameter_handler 0000000140013580 f   libucrtd:invalid_parameter.obj
 0001:000125b0       _invalid_parameter         00000001400135b0 f   libucrtd:invalid_parameter.obj
 0001:00012620       _invalid_parameter_internal 0000000140013620 f   libucrtd:invalid_parameter.obj
 0001:00012770       _invalid_parameter_noinfo  0000000140013770 f   libucrtd:invalid_parameter.obj
 0001:000127a0       _invoke_watson             00000001400137a0 f   libucrtd:invalid_parameter.obj
 0001:00012800       ??$?0AEBV?$string_output_adapter@D@__crt_stdio_output@@AEB_KAEBQEBDAEAV__crt_cached_ptd_host@@AEBQEAD@?$format_validation_base@DV?$string_output_adapter@D@__crt_stdio_output@@@__crt_stdio_output@@IEAA@AEBV?$string_output_adapter@D@1@AEB_KAEBQEBDAEAV__crt_cached_ptd_host@@AEBQEAD@Z 0000000140013800 f i libucrtd:output.obj
 0001:00012850       ??$?0AEBV?$string_output_adapter@D@__crt_stdio_output@@AEB_KAEBQEBDAEAV__crt_cached_ptd_host@@AEBQEAD@?$standard_base@DV?$string_output_adapter@D@__crt_stdio_output@@@__crt_stdio_output@@IEAA@AEBV?$string_output_adapter@D@1@AEB_KAEBQEBDAEAV__crt_cached_ptd_host@@AEBQEAD@Z 0000000140013850 f i libucrtd:output.obj
 0001:000128c0       ??$?0AEBV?$string_output_adapter@_W@__crt_stdio_output@@AEB_KAEBQEB_WAEAV__crt_cached_ptd_host@@AEBQEAD@?$format_validation_base@_WV?$string_output_adapter@_W@__crt_stdio_output@@@__crt_stdio_output@@IEAA@AEBV?$string_output_adapter@_W@1@AEB_KAEBQEB_WAEAV__crt_cached_ptd_host@@AEBQEAD@Z 00000001400138c0 f i libucrtd:output.obj
 0001:00012910       ??$?0AEBV?$string_output_adapter@_W@__crt_stdio_output@@AEB_KAEBQEB_WAEAV__crt_cached_ptd_host@@AEBQEAD@?$standard_base@_WV?$string_output_adapter@_W@__crt_stdio_output@@@__crt_stdio_output@@IEAA@AEBV?$string_output_adapter@_W@1@AEB_KAEBQEB_WAEAV__crt_cached_ptd_host@@AEBQEAD@Z 0000000140013910 f i libucrtd:output.obj
 0001:00012980       ??$_tcstol_internal@DPEAPEAD$0A@@@YAJAEAV__crt_cached_ptd_host@@QEBDQEAPEADH@Z 0000000140013980 f i libucrtd:output.obj
 0001:000129d0       ??$_tcstol_internal@_WPEAPEA_W$0A@@@YAJAEAV__crt_cached_ptd_host@@QEB_WQEAPEA_WH@Z 00000001400139d0 f i libucrtd:output.obj
 0001:000145a0       ??$count@D@formatting_buffer@__crt_stdio_output@@QEBA_KXZ 00000001400155a0 f i libucrtd:output.obj
 0001:000145f0       ??$count@_W@formatting_buffer@__crt_stdio_output@@QEBA_KXZ 00000001400155f0 f i libucrtd:output.obj
 0001:00014640       ??$data@D@formatting_buffer@__crt_stdio_output@@QEAAPEADXZ 0000000140015640 f i libucrtd:output.obj
 0001:00014640       ??$data@_W@formatting_buffer@__crt_stdio_output@@QEAAPEA_WXZ 0000000140015640 f i libucrtd:output.obj
 0001:00014690       ??$ensure_buffer_is_big_enough@D@formatting_buffer@__crt_stdio_output@@QEAA_N_KAEAV__crt_cached_ptd_host@@@Z 0000000140015690 f i libucrtd:output.obj
 0001:000147d0       ??$ensure_buffer_is_big_enough@_W@formatting_buffer@__crt_stdio_output@@QEAA_N_KAEAV__crt_cached_ptd_host@@@Z 00000001400157d0 f i libucrtd:output.obj
 0001:00014910       ??$extract_argument_from_va_list@C_J@?$standard_base@DV?$string_output_adapter@D@__crt_stdio_output@@@__crt_stdio_output@@IEAA_NAEA_J@Z 0000000140015910 f i libucrtd:output.obj
 0001:00014910       ??$extract_argument_from_va_list@C_J@?$standard_base@_WV?$string_output_adapter@_W@__crt_stdio_output@@@__crt_stdio_output@@IEAA_NAEA_J@Z 0000000140015910 f i libucrtd:output.obj
 0001:00014950       ??$extract_argument_from_va_list@E_J@?$standard_base@DV?$string_output_adapter@D@__crt_stdio_output@@@__crt_stdio_output@@IEAA_NAEA_J@Z 0000000140015950 f i libucrtd:output.obj
 0001:00014950       ??$extract_argument_from_va_list@E_J@?$standard_base@_WV?$string_output_adapter@_W@__crt_stdio_output@@@__crt_stdio_output@@IEAA_NAEA_J@Z 0000000140015950 f i libucrtd:output.obj
 0001:00014990       ??$extract_argument_from_va_list@F_J@?$standard_base@DV?$string_output_adapter@D@__crt_stdio_output@@@__crt_stdio_output@@IEAA_NAEA_J@Z 0000000140015990 f i libucrtd:output.obj
 0001:00014990       ??$extract_argument_from_va_list@F_J@?$standard_base@_WV?$string_output_adapter@_W@__crt_stdio_output@@@__crt_stdio_output@@IEAA_NAEA_J@Z 0000000140015990 f i libucrtd:output.obj
 0001:000149d0       ??$extract_argument_from_va_list@GD@?$standard_base@DV?$string_output_adapter@D@__crt_stdio_output@@@__crt_stdio_output@@IEAA_NAEAD@Z 00000001400159d0 f i libucrtd:output.obj
 0001:00014a00       ??$extract_argument_from_va_list@G_J@?$standard_base@DV?$string_output_adapter@D@__crt_stdio_output@@@__crt_stdio_output@@IEAA_NAEA_J@Z 0000000140015a00 f i libucrtd:output.obj
 0001:00014a00       ??$extract_argument_from_va_list@G_J@?$standard_base@_WV?$string_output_adapter@_W@__crt_stdio_output@@@__crt_stdio_output@@IEAA_NAEA_J@Z 0000000140015a00 f i libucrtd:output.obj
 0001:00014a40       ??$extract_argument_from_va_list@H_J@?$standard_base@DV?$string_output_adapter@D@__crt_stdio_output@@@__crt_stdio_output@@IEAA_NAEA_J@Z 0000000140015a40 f i libucrtd:output.obj
 0001:00014a40       ??$extract_argument_from_va_list@H_J@?$standard_base@_WV?$string_output_adapter@_W@__crt_stdio_output@@@__crt_stdio_output@@IEAA_NAEA_J@Z 0000000140015a40 f i libucrtd:output.obj
 0001:00014a70       ??$extract_argument_from_va_list@I_J@?$standard_base@DV?$string_output_adapter@D@__crt_stdio_output@@@__crt_stdio_output@@IEAA_NAEA_J@Z 0000000140015a70 f i libucrtd:output.obj
 0001:00014a70       ??$extract_argument_from_va_list@I_J@?$standard_base@_WV?$string_output_adapter@_W@__crt_stdio_output@@@__crt_stdio_output@@IEAA_NAEA_J@Z 0000000140015a70 f i libucrtd:output.obj
 0001:00014aa0       ??$extract_argument_from_va_list@PEADPEAD@?$standard_base@DV?$string_output_adapter@D@__crt_stdio_output@@@__crt_stdio_output@@IEAA_NAEAPEAD@Z 0000000140015aa0 f i libucrtd:output.obj
 0001:00014aa0       ??$extract_argument_from_va_list@PEADPEAD@?$standard_base@_WV?$string_output_adapter@_W@__crt_stdio_output@@@__crt_stdio_output@@IEAA_NAEAPEAD@Z 0000000140015aa0 f i libucrtd:output.obj
 0001:00014aa0       ??$extract_argument_from_va_list@PEAUansi_string@?1??type_case_Z@?$output_processor@DV?$string_output_adapter@D@__crt_stdio_output@@V?$format_validation_base@DV?$string_output_adapter@D@__crt_stdio_output@@@2@@__crt_stdio_output@@AEAA_NXZ@PEAU1?1??234@AEAA_NXZ@@?$standard_base@DV?$string_output_adapter@D@__crt_stdio_output@@@__crt_stdio_output@@IEAA_NAEAPEAUansi_string@?1??type_case_Z@?$output_processor@DV?$string_output_adapter@D@__crt_stdio_output@@V?$format_validation_base@DV?$string_output_adapter@D@__crt_stdio_output@@@2@@1@AEAA_NXZ@@Z 0000000140015aa0 f i libucrtd:output.obj
 0001:00014aa0       ??$extract_argument_from_va_list@PEAUansi_string@?1??type_case_Z@?$output_processor@_WV?$string_output_adapter@_W@__crt_stdio_output@@V?$format_validation_base@_WV?$string_output_adapter@_W@__crt_stdio_output@@@2@@__crt_stdio_output@@AEAA_NXZ@PEAU1?1??234@AEAA_NXZ@@?$standard_base@_WV?$string_output_adapter@_W@__crt_stdio_output@@@__crt_stdio_output@@IEAA_NAEAPEAUansi_string@?1??type_case_Z@?$output_processor@_WV?$string_output_adapter@_W@__crt_stdio_output@@V?$format_validation_base@_WV?$string_output_adapter@_W@__crt_stdio_output@@@2@@1@AEAA_NXZ@@Z 0000000140015aa0 f i libucrtd:output.obj
 0001:00014aa0       ??$extract_argument_from_va_list@PEAXPEAX@?$standard_base@DV?$string_output_adapter@D@__crt_stdio_output@@@__crt_stdio_output@@IEAA_NAEAPEAX@Z 0000000140015aa0 f i libucrtd:output.obj
 0001:00014aa0       ??$extract_argument_from_va_list@PEAXPEAX@?$standard_base@_WV?$string_output_adapter@_W@__crt_stdio_output@@@__crt_stdio_output@@IEAA_NAEAPEAX@Z 0000000140015aa0 f i libucrtd:output.obj
 0001:00014aa0       ??$extract_argument_from_va_list@_J_J@?$standard_base@DV?$string_output_adapter@D@__crt_stdio_output@@@__crt_stdio_output@@IEAA_NAEA_J@Z 0000000140015aa0 f i libucrtd:output.obj
 0001:00014aa0       ??$extract_argument_from_va_list@_J_J@?$standard_base@_WV?$string_output_adapter@_W@__crt_stdio_output@@@__crt_stdio_output@@IEAA_NAEA_J@Z 0000000140015aa0 f i libucrtd:output.obj
 0001:00014aa0       ??$extract_argument_from_va_list@_K_J@?$standard_base@DV?$string_output_adapter@D@__crt_stdio_output@@@__crt_stdio_output@@IEAA_NAEA_J@Z 0000000140015aa0 f i libucrtd:output.obj
 0001:00014aa0       ??$extract_argument_from_va_list@_K_J@?$standard_base@_WV?$string_output_adapter@_W@__crt_stdio_output@@@__crt_stdio_output@@IEAA_NAEA_J@Z 0000000140015aa0 f i libucrtd:output.obj
 0001:00014ad0       ??$extract_argument_from_va_list@U_CRT_DOUBLE@@U1@@?$standard_base@DV?$string_output_adapter@D@__crt_stdio_output@@@__crt_stdio_output@@IEAA_NAEAU_CRT_DOUBLE@@@Z 0000000140015ad0 f i libucrtd:output.obj
 0001:00014ad0       ??$extract_argument_from_va_list@U_CRT_DOUBLE@@U1@@?$standard_base@_WV?$string_output_adapter@_W@__crt_stdio_output@@@__crt_stdio_output@@IEAA_NAEAU_CRT_DOUBLE@@@Z 0000000140015ad0 f i libucrtd:output.obj
 0001:00014b20       ??$extract_argument_from_va_list@_W_W@?$standard_base@DV?$string_output_adapter@D@__crt_stdio_output@@@__crt_stdio_output@@IEAA_NAEA_W@Z 0000000140015b20 f i libucrtd:output.obj
 0001:00014b20       ??$extract_argument_from_va_list@_W_W@?$standard_base@_WV?$string_output_adapter@_W@__crt_stdio_output@@@__crt_stdio_output@@IEAA_NAEA_W@Z 0000000140015b20 f i libucrtd:output.obj
 0001:00014b50       ??$is_overflow_condition@K@__crt_strtox@@YA_NIK@Z 0000000140015b50 f i libucrtd:output.obj
 0001:00014bc0       ??$is_wide_character_specifier@D@__crt_stdio_output@@YA_N_KDW4length_modifier@0@@Z 0000000140015bc0 f i libucrtd:output.obj
 0001:00014c60       ??$is_wide_character_specifier@_W@__crt_stdio_output@@YA_N_K_WW4length_modifier@0@@Z 0000000140015c60 f i libucrtd:output.obj
 0001:00014d30       ??$make_c_string_character_source@DPEAPEAD@__crt_strtox@@YA?AV?$c_string_character_source@D@0@QEBDQEAPEAD@Z 0000000140015d30 f i libucrtd:output.obj
 0001:00014d30       ??$make_c_string_character_source@_WPEAPEA_W@__crt_strtox@@YA?AV?$c_string_character_source@_W@0@QEB_WQEAPEA_W@Z 0000000140015d30 f i libucrtd:output.obj
 0001:00014d70       ??$parse_integer@KV?$c_string_character_source@D@__crt_strtox@@$0A@@__crt_strtox@@YAKAEAV__crt_cached_ptd_host@@V?$c_string_character_source@D@0@H_N@Z 0000000140015d70 f i libucrtd:output.obj
 0001:000151f0       ??$parse_integer@KV?$c_string_character_source@_W@__crt_strtox@@$0A@@__crt_strtox@@YAKAEAV__crt_cached_ptd_host@@V?$c_string_character_source@_W@0@H_N@Z 00000001400161f0 f i libucrtd:output.obj
 0001:00015670       ??$read_va_arg@C@__crt_stdio_output@@YACAEAPEAD@Z 0000000140016670 f i libucrtd:output.obj
 0001:00015670       ??$read_va_arg@E@__crt_stdio_output@@YAEAEAPEAD@Z 0000000140016670 f i libucrtd:output.obj
 0001:000156e0       ??$read_va_arg@F@__crt_stdio_output@@YAFAEAPEAD@Z 00000001400166e0 f i libucrtd:output.obj
 0001:000156e0       ??$read_va_arg@G@__crt_stdio_output@@YAGAEAPEAD@Z 00000001400166e0 f i libucrtd:output.obj
 0001:000156e0       ??$read_va_arg@_W@__crt_stdio_output@@YA_WAEAPEAD@Z 00000001400166e0 f i libucrtd:output.obj
 0001:00015750       ??$read_va_arg@H@__crt_stdio_output@@YAHAEAPEAD@Z 0000000140016750 f i libucrtd:output.obj
 0001:00015750       ??$read_va_arg@I@__crt_stdio_output@@YAIAEAPEAD@Z 0000000140016750 f i libucrtd:output.obj
 0001:000157b0       ??$read_va_arg@PEAD@__crt_stdio_output@@YAPEADAEAPEAD@Z 00000001400167b0 f i libucrtd:output.obj
 0001:000157b0       ??$read_va_arg@PEAUansi_string@?1??type_case_Z@?$output_processor@DV?$string_output_adapter@D@__crt_stdio_output@@V?$format_validation_base@DV?$string_output_adapter@D@__crt_stdio_output@@@2@@__crt_stdio_output@@AEAA_NXZ@@__crt_stdio_output@@YAPEAUansi_string@?1??type_case_Z@?$output_processor@DV?$string_output_adapter@D@__crt_stdio_output@@V?$format_validation_base@DV?$string_output_adapter@D@__crt_stdio_output@@@2@@0@AEAA_NXZ@AEAPEAD@Z 00000001400167b0 f i libucrtd:output.obj
 0001:000157b0       ??$read_va_arg@PEAUansi_string@?1??type_case_Z@?$output_processor@_WV?$string_output_adapter@_W@__crt_stdio_output@@V?$format_validation_base@_WV?$string_output_adapter@_W@__crt_stdio_output@@@2@@__crt_stdio_output@@AEAA_NXZ@@__crt_stdio_output@@YAPEAUansi_string@?1??type_case_Z@?$output_processor@_WV?$string_output_adapter@_W@__crt_stdio_output@@V?$format_validation_base@_WV?$string_output_adapter@_W@__crt_stdio_output@@@2@@0@AEAA_NXZ@AEAPEAD@Z 00000001400167b0 f i libucrtd:output.obj
 0001:000157b0       ??$read_va_arg@PEAX@__crt_stdio_output@@YAPEAXAEAPEAD@Z 00000001400167b0 f i libucrtd:output.obj
 0001:000157b0       ??$read_va_arg@U_CRT_DOUBLE@@@__crt_stdio_output@@YA?AU_CRT_DOUBLE@@AEAPEAD@Z 00000001400167b0 f i libucrtd:output.obj
 0001:000157b0       ??$read_va_arg@_J@__crt_stdio_output@@YA_JAEAPEAD@Z 00000001400167b0 f i libucrtd:output.obj
 0001:000157b0       ??$read_va_arg@_K@__crt_stdio_output@@YA_KAEAPEAD@Z 00000001400167b0 f i libucrtd:output.obj
 0001:00015820       ??$scratch_count@D@formatting_buffer@__crt_stdio_output@@QEBA_KXZ 0000000140016820 f i libucrtd:output.obj
 0001:00015840       ??$scratch_data@D@formatting_buffer@__crt_stdio_output@@QEAAPEADXZ 0000000140016840 f i libucrtd:output.obj
 0001:000158b0       ??$type_case_integer@$07@?$output_processor@DV?$string_output_adapter@D@__crt_stdio_output@@V?$format_validation_base@DV?$string_output_adapter@D@__crt_stdio_output@@@2@@__crt_stdio_output@@AEAA_N_N@Z 00000001400168b0 f i libucrtd:output.obj
 0001:00015d30       ??$type_case_integer@$07@?$output_processor@_WV?$string_output_adapter@_W@__crt_stdio_output@@V?$format_validation_base@_WV?$string_output_adapter@_W@__crt_stdio_output@@@2@@__crt_stdio_output@@AEAA_N_N@Z 0000000140016d30 f i libucrtd:output.obj
 0001:000161b0       ??$type_case_integer@$09@?$output_processor@DV?$string_output_adapter@D@__crt_stdio_output@@V?$format_validation_base@DV?$string_output_adapter@D@__crt_stdio_output@@@2@@__crt_stdio_output@@AEAA_N_N@Z 00000001400171b0 f i libucrtd:output.obj
 0001:00016630       ??$type_case_integer@$09@?$output_processor@_WV?$string_output_adapter@_W@__crt_stdio_output@@V?$format_validation_base@_WV?$string_output_adapter@_W@__crt_stdio_output@@@2@@__crt_stdio_output@@AEAA_N_N@Z 0000000140017630 f i libucrtd:output.obj
 0001:00016ab0       ??$type_case_integer@$0BA@@?$output_processor@DV?$string_output_adapter@D@__crt_stdio_output@@V?$format_validation_base@DV?$string_output_adapter@D@__crt_stdio_output@@@2@@__crt_stdio_output@@AEAA_N_N@Z 0000000140017ab0 f i libucrtd:output.obj
 0001:00016f30       ??$type_case_integer@$0BA@@?$output_processor@_WV?$string_output_adapter@_W@__crt_stdio_output@@V?$format_validation_base@_WV?$string_output_adapter@_W@__crt_stdio_output@@@2@@__crt_stdio_output@@AEAA_N_N@Z 0000000140017f30 f i libucrtd:output.obj
 0001:000173b0       ??$type_case_integer_parse_into_buffer@I$07@?$output_processor@DV?$string_output_adapter@D@__crt_stdio_output@@V?$format_validation_base@DV?$string_output_adapter@D@__crt_stdio_output@@@2@@__crt_stdio_output@@AEAAXI_N@Z 00000001400183b0 f i libucrtd:output.obj
 0001:000174e0       ??$type_case_integer_parse_into_buffer@I$07@?$output_processor@_WV?$string_output_adapter@_W@__crt_stdio_output@@V?$format_validation_base@_WV?$string_output_adapter@_W@__crt_stdio_output@@@2@@__crt_stdio_output@@AEAAXI_N@Z 00000001400184e0 f i libucrtd:output.obj
 0001:00017620       ??$type_case_integer_parse_into_buffer@I$09@?$output_processor@DV?$string_output_adapter@D@__crt_stdio_output@@V?$format_validation_base@DV?$string_output_adapter@D@__crt_stdio_output@@@2@@__crt_stdio_output@@AEAAXI_N@Z 0000000140018620 f i libucrtd:output.obj
 0001:00017750       ??$type_case_integer_parse_into_buffer@I$09@?$output_processor@_WV?$string_output_adapter@_W@__crt_stdio_output@@V?$format_validation_base@_WV?$string_output_adapter@_W@__crt_stdio_output@@@2@@__crt_stdio_output@@AEAAXI_N@Z 0000000140018750 f i libucrtd:output.obj
 0001:00017890       ??$type_case_integer_parse_into_buffer@I$0BA@@?$output_processor@DV?$string_output_adapter@D@__crt_stdio_output@@V?$format_validation_base@DV?$string_output_adapter@D@__crt_stdio_output@@@2@@__crt_stdio_output@@AEAAXI_N@Z 0000000140018890 f i libucrtd:output.obj
 0001:000179c0       ??$type_case_integer_parse_into_buffer@I$0BA@@?$output_processor@_WV?$string_output_adapter@_W@__crt_stdio_output@@V?$format_validation_base@_WV?$string_output_adapter@_W@__crt_stdio_output@@@2@@__crt_stdio_output@@AEAAXI_N@Z 00000001400189c0 f i libucrtd:output.obj
 0001:00017b00       ??$type_case_integer_parse_into_buffer@_K$07@?$output_processor@DV?$string_output_adapter@D@__crt_stdio_output@@V?$format_validation_base@DV?$string_output_adapter@D@__crt_stdio_output@@@2@@__crt_stdio_output@@AEAAX_K_N@Z 0000000140018b00 f i libucrtd:output.obj
 0001:00017c40       ??$type_case_integer_parse_into_buffer@_K$07@?$output_processor@_WV?$string_output_adapter@_W@__crt_stdio_output@@V?$format_validation_base@_WV?$string_output_adapter@_W@__crt_stdio_output@@@2@@__crt_stdio_output@@AEAAX_K_N@Z 0000000140018c40 f i libucrtd:output.obj
 0001:00017d80       ??$type_case_integer_parse_into_buffer@_K$09@?$output_processor@DV?$string_output_adapter@D@__crt_stdio_output@@V?$format_validation_base@DV?$string_output_adapter@D@__crt_stdio_output@@@2@@__crt_stdio_output@@AEAAX_K_N@Z 0000000140018d80 f i libucrtd:output.obj
 0001:00017ec0       ??$type_case_integer_parse_into_buffer@_K$09@?$output_processor@_WV?$string_output_adapter@_W@__crt_stdio_output@@V?$format_validation_base@_WV?$string_output_adapter@_W@__crt_stdio_output@@@2@@__crt_stdio_output@@AEAAX_K_N@Z 0000000140018ec0 f i libucrtd:output.obj
 0001:00018000       ??$type_case_integer_parse_into_buffer@_K$0BA@@?$output_processor@DV?$string_output_adapter@D@__crt_stdio_output@@V?$format_validation_base@DV?$string_output_adapter@D@__crt_stdio_output@@@2@@__crt_stdio_output@@AEAAX_K_N@Z 0000000140019000 f i libucrtd:output.obj
 0001:00018140       ??$type_case_integer_parse_into_buffer@_K$0BA@@?$output_processor@_WV?$string_output_adapter@_W@__crt_stdio_output@@V?$format_validation_base@_WV?$string_output_adapter@_W@__crt_stdio_output@@@2@@__crt_stdio_output@@AEAAX_K_N@Z 0000000140019140 f i libucrtd:output.obj
 0001:00018280       ??$write_multiple_characters@V?$string_output_adapter@D@__crt_stdio_output@@D@__crt_stdio_output@@YAXAEBV?$string_output_adapter@D@0@DHQEAHAEAV__crt_cached_ptd_host@@@Z 0000000140019280 f i libucrtd:output.obj
 0001:000182f0       ??$write_multiple_characters@V?$string_output_adapter@_W@__crt_stdio_output@@D@__crt_stdio_output@@YAXAEBV?$string_output_adapter@_W@0@DHQEAHAEAV__crt_cached_ptd_host@@@Z 00000001400192f0 f i libucrtd:output.obj
 0001:00018360       ??0?$c_string_character_source@D@__crt_strtox@@QEAA@QEBDQEAPEBD@Z 0000000140019360 f i libucrtd:output.obj
 0001:00018360       ??0?$c_string_character_source@_W@__crt_strtox@@QEAA@QEB_WQEAPEB_W@Z 0000000140019360 f i libucrtd:output.obj
 0001:000183b0       ??0?$common_data@D@__crt_stdio_output@@IEAA@AEAV__crt_cached_ptd_host@@@Z 00000001400193b0 f i libucrtd:output.obj
 0001:00018470       ??0?$common_data@_W@__crt_stdio_output@@IEAA@AEAV__crt_cached_ptd_host@@@Z 0000000140019470 f i libucrtd:output.obj
 0001:00018530       ??0?$output_adapter_data@DV?$string_output_adapter@D@__crt_stdio_output@@@__crt_stdio_output@@IEAA@AEBV?$string_output_adapter@D@1@_KQEBDAEAV__crt_cached_ptd_host@@QEAD@Z 0000000140019530 f i libucrtd:output.obj
 0001:000185b0       ??0?$output_adapter_data@_WV?$string_output_adapter@_W@__crt_stdio_output@@@__crt_stdio_output@@IEAA@AEBV?$string_output_adapter@_W@1@_KQEB_WAEAV__crt_cached_ptd_host@@QEAD@Z 00000001400195b0 f i libucrtd:output.obj
 0001:00018630       ??0?$output_processor@DV?$string_output_adapter@D@__crt_stdio_output@@V?$format_validation_base@DV?$string_output_adapter@D@__crt_stdio_output@@@2@@__crt_stdio_output@@QEAA@AEBV?$string_output_adapter@D@1@_KQEBDAEAV__crt_cached_ptd_host@@QEAD@Z 0000000140019630 f i libucrtd:output.obj
 0001:00018680       ??0?$output_processor@_WV?$string_output_adapter@_W@__crt_stdio_output@@V?$format_validation_base@_WV?$string_output_adapter@_W@__crt_stdio_output@@@2@@__crt_stdio_output@@QEAA@AEBV?$string_output_adapter@_W@1@_KQEB_WAEAV__crt_cached_ptd_host@@QEAD@Z 0000000140019680 f i libucrtd:output.obj
 0001:000186d0       ??0formatting_buffer@__crt_stdio_output@@QEAA@XZ 00000001400196d0 f i libucrtd:output.obj
 0001:00018710       ??0guard@?$cached@H@__crt_cached_ptd_host@@QEAA@AEAU12@@Z 0000000140019710 f i libucrtd:output.obj
 0001:00018750       ??1?$c_string_character_source@D@__crt_strtox@@QEAA@XZ 0000000140019750 f i libucrtd:output.obj
 0001:00018750       ??1?$c_string_character_source@_W@__crt_strtox@@QEAA@XZ 0000000140019750 f i libucrtd:output.obj
 0001:00018780       ??1?$common_data@D@__crt_stdio_output@@QEAA@XZ 0000000140019780 f i libucrtd:output.obj
 0001:00018780       ??1?$common_data@_W@__crt_stdio_output@@QEAA@XZ 0000000140019780 f i libucrtd:output.obj
[...]
 0002:00012a80       $unwind$_mbtowc_internal   0000000140054a80     libucrtd:mbtowc.obj
 0002:00012a88       $unwind$_VCrtDbgReportA    0000000140054a88     libucrtd:dbgrptt.obj
 0002:00012ac0       $unwind$_VCrtDbgReportW    0000000140054ac0     libucrtd:dbgrptt.obj
 0002:00012af8       $unwind$__acrt_OutputDebugStringA 0000000140054af8     libucrtd:outputdebugstringa.obj
 0002:00012b0c       $unwind$qsort              0000000140054b0c     libucrtd:qsort.obj
 0002:00012b1c       $unwind$?shortsort@@YAXPEAD0_KP6AHPEBX2@Z@Z 0000000140054b1c     libucrtd:qsort.obj
 0002:00012b2c       $stateUnwindMap$?shortsort@@YAXPEAD0_KP6AHPEBX2@Z@Z 0000000140054b2c     libucrtd:qsort.obj
 0002:00012b38       $ip2state$?shortsort@@YAXPEAD0_KP6AHPEBX2@Z@Z 0000000140054b38     libucrtd:qsort.obj
 0002:00012b50       $unwind$strpbrk            0000000140054b50     libucrtd:strpbrk.obj
 0002:00012b58       $unwind$fallbackMethod     0000000140054b58     libucrtd:strpbrk.obj
 0002:00012b68       $unwind$_mbsdec_l          0000000140054b68     libucrtd:mbsdec.obj
 0002:00012b70       $unwind$?__acrt_LCMapStringA_stat@@YAHPEAU__crt_locale_pointers@@PEB_WKPEBDHPEADHHH@Z 0000000140054b70     libucrtd:lcmapstringa.obj
 0002:00012b78       $unwind$??$common_xtox@KD@@YAHKQEAD_KI_N@Z 0000000140054b78     libucrtd:xtoa.obj
 0002:00012b78       $unwind$??$common_xtox@K_W@@YAHKQEA_W_KI_N@Z 0000000140054b78     libucrtd:xtoa.obj
 0002:00012b80       $unwind$?common_flush_all@@YAH_N@Z 0000000140054b80     libucrtd:fflush.obj
 0002:00012b90       $ip2state$?common_flush_all@@YAH_N@Z 0000000140054b90     libucrtd:fflush.obj
 0002:00012b98       $unwind$??$__acrt_lock_stream_and_call@V<lambda_c5860995281e5c4ce005b3de8f5874ee>@@@@YAXQEAU_iobuf@@$$QEAV<lambda_c5860995281e5c4ce005b3de8f5874ee>@@@Z 0000000140054b98     libucrtd:fflush.obj
 0002:00012ba8       $ip2state$??$__acrt_lock_stream_and_call@V<lambda_c5860995281e5c4ce005b3de8f5874ee>@@@@YAXQEAU_iobuf@@$$QEAV<lambda_c5860995281e5c4ce005b3de8f5874ee>@@@Z 0000000140054ba8     libucrtd:fflush.obj
 0002:00012bb0       $unwind$??$__acrt_lock_and_call@V<lambda_ab61a845afdef5b7c387490eaf3616ee>@@@@YAXW4__acrt_lock_id@@$$QEAV<lambda_ab61a845afdef5b7c387490eaf3616ee>@@@Z 0000000140054bb0     libucrtd:fflush.obj
 0002:00012bc0       $ip2state$??$__acrt_lock_and_call@V<lambda_ab61a845afdef5b7c387490eaf3616ee>@@@@YAXW4__acrt_lock_id@@$$QEAV<lambda_ab61a845afdef5b7c387490eaf3616ee>@@@Z 0000000140054bc0     libucrtd:fflush.obj
 0002:00012bc8       $unwind$??$?RV<lambda_842d9ff0dc9ef11c61343bbaebe7f885>@@AEAV<lambda_c5860995281e5c4ce005b3de8f5874ee>@@V<lambda_d90129c13df834fdcbf8d2b88dafcf2d>@@@?$__crt_seh_guarded_call@X@@QEAAX$$QEAV<lambda_842d9ff0dc9ef11c61343bbaebe7f885>@@AEAV<lambda_c5860995281e5c4ce005b3de8f5874ee>@@$$QEAV<lambda_d90129c13df834fdcbf8d2b88dafcf2d>@@@Z 0000000140054bc8     libucrtd:fflush.obj
 0002:00012be8       $unwind$??$?RV<lambda_886d6c58226a84441f68b9f2b8217b83>@@AEAV<lambda_ab61a845afdef5b7c387490eaf3616ee>@@V<lambda_f7f22ab5edc0698d5f6905b0d3f44752>@@@?$__crt_seh_guarded_call@X@@QEAAX$$QEAV<lambda_886d6c58226a84441f68b9f2b8217b83>@@AEAV<lambda_ab61a845afdef5b7c387490eaf3616ee>@@$$QEAV<lambda_f7f22ab5edc0698d5f6905b0d3f44752>@@@Z 0000000140054be8     libucrtd:fflush.obj
 0002:00012c08       $unwind$__acrt_fltout      0000000140054c08     libucrtd:cfout.obj
 0002:00012c10       $unwind$?make_big_integer@__crt_strtox@@YA?AUbig_integer@1@_K@Z 0000000140054c10     libucrtd:cfout.obj
 0002:00012c20       $unwind$?make_big_integer_power_of_two@__crt_strtox@@YA?AUbig_integer@1@I@Z 0000000140054c20     libucrtd:cfout.obj
 0002:00012c30       $unwind$?shift_left@__crt_strtox@@YA_NAEAUbig_integer@1@I@Z 0000000140054c30     libucrtd:cfout.obj
 0002:00012c40       $unwind$?add_multiply_carry@__crt_strtox@@YAIAEAIIII@Z 0000000140054c40     libucrtd:cfout.obj
 0002:00012c48       $unwind$?multiply@__crt_strtox@@YA_NAEAUbig_integer@1@I@Z 0000000140054c48     libucrtd:cfout.obj
 0002:00012c58       $unwind$?multiply@__crt_strtox@@YA_NAEAUbig_integer@1@AEBU21@@Z 0000000140054c58     libucrtd:cfout.obj
 0002:00012c68       $unwind$?multiply_by_power_of_ten@__crt_strtox@@YA_NAEAUbig_integer@1@I@Z 0000000140054c68     libucrtd:cfout.obj
 0002:00012c78       $unwind$?divide@__crt_strtox@@YA_KAEAUbig_integer@1@AEBU21@@Z 0000000140054c78     libucrtd:cfout.obj
 0002:00012c88       $unwind$??0fp_control_word_guard@?A0x71ca7cfb@@QEAA@II@Z 0000000140054c88     libucrtd:cfout.obj
 0002:00012c90       $unwind$??$convert_to_fos_high_precision@N@@YA?AW4__acrt_has_trailing_digits@@NIW4__acrt_precision_style@@QEAHQEAD_K@Z 0000000140054c90     libucrtd:cfout.obj
 0002:00012ca0       $unwind$?__c32rtomb_utf8@__crt_mbstring@@YA_KPEAD_UPEAU_Mbstatet@@AEAV__crt_cached_ptd_host@@@Z 0000000140054ca0     libucrtd:c32rtomb.obj
 0002:00012ca8       $unwind$_fcloseall         0000000140054ca8     libucrtd:closeall.obj
 0002:00012cc8       $unwind$?_mbstowcs_l_helper@@YA_KPEA_WPEBD_KAEAV__crt_cached_ptd_host@@@Z 0000000140054cc8     libucrtd:mbstowcs.obj
 0002:00012ce0       $ip2state$?_mbstowcs_l_helper@@YA_KPEA_WPEBD_KAEAV__crt_cached_ptd_host@@@Z 0000000140054ce0     libucrtd:mbstowcs.obj
 0002:00012ce8       $unwind$?_wcstombs_l_helper@@YA_KPEADPEB_W_KAEAV__crt_cached_ptd_host@@@Z 0000000140054ce8     libucrtd:wcstombs.obj
 0002:00012cfc       $unwind$??$__acrt_lowio_lock_fh_and_call@V<lambda_3e4146214822e0ea86c47ff907aef2ff>@@@@YAHH$$QEAV<lambda_3e4146214822e0ea86c47ff907aef2ff>@@@Z 0000000140054cfc     libucrtd:commit.obj
 0002:00012d10       $ip2state$??$__acrt_lowio_lock_fh_and_call@V<lambda_3e4146214822e0ea86c47ff907aef2ff>@@@@YAHH$$QEAV<lambda_3e4146214822e0ea86c47ff907aef2ff>@@@Z 0000000140054d10     libucrtd:commit.obj
 0002:00012d18       $unwind$??$?RV<lambda_7d29013d608e9f25a034de83c9b9e983>@@AEAV<lambda_3e4146214822e0ea86c47ff907aef2ff>@@V<lambda_b869e5a4e1069fcb5c3da79c0d999133>@@@?$__crt_seh_guarded_call@H@@QEAAH$$QEAV<lambda_7d29013d608e9f25a034de83c9b9e983>@@AEAV<lambda_3e4146214822e0ea86c47ff907aef2ff>@@$$QEAV<lambda_b869e5a4e1069fcb5c3da79c0d999133>@@@Z 0000000140054d18     libucrtd:commit.obj
 0002:00012d38       $unwind$_write_nolock      0000000140054d38     libucrtd:write.obj
 0002:00012d4c       $unwind$_write_internal    0000000140054d4c     libucrtd:write.obj
 0002:00012d6c       $unwind$?write_double_translated_ansi_nolock@@YA?AUwrite_result@?A0x17268360@@HQEBDIAEAV__crt_cached_ptd_host@@@Z 0000000140054d6c     libucrtd:write.obj
 0002:00012d88       $ip2state$?write_double_translated_ansi_nolock@@YA?AUwrite_result@?A0x17268360@@HQEBDIAEAV__crt_cached_ptd_host@@@Z 0000000140054d88     libucrtd:write.obj
 0002:00012d90       $unwind$?write_double_translated_unicode_nolock@@YA?AUwrite_result@?A0x17268360@@QEBDI@Z 0000000140054d90     libucrtd:write.obj
 0002:00012da4       $unwind$?write_text_ansi_nolock@@YA?AUwrite_result@?A0x17268360@@HQEBDI@Z 0000000140054da4     libucrtd:write.obj
 0002:00012da4       $unwind$?write_text_utf16le_nolock@@YA?AUwrite_result@?A0x17268360@@HQEBDI@Z 0000000140054da4     libucrtd:write.obj
 0002:00012db8       $unwind$?write_text_utf8_nolock@@YA?AUwrite_result@?A0x17268360@@HQEBDI@Z 0000000140054db8     libucrtd:write.obj
 0002:00012dcc       $unwind$?write_binary_nolock@@YA?AUwrite_result@?A0x17268360@@HQEBDI@Z 0000000140054dcc     libucrtd:write.obj
 0002:00012de0       $xdatasym                  0000000140054de0     libucrtd:log10.obj
 0002:00012dec       $unwind$ceil               0000000140054dec     libucrtd:ceil.obj
 0002:00012df4       $unwind$?return_illegal_sequence@__crt_mbstring@@YA_KPEAU_Mbstatet@@AEAV__crt_cached_ptd_host@@@Z 0000000140054df4     libucrtd:common_utf8.obj
 0002:00012dfc       $unwind$?reset_and_return@__crt_mbstring@@YA_K_KPEAU_Mbstatet@@@Z 0000000140054dfc     libucrtd:common_utf8.obj
 0002:00012e04       $unwind$?__mbrtoc32_utf8@__crt_mbstring@@YA_KPEA_UPEBD_KPEAU_Mbstatet@@AEAV__crt_cached_ptd_host@@@Z 0000000140054e04     libucrtd:mbrtoc32.obj
 0002:00012e14       $unwind$?_fclose_internal@@YAHQEAU_iobuf@@AEAV__crt_cached_ptd_host@@@Z 0000000140054e14     libucrtd:fclose.obj
 0002:00012e34       $unwind$?__wcsrtombs_utf8@__crt_mbstring@@YA_KPEADPEAPEB_W_KPEAU_Mbstatet@@AEAV__crt_cached_ptd_host@@@Z 0000000140054e34     libucrtd:wcrtomb.obj
 0002:00012e44       $unwind$__acrt_initialize_fma3 0000000140054e44     libucrtd:fma3_available.obj
 0002:00012e54       $unwind$_log_special_common 0000000140054e54     libucrtd:log_special.obj
 0002:00012e64       $unwind$_log10_special     0000000140054e64     libucrtd:log_special.obj
 0002:00012e6c       $unwind$_handle_error      0000000140054e6c     libucrtd:libm_error.obj
 0002:00012e7c       $unwind$common_control87   0000000140054e7c     libucrtd:ieee.obj
 0002:00012e9c       $unwind$??$__acrt_lowio_lock_fh_and_call@V<lambda_af29824b49a67d335554598d6cad2be6>@@@@YAHH$$QEAV<lambda_af29824b49a67d335554598d6cad2be6>@@@Z 0000000140054e9c     libucrtd:close.obj
 0002:00012eb0       $ip2state$??$__acrt_lowio_lock_fh_and_call@V<lambda_af29824b49a67d335554598d6cad2be6>@@@@YAHH$$QEAV<lambda_af29824b49a67d335554598d6cad2be6>@@@Z 0000000140054eb0     libucrtd:close.obj
 0002:00012eb8       $unwind$??$?RV<lambda_19eaff14c5fe7be5b1b106a862eb1091>@@AEAV<lambda_af29824b49a67d335554598d6cad2be6>@@V<lambda_3ce37f5b621ab310299ea5f68cbdf3bb>@@@?$__crt_seh_guarded_call@H@@QEAAH$$QEAV<lambda_19eaff14c5fe7be5b1b106a862eb1091>@@AEAV<lambda_af29824b49a67d335554598d6cad2be6>@@$$QEAV<lambda_3ce37f5b621ab310299ea5f68cbdf3bb>@@@Z 0000000140054eb8     libucrtd:close.obj
 0002:00012ed8       $unwind$?__c16rtomb_utf8@__crt_mbstring@@YA_KPEAD_SPEAU_Mbstatet@@AEAV__crt_cached_ptd_host@@@Z 0000000140054ed8     libucrtd:c16rtomb.obj
 0002:00012ee0       $unwind$??$console_output_reopen_and_retry@V<lambda_61c1b8a38cedca4df5fdc542e6ccae6d>@@@@YAHAEBV<lambda_61c1b8a38cedca4df5fdc542e6ccae6d>@@@Z 0000000140054ee0     libucrtd:initcon.obj
 0002:00012ef0       $ip2state$??$console_output_reopen_and_retry@V<lambda_61c1b8a38cedca4df5fdc542e6ccae6d>@@@@YAHAEBV<lambda_61c1b8a38cedca4df5fdc542e6ccae6d>@@@Z 0000000140054ef0     libucrtd:initcon.obj
 0002:00012ef8       $unwind$_ctrlfp            0000000140054ef8     libucrtd:fpctrl.obj
 0002:00012f18       $xdatasym                  0000000140054f18     libucrtd:fpsr.obj
 0002:00012f20       $unwind$_IsNonwritableInCurrentImage 0000000140054f20     LIBCMTD:pesect.obj
 0002:00013580       .idata$6                   0000000140055580     user32:USER32.dll
 0002:000135b6       .idata$6                   00000001400555b6     gdi32:GDI32.dll
 0002:000135d2       .idata$6                   00000001400555d2     winmm:WINMM.dll
 0002:0001388a       .idata$6                   000000014005588a     kernel32:KERNEL32.dll
 0003:00000000       ?GlobalWindowPosition@@3UtagWINDOWPLACEMENT@@A 0000000140056000     win32_handmade.obj
 0003:00000030       ?XInputGetState_@@3P6AKKPEAU_XINPUT_STATE@@@ZEA 0000000140056030     win32_handmade.obj
 0003:00000038       ?XInputSetState_@@3P6AKKPEAU_XINPUT_VIBRATION@@@ZEA 0000000140056038     win32_handmade.obj
 0003:000000b0       ?__vcrt_flsindex@@3KA      00000001400560b0     libvcruntimed:per_thread_data.obj
 0003:000000c0       ?__acrt_current_request_number@@3JA 00000001400560c0     libucrtd:debug_heap.obj
 0003:000000e0       ?__acrt_flsindex@@3KA      00000001400560e0     libucrtd:per_thread_data.obj
 0003:000000e4       ?errno_no_memory@@3HA      00000001400560e4     libucrtd:errno.obj
 0003:000000e8       ?doserrno_no_memory@@3KA   00000001400560e8     libucrtd:errno.obj
 0003:00000320       _mbctypes                  0000000140056320     libucrtd:mbctype.obj
 0003:00000430       _mbcasemaps                0000000140056430     libucrtd:mbctype.obj
 0003:00000530       ?__rgctypeflag@@3PADA      0000000140056530     libucrtd:mbctype.obj
 0003:00000540       ?__rgcode_page_info@@3PAUcode_page_info@@A 0000000140056540     libucrtd:mbctype.obj
 0003:00000850       ?__acrt_debug_fill_threshold@@3_KA 0000000140056850     libucrtd:debug_fill_threshold.obj
 0003:00000aa0       ?dazSupported@?1??common_control87@@9@9 0000000140056aa0     libucrtd:ieee.obj
 0003:00000aa8       ?__dcrt_lowio_console_output_handle@@3PEAXEA 0000000140056aa8     libucrtd:initcon.obj
 0003:00000ab0       ?dazSupported@?1??_ctrlfp@@9@9 0000000140056ab0     libucrtd:fpctrl.obj
 0003:00000b30       ?GlobalRunning@@3HA        0000000140056b30     win32_handmade.obj
 0003:00000b34       ?GlobalPause@@3HA          0000000140056b34     win32_handmade.obj
 0003:00000b38       ?DEBUGGlobalShowCursor@@3HA 0000000140056b38     win32_handmade.obj
 0003:00000b40       ?GlobalBackbuffer@@3Uwin32_offscreen_buffer@@A 0000000140056b40     win32_handmade.obj
 0003:00000b88       ?GlobalSecondaryBuffer@@3PEAUIDirectSoundBuffer@@EA 0000000140056b88     win32_handmade.obj
 0003:00000b90       ?GlobalPerfCountFrequency@@3_JA 0000000140056b90     win32_handmade.obj
 0003:00000ba0       GS_ExceptionRecord         0000000140056ba0     LIBCMTD:gs_report.obj
 0003:00000c40       GS_ContextRecord           0000000140056c40     LIBCMTD:gs_report.obj
 0003:00001120       ?is_initialized_as_dll@@3_NA 0000000140057120     LIBCMTD:utility.obj
 0003:00001121       ?module_local_atexit_table_initialized@@3_NA 0000000140057121     LIBCMTD:utility.obj
 0003:00001128       ?module_local_atexit_table@@3U_onexit_table_t@@A 0000000140057128     LIBCMTD:utility.obj
 0003:00001140       ?module_local_at_quick_exit_table@@3U_onexit_table_t@@A 0000000140057140     LIBCMTD:utility.obj
 0003:00001190       ?__vcrt_startup_thread_ptd@@3U__vcrt_ptd@@A 0000000140057190     libvcruntimed:per_thread_data.obj
 0003:00001210       __vcrt_lock_table          0000000140057210     libvcruntimed:locks.obj
 0003:00001238       __vcrt_locks_initialized   0000000140057238     libvcruntimed:locks.obj
 0003:00001280       ?heap@@3V_HeapManager@@A   0000000140057280     libvcruntimed:undname.obj
 0003:000012a8       ?module_handles@@3PAPEAUHINSTANCE__@@A 00000001400572a8     libvcruntimed:winapi_downlevel.obj
 0003:000012c0       ?function_pointers@@3PAPEAXA 00000001400572c0     libvcruntimed:winapi_downlevel.obj
 0003:000012f0       ?__acrt_app_type@@3W4_crt_app_type@@A 00000001400572f0     libucrtd:report_runtime_error.obj
 0003:00001300       ?outmsg@?9??__acrt_report_runtime_error@@9@4PA_WA 0000000140057300     libucrtd:report_runtime_error.obj
 0003:00001928       ?user_matherr@@3V?$dual_state_global@P6AHPEAU_exception@@@Z@__crt_state_management@@A 0000000140057928     libucrtd:matherr.obj
 0003:00001930       ?program_name@?1???$common_configure_argv@D@@YAHW4_crt_argv_mode@@@Z@4PADA 0000000140057930     libucrtd:argv_parsing.obj
 0003:00001a58       ?empty_string@?1???$common_wincmdln@E@@YAPEAEXZ@4PAEA 0000000140057a58     libucrtd:argv_winmain.obj
 0003:00001a5c       ?c_termination_complete@@3JA 0000000140057a5c     libucrtd:exit.obj
 0003:00001a60       ?thread_local_exit_callback_func@@3P6AXPEAXK0@ZEA 0000000140057a60     libucrtd:exit.obj
 0003:00001a68       ?c_exit_complete@?1???R<lambda_6e4b09c48022b2350581041d5f6b0c4c>@@QEBA@XZ@4_NA 0000000140057a68     libucrtd:exit.obj
 0003:00001a70       ?__acrt_global_new_mode@@3V?$dual_state_global@J@__crt_state_management@@A 0000000140057a70     libucrtd:new_mode.obj
 0003:00001aa8       ?__acrt_first_block@@3PEAU_CrtMemBlockHeader@@EA 0000000140057aa8     libucrtd:debug_heap.obj
 0003:00001ab0       ?__acrt_last_block@@3PEAU_CrtMemBlockHeader@@EA 0000000140057ab0     libucrtd:debug_heap.obj
 0003:00001ab8       ?__acrt_total_allocations@@3_KA 0000000140057ab8     libucrtd:debug_heap.obj
 0003:00001ac0       ?__acrt_current_allocations@@3_KA 0000000140057ac0     libucrtd:debug_heap.obj
 0003:00001ac8       ?__acrt_max_allocations@@3_KA 0000000140057ac8     libucrtd:debug_heap.obj
 0003:00001ad0       ?__acrt_check_frequency@@3IA 0000000140057ad0     libucrtd:debug_heap.obj
 0003:00001ad4       ?__acrt_check_counter@@3IA 0000000140057ad4     libucrtd:debug_heap.obj
 0003:00001ae0       ?heap_validation_pending@@3_NA 0000000140057ae0     libucrtd:debug_heap.obj
 0003:00001ae8       ?__acrt_invalid_parameter_handler@@3V?$dual_state_global@P6AXPEB_W00I_K@Z@__crt_state_management@@A 0000000140057ae8     libucrtd:invalid_parameter.obj
 0003:00001af0       __acrt_error_mode          0000000140057af0     libucrtd:set_error_mode.obj
 0003:00001b10       ?fSystemSet@@3HA           0000000140057b10     libucrtd:mbctype.obj
 0003:00001b14       ?initialized@?1??__acrt_initialize_multibyte@@9@4_NA 0000000140057b14     libucrtd:mbctype.obj
 0003:00001b50       ?__acrt_lock_table@@3PAU_RTL_CRITICAL_SECTION@@A 0000000140057b50     libucrtd:locks.obj
 0003:00001d80       ?__acrt_locks_initialized@@3IA 0000000140057d80     libucrtd:locks.obj
 0003:00001d84       ?state_cache@?1???$get_cached_win_policy@Udeveloper_information_policy_properties@?1??__acrt_get_developer_information_policy@@YA?AW4developer_information_policy@@XZ@@@YA?AW4developer_information_policy@@W4AppPolicyShowDeveloperDiagnostic@@@Z@4JA 0000000140057d84     libucrtd:win_policies.obj
 0003:00001d88       ?state_cache@?1???$get_cached_win_policy@Uwindowing_model_policy_properties@?1??__acrt_get_windowing_model_policy@@YA?AW4windowing_model_policy@@XZ@@@YA?AW4windowing_model_policy@@W4AppPolicyWindowingModel@@@Z@4JA 0000000140057d88     libucrtd:win_policies.obj
 0003:000021a0       ?module_handles@@3PAPEAUHINSTANCE__@@A 00000001400581a0     libucrtd:winapi_thunks.obj
 0003:00002250       ?encoded_function_pointers@@3PAPEAXA 0000000140058250     libucrtd:winapi_thunks.obj
 0003:00002358       ?__acrt_new_handler@@3V?$dual_state_global@P6AH_K@Z@__crt_state_management@@A 0000000140058358     libucrtd:new_handler.obj
 0003:00002360       ?ctrlc_action@@3V?$dual_state_global@P6AXH@Z@__crt_state_management@@A 0000000140058360     libucrtd:signal.obj
 0003:00002368       ?ctrlbreak_action@@3V?$dual_state_global@P6AXH@Z@__crt_state_management@@A 0000000140058368     libucrtd:signal.obj
 0003:00002370       ?abort_action@@3V?$dual_state_global@P6AXH@Z@__crt_state_management@@A 0000000140058370     libucrtd:signal.obj
 0003:00002378       ?term_action@@3V?$dual_state_global@P6AXH@Z@__crt_state_management@@A 0000000140058378     libucrtd:signal.obj
 0003:00002390       ?internal_state@?1??_mbtowc_internal@@9@4U_Mbstatet@@A 0000000140058390     libucrtd:mbtowc.obj
 0003:000023a8       ?enable_percent_n@@3_KA    00000001400583a8     libucrtd:printf_count_output.obj
 0003:000023c8       ?internal_pst@?1??__mbrtoc32_utf8@__crt_mbstring@@YA_KPEA_UPEBD_KPEAU_Mbstatet@@AEAV__crt_cached_ptd_host@@@Z@4U3@A 00000001400583c8     libucrtd:mbrtoc32.obj
 0003:000023d8       ?internal_pst@?1??__c16rtomb_utf8@__crt_mbstring@@YA_KPEAD_SPEAU_Mbstatet@@AEAV__crt_cached_ptd_host@@@Z@4U3@A 00000001400583d8     libucrtd:c16rtomb.obj
 0005:00000000       MoveSmall                  000000014005d000     libvcruntimed:memcpy_avx_ermsb_aligned.obj
 0005:00000040       MoveSmallYmm               000000014005d040     libvcruntimed:memcpy_avx_ermsb_aligned.obj
 0005:00000064       MoveSmallYmmNT             000000014005d064     libvcruntimed:memcpy_avx_ermsb_aligned.obj
 0005:00000090       MoveSmall                  000000014005d090     libvcruntimed:memcpy_avx_ermsb_aligned_amd.obj
 0005:000000d0       MoveSmallYmm               000000014005d0d0     libvcruntimed:memcpy_avx_ermsb_aligned_amd.obj
 0005:000000f4       MoveSmallYmmNT             000000014005d0f4     libvcruntimed:memcpy_avx_ermsb_aligned_amd.obj
 0005:00000120       MoveSmall                  000000014005d120     libvcruntimed:memcpy_sse2_ermsb_aligned.obj
 0005:00000160       MoveSmallXmm               000000014005d160     libvcruntimed:memcpy_sse2_ermsb_aligned.obj
 0005:00000190       MoveSmall                  000000014005d190     libvcruntimed:memcpy_sse2_ermsb_aligned_amd.obj
 0005:000001d0       MoveSmallXmm               000000014005d1d0     libvcruntimed:memcpy_sse2_ermsb_aligned_amd.obj
